../Core/Src/bsp.c:29:6:BSP_Init	8	static
../Core/Src/bsp.c:50:6:HAL_TIM_PeriodElapsedCallback	16	static
../Core/Src/bsp.c:88:6:BSP_Delay	16	static
../Core/Src/bsp.c:92:6:BSP_LCD_Temperature	16	static
../Core/Src/bsp.c:97:6:BSP_LCD_Humidity	16	static
../Core/Src/bsp.c:102:10:BSP_Get_percentageHS	32	static
../Core/Src/bsp.c:115:6:BSP_Detect_Movement	8	static
../Core/Src/bsp.c:146:6:BSP_CoverFromTemperature	16	static
../Core/Src/bsp.c:176:6:BSP_Show_SoilHumidity	8	static
../Core/Src/bsp.c:190:6:BSP_Irrigation	16	static
../Core/Src/bsp.c:215:6:BSP_Keypad	32	static
../Core/Src/bsp.c:404:6:SystemClock_Config	112	static
../Core/Src/bsp.c:457:13:MX_ADC1_Init	24	static
../Core/Src/bsp.c:507:13:MX_I2C1_Init	8	static
../Core/Src/bsp.c:541:13:MX_RTC_Init	72	static
../Core/Src/bsp.c:621:13:MX_TIM2_Init	64	static
../Core/Src/bsp.c:680:13:MX_TIM3_Init	32	static
../Core/Src/bsp.c:723:13:MX_DMA_Init	16	static
../Core/Src/bsp.c:741:13:MX_GPIO_Init	56	static
../Core/Src/bsp.c:830:6:Error_Handler	4	static
../Core/Src/bsp.c:882:6:BSP_Output_Init	40	static
../Core/Src/bsp.c:915:6:BSP_Output_Toggle	24	static
../Core/Src/bsp.c:920:6:BSP_Output_On	24	static
../Core/Src/bsp.c:925:6:BSP_Output_Off	24	static
