../Core/Src/bsp.c:31:6:BSP_Init	8	static
../Core/Src/bsp.c:52:6:HAL_TIM_PeriodElapsedCallback	16	static
../Core/Src/bsp.c:90:6:BSP_Delay	16	static
../Core/Src/bsp.c:94:6:BSP_LCD_Temperature	16	static
../Core/Src/bsp.c:99:6:BSP_LCD_Humidity	16	static
../Core/Src/bsp.c:104:10:BSP_Get_percentageHS	32	static
../Core/Src/bsp.c:117:6:BSP_Detect_Movement	8	static
../Core/Src/bsp.c:148:6:BSP_CoverFromTemperature	16	static
../Core/Src/bsp.c:178:10:BSP_SoilHumidity	8	static
../Core/Src/bsp.c:188:6:BSP_Irrigation	16	static
../Core/Src/bsp.c:213:6:BSP_Keypad	32	static
../Core/Src/bsp.c:402:6:SystemClock_Config	112	static
../Core/Src/bsp.c:455:13:MX_ADC1_Init	24	static
../Core/Src/bsp.c:505:13:MX_I2C1_Init	8	static
../Core/Src/bsp.c:539:13:MX_RTC_Init	72	static
../Core/Src/bsp.c:619:13:MX_TIM2_Init	64	static
../Core/Src/bsp.c:678:13:MX_TIM3_Init	32	static
../Core/Src/bsp.c:721:13:MX_DMA_Init	16	static
../Core/Src/bsp.c:739:13:MX_GPIO_Init	56	static
../Core/Src/bsp.c:828:6:Error_Handler	4	static
../Core/Src/bsp.c:880:6:BSP_Output_Init	40	static
../Core/Src/bsp.c:913:6:BSP_Output_Toggle	24	static
../Core/Src/bsp.c:918:6:BSP_Output_On	24	static
../Core/Src/bsp.c:923:6:BSP_Output_Off	24	static
