../Core/Src/bsp.c:31:6:ADC_Select_CH1	24	static
../Core/Src/bsp.c:44:6:ADC_Select_CH3	24	static
../Core/Src/bsp.c:56:6:ADC_Select_CH4	24	static
../Core/Src/bsp.c:69:6:BSP_Init	8	static
../Core/Src/bsp.c:85:6:BSP_Delay	16	static
../Core/Src/bsp.c:89:6:BSP_LCD_Temperature	16	static
../Core/Src/bsp.c:94:6:BSP_LCD_Humidity	16	static
../Core/Src/bsp.c:99:6:BSP_LCD_SoilHumidity	16	static
../Core/Src/bsp.c:105:9:BSP_Get_percentageHS	32	static
../Core/Src/bsp.c:148:9:BSP_SoilHumidity	16	static
../Core/Src/bsp.c:176:6:BSP_TurnOn_Valve	8	static
../Core/Src/bsp.c:182:6:BSP_TurnOff_Valve	8	static
../Core/Src/bsp.c:190:6:SystemClock_Config	112	static
../Core/Src/bsp.c:243:13:MX_ADC1_Init	24	static
../Core/Src/bsp.c:311:13:MX_I2C1_Init	8	static
../Core/Src/bsp.c:345:13:MX_GPIO_Init	56	static
../Core/Src/bsp.c:444:6:Error_Handler	4	static
