../Core/Src/bsp.c:32:6:BSP_Init	8	static
../Core/Src/bsp.c:53:6:HAL_TIM_PeriodElapsedCallback	16	static
../Core/Src/bsp.c:91:6:BSP_Delay	16	static
../Core/Src/bsp.c:95:6:BSP_LCD_Temperature	16	static
../Core/Src/bsp.c:100:6:BSP_LCD_Humidity	16	static
../Core/Src/bsp.c:105:6:BSP_LCD_SoilHumidity	16	static
../Core/Src/bsp.c:111:10:BSP_Get_percentageHS	32	static
../Core/Src/bsp.c:124:6:BSP_Detect_Movement	8	static
../Core/Src/bsp.c:155:6:BSP_CoverFromTemperature	16	static
../Core/Src/bsp.c:185:10:BSP_SoilHumidity	8	static
../Core/Src/bsp.c:195:6:BSP_Irrigation	16	static
../Core/Src/bsp.c:220:6:BSP_Keypad	32	static
../Core/Src/bsp.c:409:6:SystemClock_Config	112	static
../Core/Src/bsp.c:462:13:MX_ADC1_Init	24	static
../Core/Src/bsp.c:512:13:MX_I2C1_Init	8	static
../Core/Src/bsp.c:546:13:MX_RTC_Init	72	static
../Core/Src/bsp.c:626:13:MX_TIM2_Init	64	static
../Core/Src/bsp.c:685:13:MX_TIM3_Init	32	static
../Core/Src/bsp.c:728:13:MX_DMA_Init	16	static
../Core/Src/bsp.c:746:13:MX_GPIO_Init	56	static
../Core/Src/bsp.c:835:6:Error_Handler	4	static
../Core/Src/bsp.c:887:6:BSP_Output_Init	40	static
../Core/Src/bsp.c:920:6:BSP_Output_Toggle	24	static
../Core/Src/bsp.c:925:6:BSP_Output_On	24	static
../Core/Src/bsp.c:930:6:BSP_Output_Off	24	static
