../Core/Src/bsp.c:31:6:BSP_Init	8	static
../Core/Src/bsp.c:52:6:HAL_TIM_PeriodElapsedCallback	16	static
../Core/Src/bsp.c:90:6:BSP_Delay	16	static
../Core/Src/bsp.c:94:6:BSP_LCD_Temperature	16	static
../Core/Src/bsp.c:99:6:BSP_LCD_Humidity	16	static
../Core/Src/bsp.c:104:6:BSP_LCD_SoilHumidity	16	static
../Core/Src/bsp.c:110:10:BSP_Get_percentageHS	32	static
../Core/Src/bsp.c:123:6:BSP_Detect_Movement	8	static
../Core/Src/bsp.c:154:6:BSP_CoverFromTemperature	16	static
../Core/Src/bsp.c:184:10:BSP_SoilHumidity	8	static
../Core/Src/bsp.c:194:6:BSP_Irrigation	16	static
../Core/Src/bsp.c:219:6:BSP_Keypad	32	static
../Core/Src/bsp.c:408:6:SystemClock_Config	112	static
../Core/Src/bsp.c:461:13:MX_ADC1_Init	24	static
../Core/Src/bsp.c:511:13:MX_I2C1_Init	8	static
../Core/Src/bsp.c:545:13:MX_RTC_Init	72	static
../Core/Src/bsp.c:625:13:MX_TIM2_Init	64	static
../Core/Src/bsp.c:684:13:MX_TIM3_Init	32	static
../Core/Src/bsp.c:727:13:MX_DMA_Init	16	static
../Core/Src/bsp.c:745:13:MX_GPIO_Init	56	static
../Core/Src/bsp.c:834:6:Error_Handler	4	static
../Core/Src/bsp.c:886:6:BSP_Output_Init	40	static
../Core/Src/bsp.c:919:6:BSP_Output_Toggle	24	static
../Core/Src/bsp.c:924:6:BSP_Output_On	24	static
../Core/Src/bsp.c:929:6:BSP_Output_Off	24	static
