../Core/Inc/lcd_userConf.h:21:13:hi2cx_define	8	static
../Core/Src/lcd_i2cModule.c:73:6:LCD_i2cDeviceCheck	8	static
../Core/Src/lcd_i2cModule.c:89:6:LCD_Set_Command	24	static
../Core/Src/lcd_i2cModule.c:111:6:LCD_Write_Data	24	static
../Core/Src/lcd_i2cModule.c:133:6:LCD_Clear	8	static
../Core/Src/lcd_i2cModule.c:146:6:LCD_SetCursor	16	static
../Core/Src/lcd_i2cModule.c:161:6:LCD_Send_String	24	static
../Core/Src/lcd_i2cModule.c:222:6:LCD_Print	120	static
../Core/Src/lcd_i2cModule.c:235:6:LCD_BackLight	16	static
../Core/Src/lcd_i2cModule.c:253:6:LCD_Init	8	static
