../Core/Src/main.c:47:5:main	128	static
../Core/Src/main.c:112:6:KeypadTask	24	static
../Core/Src/main.c:133:6:SensorsTask	40	static
../Core/Src/main.c:157:6:UserInterfaceTask	48	static
../Core/Src/main.c:378:6:AutomaticControlTask	16	static
../Core/Src/main.c:417:6:APP_Timer10ms	4	static
../Core/Src/main.c:420:6:APP_Timer100ms	4	static
../Core/Src/main.c:423:6:APP_Timer1000ms	4	static
../Core/Src/main.c:426:6:APP_Timer10s	4	static
../Core/Src/main.c:429:6:APP_Show_SystemIntro	8	static
../Core/Src/main.c:440:6:APP_Show_Movement	8	static
../Core/Src/main.c:444:6:APP_CoverFromTemperature	16	static
../Core/Src/main.c:448:10:APP_SoilHumidity	16	static
../Core/Src/main.c:454:6:APP_Irrigation	16	static
