../Core/Src/main.c:91:5:main	160	static
../Core/Src/main.c:213:6:StartDefaultTask	16	static
../Core/Src/main.c:226:6:StartTask1	16	static
../Core/Src/main.c:237:6:StartTask2	16	static
../Core/Src/main.c:245:6:StartTask3	24	static
../Core/Src/main.c:258:6:StartTask4	32	static
../Core/Src/main.c:279:6:APP_Timer10ms	4	static
../Core/Src/main.c:282:6:APP_Timer100ms	4	static
../Core/Src/main.c:285:6:APP_Timer1000ms	4	static
../Core/Src/main.c:288:6:APP_Timer10s	4	static
../Core/Src/main.c:291:6:APP_Show_SystemIntro	8	static
../Core/Src/main.c:301:6:APP_Keypad	24	static
../Core/Src/main.c:305:6:APP_Show_DHT22	8	static
../Core/Src/main.c:312:6:APP_Show_Movement	8	static
../Core/Src/main.c:316:6:APP_CoverFromTemperature	16	static
../Core/Src/main.c:320:6:APP_Show_SoilHumidity	8	static
../Core/Src/main.c:324:6:APP_Irrigation	16	static
