../Core/Src/stm32f4xx_it.c:75:6:NMI_Handler	4	static
../Core/Src/stm32f4xx_it.c:88:6:HardFault_Handler	8	static
../Core/Src/stm32f4xx_it.c:106:6:MemManage_Handler	4	static
../Core/Src/stm32f4xx_it.c:121:6:BusFault_Handler	4	static
../Core/Src/stm32f4xx_it.c:136:6:UsageFault_Handler	4	static
../Core/Src/stm32f4xx_it.c:151:6:DebugMon_Handler	4	static
../Core/Src/stm32f4xx_it.c:171:6:RTC_Alarm_IRQHandler	8	static
../Core/Src/stm32f4xx_it.c:185:6:TIM5_IRQHandler	8	static
../Core/Src/stm32f4xx_it.c:199:6:DMA2_Stream0_IRQHandler	8	static
