Archive member included to satisfy reference by file (symbol)

c:/st/stm32cubeide_1.9.0/stm32cubeide/plugins/com.st.stm32cube.ide.mcu.externaltools.gnu-tools-for-stm32.10.3-2021.10.win32_1.0.0.202111181127/tools/bin/../lib/gcc/arm-none-eabi/10.3.1/../../../../arm-none-eabi/lib/thumb/v7e-m+fp/hard\libc_nano.a(lib_a-errno.o)
                              ./Core/Src/syscalls.o (__errno)
c:/st/stm32cubeide_1.9.0/stm32cubeide/plugins/com.st.stm32cube.ide.mcu.externaltools.gnu-tools-for-stm32.10.3-2021.10.win32_1.0.0.202111181127/tools/bin/../lib/gcc/arm-none-eabi/10.3.1/../../../../arm-none-eabi/lib/thumb/v7e-m+fp/hard\libc_nano.a(lib_a-exit.o)
                              c:/st/stm32cubeide_1.9.0/stm32cubeide/plugins/com.st.stm32cube.ide.mcu.externaltools.gnu-tools-for-stm32.10.3-2021.10.win32_1.0.0.202111181127/tools/bin/../lib/gcc/arm-none-eabi/10.3.1/../../../../arm-none-eabi/lib/thumb/v7e-m+fp/hard/crt0.o (exit)
c:/st/stm32cubeide_1.9.0/stm32cubeide/plugins/com.st.stm32cube.ide.mcu.externaltools.gnu-tools-for-stm32.10.3-2021.10.win32_1.0.0.202111181127/tools/bin/../lib/gcc/arm-none-eabi/10.3.1/../../../../arm-none-eabi/lib/thumb/v7e-m+fp/hard\libc_nano.a(lib_a-impure.o)
                              c:/st/stm32cubeide_1.9.0/stm32cubeide/plugins/com.st.stm32cube.ide.mcu.externaltools.gnu-tools-for-stm32.10.3-2021.10.win32_1.0.0.202111181127/tools/bin/../lib/gcc/arm-none-eabi/10.3.1/../../../../arm-none-eabi/lib/thumb/v7e-m+fp/hard\libc_nano.a(lib_a-exit.o) (_global_impure_ptr)
c:/st/stm32cubeide_1.9.0/stm32cubeide/plugins/com.st.stm32cube.ide.mcu.externaltools.gnu-tools-for-stm32.10.3-2021.10.win32_1.0.0.202111181127/tools/bin/../lib/gcc/arm-none-eabi/10.3.1/../../../../arm-none-eabi/lib/thumb/v7e-m+fp/hard\libc_nano.a(lib_a-init.o)
                              c:/st/stm32cubeide_1.9.0/stm32cubeide/plugins/com.st.stm32cube.ide.mcu.externaltools.gnu-tools-for-stm32.10.3-2021.10.win32_1.0.0.202111181127/tools/bin/../lib/gcc/arm-none-eabi/10.3.1/../../../../arm-none-eabi/lib/thumb/v7e-m+fp/hard/crt0.o (__libc_init_array)
c:/st/stm32cubeide_1.9.0/stm32cubeide/plugins/com.st.stm32cube.ide.mcu.externaltools.gnu-tools-for-stm32.10.3-2021.10.win32_1.0.0.202111181127/tools/bin/../lib/gcc/arm-none-eabi/10.3.1/../../../../arm-none-eabi/lib/thumb/v7e-m+fp/hard\libc_nano.a(lib_a-memcpy-stub.o)
                              ./Core/Src/lcd_i2cModule.o (memcpy)
c:/st/stm32cubeide_1.9.0/stm32cubeide/plugins/com.st.stm32cube.ide.mcu.externaltools.gnu-tools-for-stm32.10.3-2021.10.win32_1.0.0.202111181127/tools/bin/../lib/gcc/arm-none-eabi/10.3.1/../../../../arm-none-eabi/lib/thumb/v7e-m+fp/hard\libc_nano.a(lib_a-memset.o)
                              c:/st/stm32cubeide_1.9.0/stm32cubeide/plugins/com.st.stm32cube.ide.mcu.externaltools.gnu-tools-for-stm32.10.3-2021.10.win32_1.0.0.202111181127/tools/bin/../lib/gcc/arm-none-eabi/10.3.1/../../../../arm-none-eabi/lib/thumb/v7e-m+fp/hard/crt0.o (memset)
c:/st/stm32cubeide_1.9.0/stm32cubeide/plugins/com.st.stm32cube.ide.mcu.externaltools.gnu-tools-for-stm32.10.3-2021.10.win32_1.0.0.202111181127/tools/bin/../lib/gcc/arm-none-eabi/10.3.1/../../../../arm-none-eabi/lib/thumb/v7e-m+fp/hard\libc_nano.a(lib_a-sprintf.o)
                              ./Core/Src/lcd_i2cModule.o (sprintf)
c:/st/stm32cubeide_1.9.0/stm32cubeide/plugins/com.st.stm32cube.ide.mcu.externaltools.gnu-tools-for-stm32.10.3-2021.10.win32_1.0.0.202111181127/tools/bin/../lib/gcc/arm-none-eabi/10.3.1/../../../../arm-none-eabi/lib/thumb/v7e-m+fp/hard\libc_nano.a(lib_a-strlen.o)
                              ./Core/Src/lcd_i2cModule.o (strlen)
c:/st/stm32cubeide_1.9.0/stm32cubeide/plugins/com.st.stm32cube.ide.mcu.externaltools.gnu-tools-for-stm32.10.3-2021.10.win32_1.0.0.202111181127/tools/bin/../lib/gcc/arm-none-eabi/10.3.1/../../../../arm-none-eabi/lib/thumb/v7e-m+fp/hard\libc_nano.a(lib_a-nano-svfprintf.o)
                              c:/st/stm32cubeide_1.9.0/stm32cubeide/plugins/com.st.stm32cube.ide.mcu.externaltools.gnu-tools-for-stm32.10.3-2021.10.win32_1.0.0.202111181127/tools/bin/../lib/gcc/arm-none-eabi/10.3.1/../../../../arm-none-eabi/lib/thumb/v7e-m+fp/hard\libc_nano.a(lib_a-sprintf.o) (_svfprintf_r)
c:/st/stm32cubeide_1.9.0/stm32cubeide/plugins/com.st.stm32cube.ide.mcu.externaltools.gnu-tools-for-stm32.10.3-2021.10.win32_1.0.0.202111181127/tools/bin/../lib/gcc/arm-none-eabi/10.3.1/../../../../arm-none-eabi/lib/thumb/v7e-m+fp/hard\libc_nano.a(lib_a-nano-vfprintf_i.o)
                              c:/st/stm32cubeide_1.9.0/stm32cubeide/plugins/com.st.stm32cube.ide.mcu.externaltools.gnu-tools-for-stm32.10.3-2021.10.win32_1.0.0.202111181127/tools/bin/../lib/gcc/arm-none-eabi/10.3.1/../../../../arm-none-eabi/lib/thumb/v7e-m+fp/hard\libc_nano.a(lib_a-nano-svfprintf.o) (_printf_i)
[...]
Memory Configuration

Name             Origin             Length             Attributes
RAM              0x0000000020000000 0x0000000000020000 xrw
FLASH            0x0000000008000000 0x0000000000080000 xr
*default*        0x0000000000000000 0xffffffffffffffff

Linker script and memory map

LOAD c:/st/stm32cubeide_1.9.0/stm32cubeide/plugins/com.st.stm32cube.ide.mcu.externaltools.gnu-tools-for-stm32.10.3-2021.10.win32_1.0.0.202111181127/tools/bin/../lib/gcc/arm-none-eabi/10.3.1/thumb/v7e-m+fp/hard/crti.o
LOAD c:/st/stm32cubeide_1.9.0/stm32cubeide/plugins/com.st.stm32cube.ide.mcu.externaltools.gnu-tools-for-stm32.10.3-2021.10.win32_1.0.0.202111181127/tools/bin/../lib/gcc/arm-none-eabi/10.3.1/thumb/v7e-m+fp/hard/crtbegin.o
LOAD c:/st/stm32cubeide_1.9.0/stm32cubeide/plugins/com.st.stm32cube.ide.mcu.externaltools.gnu-tools-for-stm32.10.3-2021.10.win32_1.0.0.202111181127/tools/bin/../lib/gcc/arm-none-eabi/10.3.1/../../../../arm-none-eabi/lib/thumb/v7e-m+fp/hard/crt0.o
LOAD ./Core/Src/DHT.o
LOAD ./Core/Src/Timer_Delay.o
LOAD ./Core/Src/bsp.o
LOAD ./Core/Src/freertos.o
LOAD ./Core/Src/keypad.o
LOAD ./Core/Src/lcd_i2cModule.o
LOAD ./Core/Src/main.o
LOAD ./Core/Src/stm32f4xx_hal_msp.o
LOAD ./Core/Src/stm32f4xx_hal_timebase_tim.o
LOAD ./Core/Src/stm32f4xx_it.o
LOAD ./Core/Src/syscalls.o
LOAD ./Core/Src/sysmem.o
LOAD ./Core/Src/system_stm32f4xx.o
LOAD ./Core/Startup/startup_stm32f411vetx.o
LOAD ./Drivers/STM32F4xx_HAL_Driver/Src/stm32f4xx_hal.o
LOAD ./Drivers/STM32F4xx_HAL_Driver/Src/stm32f4xx_hal_adc.o
LOAD ./Drivers/STM32F4xx_HAL_Driver/Src/stm32f4xx_hal_adc_ex.o
LOAD ./Drivers/STM32F4xx_HAL_Driver/Src/stm32f4xx_hal_cortex.o
LOAD ./Drivers/STM32F4xx_HAL_Driver/Src/stm32f4xx_hal_dma.o
LOAD ./Drivers/STM32F4xx_HAL_Driver/Src/stm32f4xx_hal_dma_ex.o
LOAD ./Drivers/STM32F4xx_HAL_Driver/Src/stm32f4xx_hal_exti.o
LOAD ./Drivers/STM32F4xx_HAL_Driver/Src/stm32f4xx_hal_flash.o
LOAD ./Drivers/STM32F4xx_HAL_Driver/Src/stm32f4xx_hal_flash_ex.o
LOAD ./Drivers/STM32F4xx_HAL_Driver/Src/stm32f4xx_hal_flash_ramfunc.o
LOAD ./Drivers/STM32F4xx_HAL_Driver/Src/stm32f4xx_hal_gpio.o
LOAD ./Drivers/STM32F4xx_HAL_Driver/Src/stm32f4xx_hal_i2c.o
LOAD ./Drivers/STM32F4xx_HAL_Driver/Src/stm32f4xx_hal_i2c_ex.o
LOAD ./Drivers/STM32F4xx_HAL_Driver/Src/stm32f4xx_hal_pwr.o
LOAD ./Drivers/STM32F4xx_HAL_Driver/Src/stm32f4xx_hal_pwr_ex.o
LOAD ./Drivers/STM32F4xx_HAL_Driver/Src/stm32f4xx_hal_rcc.o
LOAD ./Drivers/STM32F4xx_HAL_Driver/Src/stm32f4xx_hal_rcc_ex.o
LOAD ./Drivers/STM32F4xx_HAL_Driver/Src/stm32f4xx_hal_rtc.o
LOAD ./Drivers/STM32F4xx_HAL_Driver/Src/stm32f4xx_hal_rtc_ex.o
LOAD ./Drivers/STM32F4xx_HAL_Driver/Src/stm32f4xx_hal_tim.o
LOAD ./Drivers/STM32F4xx_HAL_Driver/Src/stm32f4xx_hal_tim_ex.o
LOAD ./Middlewares/Third_Party/FreeRTOS/Source/CMSIS_RTOS/cmsis_os.o
LOAD ./Middlewares/Third_Party/FreeRTOS/Source/croutine.o
LOAD ./Middlewares/Third_Party/FreeRTOS/Source/event_groups.o
LOAD ./Middlewares/Third_Party/FreeRTOS/Source/list.o
LOAD ./Middlewares/Third_Party/FreeRTOS/Source/queue.o
LOAD ./Middlewares/Third_Party/FreeRTOS/Source/stream_buffer.o
LOAD ./Middlewares/Third_Party/FreeRTOS/Source/tasks.o
LOAD ./Middlewares/Third_Party/FreeRTOS/Source/timers.o
LOAD ./Middlewares/Third_Party/FreeRTOS/Source/portable/GCC/ARM_CM4F/port.o
LOAD ./Middlewares/Third_Party/FreeRTOS/Source/portable/MemMang/heap_4.o
START GROUP
LOAD c:/st/stm32cubeide_1.9.0/stm32cubeide/plugins/com.st.stm32cube.ide.mcu.externaltools.gnu-tools-for-stm32.10.3-2021.10.win32_1.0.0.202111181127/tools/bin/../lib/gcc/arm-none-eabi/10.3.1/../../../../arm-none-eabi/lib/thumb/v7e-m+fp/hard\libc_nano.a
LOAD c:/st/stm32cubeide_1.9.0/stm32cubeide/plugins/com.st.stm32cube.ide.mcu.externaltools.gnu-tools-for-stm32.10.3-2021.10.win32_1.0.0.202111181127/tools/bin/../lib/gcc/arm-none-eabi/10.3.1/../../../../arm-none-eabi/lib/thumb/v7e-m+fp/hard\libm.a
END GROUP
START GROUP
LOAD c:/st/stm32cubeide_1.9.0/stm32cubeide/plugins/com.st.stm32cube.ide.mcu.externaltools.gnu-tools-for-stm32.10.3-2021.10.win32_1.0.0.202111181127/tools/bin/../lib/gcc/arm-none-eabi/10.3.1/thumb/v7e-m+fp/hard\libgcc.a
LOAD c:/st/stm32cubeide_1.9.0/stm32cubeide/plugins/com.st.stm32cube.ide.mcu.externaltools.gnu-tools-for-stm32.10.3-2021.10.win32_1.0.0.202111181127/tools/bin/../lib/gcc/arm-none-eabi/10.3.1/../../../../arm-none-eabi/lib/thumb/v7e-m+fp/hard\libc_nano.a
END GROUP
START GROUP
LOAD c:/st/stm32cubeide_1.9.0/stm32cubeide/plugins/com.st.stm32cube.ide.mcu.externaltools.gnu-tools-for-stm32.10.3-2021.10.win32_1.0.0.202111181127/tools/bin/../lib/gcc/arm-none-eabi/10.3.1/thumb/v7e-m+fp/hard\libgcc.a
LOAD c:/st/stm32cubeide_1.9.0/stm32cubeide/plugins/com.st.stm32cube.ide.mcu.externaltools.gnu-tools-for-stm32.10.3-2021.10.win32_1.0.0.202111181127/tools/bin/../lib/gcc/arm-none-eabi/10.3.1/../../../../arm-none-eabi/lib/thumb/v7e-m+fp/hard\libc_nano.a
LOAD c:/st/stm32cubeide_1.9.0/stm32cubeide/plugins/com.st.stm32cube.ide.mcu.externaltools.gnu-tools-for-stm32.10.3-2021.10.win32_1.0.0.202111181127/tools/bin/../lib/gcc/arm-none-eabi/10.3.1/../../../../arm-none-eabi/lib/thumb/v7e-m+fp/hard\libnosys.a
END GROUP
START GROUP
LOAD c:/st/stm32cubeide_1.9.0/stm32cubeide/plugins/com.st.stm32cube.ide.mcu.externaltools.gnu-tools-for-stm32.10.3-2021.10.win32_1.0.0.202111181127/tools/bin/../lib/gcc/arm-none-eabi/10.3.1/thumb/v7e-m+fp/hard\libgcc.a
LOAD c:/st/stm32cubeide_1.9.0/stm32cubeide/plugins/com.st.stm32cube.ide.mcu.externaltools.gnu-tools-for-stm32.10.3-2021.10.win32_1.0.0.202111181127/tools/bin/../lib/gcc/arm-none-eabi/10.3.1/../../../../arm-none-eabi/lib/thumb/v7e-m+fp/hard\libc_nano.a
LOAD c:/st/stm32cubeide_1.9.0/stm32cubeide/plugins/com.st.stm32cube.ide.mcu.externaltools.gnu-tools-for-stm32.10.3-2021.10.win32_1.0.0.202111181127/tools/bin/../lib/gcc/arm-none-eabi/10.3.1/../../../../arm-none-eabi/lib/thumb/v7e-m+fp/hard\libnosys.a
END GROUP
LOAD c:/st/stm32cubeide_1.9.0/stm32cubeide/plugins/com.st.stm32cube.ide.mcu.externaltools.gnu-tools-for-stm32.10.3-2021.10.win32_1.0.0.202111181127/tools/bin/../lib/gcc/arm-none-eabi/10.3.1/thumb/v7e-m+fp/hard/crtend.o
LOAD c:/st/stm32cubeide_1.9.0/stm32cubeide/plugins/com.st.stm32cube.ide.mcu.externaltools.gnu-tools-for-stm32.10.3-2021.10.win32_1.0.0.202111181127/tools/bin/../lib/gcc/arm-none-eabi/10.3.1/thumb/v7e-m+fp/hard/crtn.o
                0x0000000020020000                _estack = (ORIGIN (RAM) + LENGTH (RAM))
                0x0000000000000200                _Min_Heap_Size = 0x200
                0x0000000000000400                _Min_Stack_Size = 0x400

.isr_vector     0x0000000008000000      0x198
                0x0000000008000000                . = ALIGN (0x4)
 *(.isr_vector)
 .isr_vector    0x0000000008000000      0x198 ./Core/Startup/startup_stm32f411vetx.o
                0x0000000008000000                g_pfnVectors
                0x0000000008000198                . = ALIGN (0x4)

.text           0x00000000080001a0     0x8eb4
                0x00000000080001a0                . = ALIGN (0x4)
 *(.text)
 .text          0x00000000080001a0       0x40 c:/st/stm32cubeide_1.9.0/stm32cubeide/plugins/com.st.stm32cube.ide.mcu.externaltools.gnu-tools-for-stm32.10.3-2021.10.win32_1.0.0.202111181127/tools/bin/../lib/gcc/arm-none-eabi/10.3.1/thumb/v7e-m+fp/hard/crtbegin.o
 .text          0x00000000080001e0       0x10 c:/st/stm32cubeide_1.9.0/stm32cubeide/plugins/com.st.stm32cube.ide.mcu.externaltools.gnu-tools-for-stm32.10.3-2021.10.win32_1.0.0.202111181127/tools/bin/../lib/gcc/arm-none-eabi/10.3.1/../../../../arm-none-eabi/lib/thumb/v7e-m+fp/hard\libc_nano.a(lib_a-strlen.o)
                0x00000000080001e0                strlen
 .text          0x00000000080001f0       0xa0 c:/st/stm32cubeide_1.9.0/stm32cubeide/plugins/com.st.stm32cube.ide.mcu.externaltools.gnu-tools-for-stm32.10.3-2021.10.win32_1.0.0.202111181127/tools/bin/../lib/gcc/arm-none-eabi/10.3.1/../../../../arm-none-eabi/lib/thumb/v7e-m+fp/hard\libc_nano.a(lib_a-memchr.o)
                0x00000000080001f0                memchr
 .text          0x0000000008000290       0x30 c:/st/stm32cubeide_1.9.0/stm32cubeide/plugins/com.st.stm32cube.ide.mcu.externaltools.gnu-tools-for-stm32.10.3-2021.10.win32_1.0.0.202111181127/tools/bin/../lib/gcc/arm-none-eabi/10.3.1/thumb/v7e-m+fp/hard\libgcc.a(_aeabi_uldivmod.o)
                0x0000000008000290                __aeabi_uldivmod
 .text          0x00000000080002c0      0x2d0 c:/st/stm32cubeide_1.9.0/stm32cubeide/plugins/com.st.stm32cube.ide.mcu.externaltools.gnu-tools-for-stm32.10.3-2021.10.win32_1.0.0.202111181127/tools/bin/../lib/gcc/arm-none-eabi/10.3.1/thumb/v7e-m+fp/hard\libgcc.a(_udivmoddi4.o)
                0x00000000080002c0                __udivmoddi4
 .text          0x0000000008000590        0x4 c:/st/stm32cubeide_1.9.0/stm32cubeide/plugins/com.st.stm32cube.ide.mcu.externaltools.gnu-tools-for-stm32.10.3-2021.10.win32_1.0.0.202111181127/tools/bin/../lib/gcc/arm-none-eabi/10.3.1/thumb/v7e-m+fp/hard\libgcc.a(_dvmd_tls.o)
                0x0000000008000590                __aeabi_idiv0
                0x0000000008000590                __aeabi_ldiv0
 *(.text*)
 .text.TimerDelay_Init
                0x0000000008000594       0xc0 ./Core/Src/Timer_Delay.o
                0x0000000008000594                TimerDelay_Init
 .text.BSP_Init
                0x0000000008000654       0x64 ./Core/Src/bsp.o
                0x0000000008000654                BSP_Init
 .text.HAL_TIM_PeriodElapsedCallback
                0x00000000080006b8       0xb8 ./Core/Src/bsp.o
                0x00000000080006b8                HAL_TIM_PeriodElapsedCallback
 .text.BSP_LCD_Temperature
                0x0000000008000770       0x24 ./Core/Src/bsp.o
                0x0000000008000770                BSP_LCD_Temperature
 .text.BSP_LCD_Humidity
                0x0000000008000794       0x24 ./Core/Src/bsp.o
                0x0000000008000794                BSP_LCD_Humidity
 .text.BSP_LCD_SoilHumidity
                0x00000000080007b8       0x24 ./Core/Src/bsp.o
                0x00000000080007b8                BSP_LCD_SoilHumidity
 .text.BSP_Get_percentageHS
                0x00000000080007dc       0x5c ./Core/Src/bsp.o
                0x00000000080007dc                BSP_Get_percentageHS
 .text.BSP_SoilHumidity
                0x0000000008000838       0x44 ./Core/Src/bsp.o
                0x0000000008000838                BSP_SoilHumidity
 .text.BSP_TurnOn_Valve
                0x000000000800087c       0x30 ./Core/Src/bsp.o
                0x000000000800087c                BSP_TurnOn_Valve
 .text.BSP_TurnOff_Valve
                0x00000000080008ac       0x18 ./Core/Src/bsp.o
                0x00000000080008ac                BSP_TurnOff_Valve
 .text.SystemClock_Config
                0x00000000080008c4      0x108 ./Core/Src/bsp.o
                0x00000000080008c4                SystemClock_Config
 .text.MX_ADC1_Init
                0x00000000080009cc       0xa4 ./Core/Src/bsp.o
 .text.MX_I2C1_Init
                0x0000000008000a70       0x5c ./Core/Src/bsp.o
 .text.MX_RTC_Init
                0x0000000008000acc      0x118 ./Core/Src/bsp.o
 .text.MX_TIM2_Init
                0x0000000008000be4       0xec ./Core/Src/bsp.o
 .text.MX_TIM3_Init
                0x0000000008000cd0       0x9c ./Core/Src/bsp.o
 .text.MX_DMA_Init
                0x0000000008000d6c       0x40 ./Core/Src/bsp.o
 .text.MX_GPIO_Init
                0x0000000008000dac      0x228 ./Core/Src/bsp.o
 .text.Error_Handler
                0x0000000008000fd4        0xe ./Core/Src/bsp.o
                0x0000000008000fd4                Error_Handler
 *fill*         0x0000000008000fe2        0x2 
 .text.vApplicationGetIdleTaskMemory
                0x0000000008000fe4       0x34 ./Core/Src/freertos.o
                0x0000000008000fe4                vApplicationGetIdleTaskMemory
 .text.keypad_init
                0x0000000008001018      0x160 ./Core/Src/keypad.o
                0x0000000008001018                keypad_init
 .text.keypad_read
                0x0000000008001178      0x280 ./Core/Src/keypad.o
                0x0000000008001178                keypad_read
 .text.hi2cx_define
                0x00000000080013f8       0x20 ./Core/Src/lcd_i2cModule.o
 .text.LCD_i2cDeviceCheck
                0x0000000008001418       0x38 ./Core/Src/lcd_i2cModule.o
                0x0000000008001418                LCD_i2cDeviceCheck
 .text.LCD_Set_Command
                0x0000000008001450       0xb8 ./Core/Src/lcd_i2cModule.o
                0x0000000008001450                LCD_Set_Command
 .text.LCD_Write_Data
                0x0000000008001508       0xc4 ./Core/Src/lcd_i2cModule.o
                0x0000000008001508                LCD_Write_Data
 .text.LCD_Clear
                0x00000000080015cc       0x28 ./Core/Src/lcd_i2cModule.o
                0x00000000080015cc                LCD_Clear
 .text.LCD_SetCursor
                0x00000000080015f4       0x60 ./Core/Src/lcd_i2cModule.o
                0x00000000080015f4                LCD_SetCursor
 .text.LCD_Send_String
                0x0000000008001654      0x16c ./Core/Src/lcd_i2cModule.o
                0x0000000008001654                LCD_Send_String
 .text.LCD_Print
                0x00000000080017c0       0x2c ./Core/Src/lcd_i2cModule.o
                0x00000000080017c0                LCD_Print
 .text.LCD_BackLight
                0x00000000080017ec       0x3c ./Core/Src/lcd_i2cModule.o
                0x00000000080017ec                LCD_BackLight
 .text.LCD_Init
                0x0000000008001828       0x48 ./Core/Src/lcd_i2cModule.o
                0x0000000008001828                LCD_Init
 .text.main     0x0000000008001870      0x148 ./Core/Src/main.o
                0x0000000008001870                main
 .text.KeypadTask
                0x00000000080019b8       0x34 ./Core/Src/main.o
                0x00000000080019b8                KeypadTask
 .text.SensorsTask
                0x00000000080019ec       0x48 ./Core/Src/main.o
                0x00000000080019ec                SensorsTask
 .text.UserInterfaceTask
                0x0000000008001a34      0x674 ./Core/Src/main.o
                0x0000000008001a34                UserInterfaceTask
 .text.AutomaticControlTask
                0x00000000080020a8       0x80 ./Core/Src/main.o
                0x00000000080020a8                AutomaticControlTask
 .text.APP_Timer10ms
                0x0000000008002128        0xe ./Core/Src/main.o
                0x0000000008002128                APP_Timer10ms
 .text.APP_Timer100ms
                0x0000000008002136        0xe ./Core/Src/main.o
                0x0000000008002136                APP_Timer100ms
 .text.APP_Timer1000ms
                0x0000000008002144        0xe ./Core/Src/main.o
                0x0000000008002144                APP_Timer1000ms
 .text.APP_Timer10s
                0x0000000008002152        0xe ./Core/Src/main.o
                0x0000000008002152                APP_Timer10s
 .text.APP_Show_SystemIntro
                0x0000000008002160       0x2c ./Core/Src/main.o
                0x0000000008002160                APP_Show_SystemIntro
 .text.APP_SoilHumidity
                0x000000000800218c       0x18 ./Core/Src/main.o
                0x000000000800218c                APP_SoilHumidity
 .text.HAL_MspInit
                0x00000000080021a4       0x50 ./Core/Src/stm32f4xx_hal_msp.o
                0x00000000080021a4                HAL_MspInit
 .text.HAL_ADC_MspInit
                0x00000000080021f4       0xec ./Core/Src/stm32f4xx_hal_msp.o
                0x00000000080021f4                HAL_ADC_MspInit
 .text.HAL_I2C_MspInit
                0x00000000080022e0       0x90 ./Core/Src/stm32f4xx_hal_msp.o
                0x00000000080022e0                HAL_I2C_MspInit
 .text.HAL_RTC_MspInit
                0x0000000008002370       0x38 ./Core/Src/stm32f4xx_hal_msp.o
                0x0000000008002370                HAL_RTC_MspInit
 .text.HAL_TIM_Base_MspInit
                0x00000000080023a8       0x6c ./Core/Src/stm32f4xx_hal_msp.o
                0x00000000080023a8                HAL_TIM_Base_MspInit
 .text.HAL_TIM_MspPostInit
                0x0000000008002414       0x70 ./Core/Src/stm32f4xx_hal_msp.o
                0x0000000008002414                HAL_TIM_MspPostInit
 .text.HAL_InitTick
                0x0000000008002484       0xb4 ./Core/Src/stm32f4xx_hal_timebase_tim.o
                0x0000000008002484                HAL_InitTick
 .text.NMI_Handler
                0x0000000008002538        0xe ./Core/Src/stm32f4xx_it.o
                0x0000000008002538                NMI_Handler
 *fill*         0x0000000008002546        0x2 
 .text.HardFault_Handler
                0x0000000008002548       0x20 ./Core/Src/stm32f4xx_it.o
                0x0000000008002548                HardFault_Handler
 .text.MemManage_Handler
                0x0000000008002568        0x6 ./Core/Src/stm32f4xx_it.o
                0x0000000008002568                MemManage_Handler
 .text.BusFault_Handler
                0x000000000800256e        0x6 ./Core/Src/stm32f4xx_it.o
                0x000000000800256e                BusFault_Handler
 .text.UsageFault_Handler
                0x0000000008002574        0x6 ./Core/Src/stm32f4xx_it.o
                0x0000000008002574                UsageFault_Handler
 .text.DebugMon_Handler
                0x000000000800257a        0xe ./Core/Src/stm32f4xx_it.o
                0x000000000800257a                DebugMon_Handler
 .text.RTC_Alarm_IRQHandler
                0x0000000008002588       0x14 ./Core/Src/stm32f4xx_it.o
                0x0000000008002588                RTC_Alarm_IRQHandler
 .text.TIM5_IRQHandler
                0x000000000800259c       0x14 ./Core/Src/stm32f4xx_it.o
                0x000000000800259c                TIM5_IRQHandler
 .text.DMA2_Stream0_IRQHandler
                0x00000000080025b0       0x14 ./Core/Src/stm32f4xx_it.o
                0x00000000080025b0                DMA2_Stream0_IRQHandler
 .text._sbrk    0x00000000080025c4       0x6c ./Core/Src/sysmem.o
                0x00000000080025c4                _sbrk
 .text.SystemInit
                0x0000000008002630       0x2c ./Core/Src/system_stm32f4xx.o
                0x0000000008002630                SystemInit
 .text.Reset_Handler
                0x000000000800265c       0x50 ./Core/Startup/startup_stm32f411vetx.o
                0x000000000800265c                Reset_Handler
 .text.Default_Handler
                0x00000000080026ac        0x2 ./Core/Startup/startup_stm32f411vetx.o
                0x00000000080026ac                EXTI2_IRQHandler
                0x00000000080026ac                SPI4_IRQHandler
                0x00000000080026ac                TIM1_CC_IRQHandler
                0x00000000080026ac                DMA2_Stream5_IRQHandler
                0x00000000080026ac                DMA1_Stream5_IRQHandler
                0x00000000080026ac                PVD_IRQHandler
                0x00000000080026ac                SDIO_IRQHandler
                0x00000000080026ac                TAMP_STAMP_IRQHandler
                0x00000000080026ac                EXTI3_IRQHandler
                0x00000000080026ac                TIM1_UP_TIM10_IRQHandler
                0x00000000080026ac                I2C3_ER_IRQHandler
                0x00000000080026ac                EXTI0_IRQHandler
                0x00000000080026ac                I2C2_EV_IRQHandler
                0x00000000080026ac                DMA1_Stream2_IRQHandler
                0x00000000080026ac                FPU_IRQHandler
                0x00000000080026ac                DMA2_Stream2_IRQHandler
                0x00000000080026ac                SPI1_IRQHandler
                0x00000000080026ac                TIM1_BRK_TIM9_IRQHandler
                0x00000000080026ac                DMA2_Stream3_IRQHandler
                0x00000000080026ac                USART6_IRQHandler
                0x00000000080026ac                TIM4_IRQHandler
                0x00000000080026ac                I2C1_EV_IRQHandler
                0x00000000080026ac                DMA1_Stream6_IRQHandler
                0x00000000080026ac                DMA1_Stream1_IRQHandler
                0x00000000080026ac                TIM3_IRQHandler
                0x00000000080026ac                RCC_IRQHandler
                0x00000000080026ac                Default_Handler
                0x00000000080026ac                EXTI15_10_IRQHandler
                0x00000000080026ac                ADC_IRQHandler
                0x00000000080026ac                DMA1_Stream7_IRQHandler
                0x00000000080026ac                SPI5_IRQHandler
                0x00000000080026ac                DMA2_Stream7_IRQHandler
                0x00000000080026ac                I2C3_EV_IRQHandler
                0x00000000080026ac                EXTI9_5_IRQHandler
                0x00000000080026ac                RTC_WKUP_IRQHandler
                0x00000000080026ac                SPI2_IRQHandler
                0x00000000080026ac                DMA1_Stream0_IRQHandler
                0x00000000080026ac                EXTI4_IRQHandler
                0x00000000080026ac                WWDG_IRQHandler
                0x00000000080026ac                TIM2_IRQHandler
                0x00000000080026ac                OTG_FS_WKUP_IRQHandler
                0x00000000080026ac                TIM1_TRG_COM_TIM11_IRQHandler
                0x00000000080026ac                EXTI1_IRQHandler
                0x00000000080026ac                USART2_IRQHandler
                0x00000000080026ac                I2C2_ER_IRQHandler
                0x00000000080026ac                DMA2_Stream1_IRQHandler
                0x00000000080026ac                FLASH_IRQHandler
                0x00000000080026ac                DMA2_Stream4_IRQHandler
                0x00000000080026ac                USART1_IRQHandler
                0x00000000080026ac                OTG_FS_IRQHandler
                0x00000000080026ac                SPI3_IRQHandler
                0x00000000080026ac                DMA1_Stream4_IRQHandler
                0x00000000080026ac                I2C1_ER_IRQHandler
                0x00000000080026ac                DMA2_Stream6_IRQHandler
                0x00000000080026ac                DMA1_Stream3_IRQHandler
 *fill*         0x00000000080026ae        0x2 
 .text.HAL_Init
                0x00000000080026b0       0x44 ./Drivers/STM32F4xx_HAL_Driver/Src/stm32f4xx_hal.o
                0x00000000080026b0                HAL_Init
 .text.HAL_IncTick
                0x00000000080026f4       0x28 ./Drivers/STM32F4xx_HAL_Driver/Src/stm32f4xx_hal.o
                0x00000000080026f4                HAL_IncTick
 .text.HAL_GetTick
                0x000000000800271c       0x18 ./Drivers/STM32F4xx_HAL_Driver/Src/stm32f4xx_hal.o
                0x000000000800271c                HAL_GetTick
 .text.HAL_Delay
                0x0000000008002734       0x48 ./Drivers/STM32F4xx_HAL_Driver/Src/stm32f4xx_hal.o
                0x0000000008002734                HAL_Delay
 .text.HAL_ADC_Init
                0x000000000800277c       0x86 ./Drivers/STM32F4xx_HAL_Driver/Src/stm32f4xx_hal_adc.o
                0x000000000800277c                HAL_ADC_Init
 *fill*         0x0000000008002802        0x2 
 .text.HAL_ADC_Start
                0x0000000008002804      0x14c ./Drivers/STM32F4xx_HAL_Driver/Src/stm32f4xx_hal_adc.o
                0x0000000008002804                HAL_ADC_Start
 .text.HAL_ADC_Stop
                0x0000000008002950       0x66 ./Drivers/STM32F4xx_HAL_Driver/Src/stm32f4xx_hal_adc.o
                0x0000000008002950                HAL_ADC_Stop
 .text.HAL_ADC_PollForConversion
                0x00000000080029b6      0x108 ./Drivers/STM32F4xx_HAL_Driver/Src/stm32f4xx_hal_adc.o
                0x00000000080029b6                HAL_ADC_PollForConversion
 .text.HAL_ADC_GetValue
                0x0000000008002abe       0x1a ./Drivers/STM32F4xx_HAL_Driver/Src/stm32f4xx_hal_adc.o
                0x0000000008002abe                HAL_ADC_GetValue
 .text.HAL_ADC_ConfigChannel
                0x0000000008002ad8      0x264 ./Drivers/STM32F4xx_HAL_Driver/Src/stm32f4xx_hal_adc.o
                0x0000000008002ad8                HAL_ADC_ConfigChannel
 .text.ADC_Init
                0x0000000008002d3c      0x1f8 ./Drivers/STM32F4xx_HAL_Driver/Src/stm32f4xx_hal_adc.o
 .text.__NVIC_SetPriorityGrouping
                0x0000000008002f34       0x48 ./Drivers/STM32F4xx_HAL_Driver/Src/stm32f4xx_hal_cortex.o
 .text.__NVIC_GetPriorityGrouping
                0x0000000008002f7c       0x1c ./Drivers/STM32F4xx_HAL_Driver/Src/stm32f4xx_hal_cortex.o
 .text.__NVIC_EnableIRQ
                0x0000000008002f98       0x3c ./Drivers/STM32F4xx_HAL_Driver/Src/stm32f4xx_hal_cortex.o
 .text.__NVIC_SetPriority
                0x0000000008002fd4       0x54 ./Drivers/STM32F4xx_HAL_Driver/Src/stm32f4xx_hal_cortex.o
 .text.NVIC_EncodePriority
                0x0000000008003028       0x66 ./Drivers/STM32F4xx_HAL_Driver/Src/stm32f4xx_hal_cortex.o
 .text.HAL_NVIC_SetPriorityGrouping
                0x000000000800308e       0x16 ./Drivers/STM32F4xx_HAL_Driver/Src/stm32f4xx_hal_cortex.o
                0x000000000800308e                HAL_NVIC_SetPriorityGrouping
 .text.HAL_NVIC_SetPriority
                0x00000000080030a4       0x38 ./Drivers/STM32F4xx_HAL_Driver/Src/stm32f4xx_hal_cortex.o
                0x00000000080030a4                HAL_NVIC_SetPriority
 .text.HAL_NVIC_EnableIRQ
                0x00000000080030dc       0x1c ./Drivers/STM32F4xx_HAL_Driver/Src/stm32f4xx_hal_cortex.o
                0x00000000080030dc                HAL_NVIC_EnableIRQ
 .text.HAL_DMA_Init
                0x00000000080030f8      0x15c ./Drivers/STM32F4xx_HAL_Driver/Src/stm32f4xx_hal_dma.o
                0x00000000080030f8                HAL_DMA_Init
 .text.HAL_DMA_IRQHandler
                0x0000000008003254      0x314 ./Drivers/STM32F4xx_HAL_Driver/Src/stm32f4xx_hal_dma.o
                0x0000000008003254                HAL_DMA_IRQHandler
 .text.DMA_CalcBaseAndBitshift
                0x0000000008003568       0x6c ./Drivers/STM32F4xx_HAL_Driver/Src/stm32f4xx_hal_dma.o
 .text.DMA_CheckFifoParam
                0x00000000080035d4       0xf8 ./Drivers/STM32F4xx_HAL_Driver/Src/stm32f4xx_hal_dma.o
 .text.HAL_GPIO_Init
                0x00000000080036cc      0x308 ./Drivers/STM32F4xx_HAL_Driver/Src/stm32f4xx_hal_gpio.o
                0x00000000080036cc                HAL_GPIO_Init
 .text.HAL_GPIO_ReadPin
                0x00000000080039d4       0x30 ./Drivers/STM32F4xx_HAL_Driver/Src/stm32f4xx_hal_gpio.o
                0x00000000080039d4                HAL_GPIO_ReadPin
 .text.HAL_GPIO_WritePin
                0x0000000008003a04       0x32 ./Drivers/STM32F4xx_HAL_Driver/Src/stm32f4xx_hal_gpio.o
                0x0000000008003a04                HAL_GPIO_WritePin
 *fill*         0x0000000008003a36        0x2 
 .text.HAL_I2C_Init
                0x0000000008003a38      0x288 ./Drivers/STM32F4xx_HAL_Driver/Src/stm32f4xx_hal_i2c.o
                0x0000000008003a38                HAL_I2C_Init
 .text.HAL_I2C_Master_Transmit
                0x0000000008003cc0      0x1fc ./Drivers/STM32F4xx_HAL_Driver/Src/stm32f4xx_hal_i2c.o
                0x0000000008003cc0                HAL_I2C_Master_Transmit
 .text.HAL_I2C_IsDeviceReady
                0x0000000008003ebc      0x25c ./Drivers/STM32F4xx_HAL_Driver/Src/stm32f4xx_hal_i2c.o
                0x0000000008003ebc                HAL_I2C_IsDeviceReady
 .text.I2C_MasterRequestWrite
                0x0000000008004118      0x104 ./Drivers/STM32F4xx_HAL_Driver/Src/stm32f4xx_hal_i2c.o
 .text.I2C_WaitOnFlagUntilTimeout
                0x000000000800421c       0xae ./Drivers/STM32F4xx_HAL_Driver/Src/stm32f4xx_hal_i2c.o
 .text.I2C_WaitOnMasterAddressFlagUntilTimeout
                0x00000000080042ca       0xfe ./Drivers/STM32F4xx_HAL_Driver/Src/stm32f4xx_hal_i2c.o
 .text.I2C_WaitOnTXEFlagUntilTimeout
                0x00000000080043c8       0x82 ./Drivers/STM32F4xx_HAL_Driver/Src/stm32f4xx_hal_i2c.o
 .text.I2C_WaitOnBTFFlagUntilTimeout
                0x000000000800444a       0x82 ./Drivers/STM32F4xx_HAL_Driver/Src/stm32f4xx_hal_i2c.o
 .text.I2C_IsAcknowledgeFailed
                0x00000000080044cc       0x5e ./Drivers/STM32F4xx_HAL_Driver/Src/stm32f4xx_hal_i2c.o
 *fill*         0x000000000800452a        0x2 
 .text.HAL_RCC_OscConfig
                0x000000000800452c      0x4dc ./Drivers/STM32F4xx_HAL_Driver/Src/stm32f4xx_hal_rcc.o
                0x000000000800452c                HAL_RCC_OscConfig
 .text.HAL_RCC_ClockConfig
                0x0000000008004a08      0x1cc ./Drivers/STM32F4xx_HAL_Driver/Src/stm32f4xx_hal_rcc.o
                0x0000000008004a08                HAL_RCC_ClockConfig
 .text.HAL_RCC_GetSysClockFreq
                0x0000000008004bd4      0x20c ./Drivers/STM32F4xx_HAL_Driver/Src/stm32f4xx_hal_rcc.o
                0x0000000008004bd4                HAL_RCC_GetSysClockFreq
 .text.HAL_RCC_GetHCLKFreq
                0x0000000008004de0       0x18 ./Drivers/STM32F4xx_HAL_Driver/Src/stm32f4xx_hal_rcc.o
                0x0000000008004de0                HAL_RCC_GetHCLKFreq
 .text.HAL_RCC_GetPCLK1Freq
                0x0000000008004df8       0x28 ./Drivers/STM32F4xx_HAL_Driver/Src/stm32f4xx_hal_rcc.o
                0x0000000008004df8                HAL_RCC_GetPCLK1Freq
 .text.HAL_RCC_GetClockConfig
                0x0000000008004e20       0x64 ./Drivers/STM32F4xx_HAL_Driver/Src/stm32f4xx_hal_rcc.o
                0x0000000008004e20                HAL_RCC_GetClockConfig
 .text.HAL_RCCEx_PeriphCLKConfig
                0x0000000008004e84      0x1e0 ./Drivers/STM32F4xx_HAL_Driver/Src/stm32f4xx_hal_rcc_ex.o
                0x0000000008004e84                HAL_RCCEx_PeriphCLKConfig
 .text.HAL_RTC_Init
                0x0000000008005064      0x122 ./Drivers/STM32F4xx_HAL_Driver/Src/stm32f4xx_hal_rtc.o
                0x0000000008005064                HAL_RTC_Init
 .text.HAL_RTC_SetTime
                0x0000000008005186      0x17a ./Drivers/STM32F4xx_HAL_Driver/Src/stm32f4xx_hal_rtc.o
                0x0000000008005186                HAL_RTC_SetTime
 .text.HAL_RTC_SetDate
                0x0000000008005300      0x14e ./Drivers/STM32F4xx_HAL_Driver/Src/stm32f4xx_hal_rtc.o
                0x0000000008005300                HAL_RTC_SetDate
 *fill*         0x000000000800544e        0x2 
 .text.HAL_RTC_SetAlarm_IT
                0x0000000008005450      0x270 ./Drivers/STM32F4xx_HAL_Driver/Src/stm32f4xx_hal_rtc.o
                0x0000000008005450                HAL_RTC_SetAlarm_IT
 .text.HAL_RTC_AlarmIRQHandler
                0x00000000080056c0       0x8c ./Drivers/STM32F4xx_HAL_Driver/Src/stm32f4xx_hal_rtc.o
                0x00000000080056c0                HAL_RTC_AlarmIRQHandler
 .text.HAL_RTC_AlarmAEventCallback
                0x000000000800574c       0x14 ./Drivers/STM32F4xx_HAL_Driver/Src/stm32f4xx_hal_rtc.o
                0x000000000800574c                HAL_RTC_AlarmAEventCallback
 .text.HAL_RTC_WaitForSynchro
                0x0000000008005760       0x50 ./Drivers/STM32F4xx_HAL_Driver/Src/stm32f4xx_hal_rtc.o
                0x0000000008005760                HAL_RTC_WaitForSynchro
 .text.RTC_EnterInitMode
                0x00000000080057b0       0x58 ./Drivers/STM32F4xx_HAL_Driver/Src/stm32f4xx_hal_rtc.o
                0x00000000080057b0                RTC_EnterInitMode
 .text.RTC_ByteToBcd2
                0x0000000008005808       0x3c ./Drivers/STM32F4xx_HAL_Driver/Src/stm32f4xx_hal_rtc.o
                0x0000000008005808                RTC_ByteToBcd2
 .text.HAL_RTCEx_AlarmBEventCallback
                0x0000000008005844       0x14 ./Drivers/STM32F4xx_HAL_Driver/Src/stm32f4xx_hal_rtc_ex.o
                0x0000000008005844                HAL_RTCEx_AlarmBEventCallback
 .text.HAL_TIM_Base_Init
                0x0000000008005858       0x56 ./Drivers/STM32F4xx_HAL_Driver/Src/stm32f4xx_hal_tim.o
                0x0000000008005858                HAL_TIM_Base_Init
 .text.HAL_TIM_Base_Start
                0x00000000080058ae       0x48 ./Drivers/STM32F4xx_HAL_Driver/Src/stm32f4xx_hal_tim.o
                0x00000000080058ae                HAL_TIM_Base_Start
 .text.HAL_TIM_Base_Start_IT
                0x00000000080058f6       0x48 ./Drivers/STM32F4xx_HAL_Driver/Src/stm32f4xx_hal_tim.o
                0x00000000080058f6                HAL_TIM_Base_Start_IT
 .text.HAL_TIM_PWM_Init
                0x000000000800593e       0x56 ./Drivers/STM32F4xx_HAL_Driver/Src/stm32f4xx_hal_tim.o
                0x000000000800593e                HAL_TIM_PWM_Init
 .text.HAL_TIM_PWM_MspInit
                0x0000000008005994       0x14 ./Drivers/STM32F4xx_HAL_Driver/Src/stm32f4xx_hal_tim.o
                0x0000000008005994                HAL_TIM_PWM_MspInit
 .text.HAL_TIM_PWM_Start
                0x00000000080059a8       0x64 ./Drivers/STM32F4xx_HAL_Driver/Src/stm32f4xx_hal_tim.o
                0x00000000080059a8                HAL_TIM_PWM_Start
 .text.HAL_TIM_IRQHandler
                0x0000000008005a0c      0x210 ./Drivers/STM32F4xx_HAL_Driver/Src/stm32f4xx_hal_tim.o
                0x0000000008005a0c                HAL_TIM_IRQHandler
 .text.HAL_TIM_PWM_ConfigChannel
                0x0000000008005c1c      0x18c ./Drivers/STM32F4xx_HAL_Driver/Src/stm32f4xx_hal_tim.o
                0x0000000008005c1c                HAL_TIM_PWM_ConfigChannel
 .text.HAL_TIM_ConfigClockSource
                0x0000000008005da8      0x188 ./Drivers/STM32F4xx_HAL_Driver/Src/stm32f4xx_hal_tim.o
                0x0000000008005da8                HAL_TIM_ConfigClockSource
 .text.HAL_TIM_OC_DelayElapsedCallback
                0x0000000008005f30       0x14 ./Drivers/STM32F4xx_HAL_Driver/Src/stm32f4xx_hal_tim.o
                0x0000000008005f30                HAL_TIM_OC_DelayElapsedCallback
 .text.HAL_TIM_IC_CaptureCallback
                0x0000000008005f44       0x14 ./Drivers/STM32F4xx_HAL_Driver/Src/stm32f4xx_hal_tim.o
                0x0000000008005f44                HAL_TIM_IC_CaptureCallback
 .text.HAL_TIM_PWM_PulseFinishedCallback
                0x0000000008005f58       0x14 ./Drivers/STM32F4xx_HAL_Driver/Src/stm32f4xx_hal_tim.o
                0x0000000008005f58                HAL_TIM_PWM_PulseFinishedCallback
 .text.HAL_TIM_TriggerCallback
                0x0000000008005f6c       0x14 ./Drivers/STM32F4xx_HAL_Driver/Src/stm32f4xx_hal_tim.o
                0x0000000008005f6c                HAL_TIM_TriggerCallback
 .text.TIM_Base_SetConfig
                0x0000000008005f80      0x100 ./Drivers/STM32F4xx_HAL_Driver/Src/stm32f4xx_hal_tim.o
                0x0000000008005f80                TIM_Base_SetConfig
 .text.TIM_OC1_SetConfig
                0x0000000008006080       0xcc ./Drivers/STM32F4xx_HAL_Driver/Src/stm32f4xx_hal_tim.o
 .text.TIM_OC2_SetConfig
                0x000000000800614c       0xd8 ./Drivers/STM32F4xx_HAL_Driver/Src/stm32f4xx_hal_tim.o
                0x000000000800614c                TIM_OC2_SetConfig
 .text.TIM_OC3_SetConfig
                0x0000000008006224       0xd4 ./Drivers/STM32F4xx_HAL_Driver/Src/stm32f4xx_hal_tim.o
 .text.TIM_OC4_SetConfig
                0x00000000080062f8       0xa0 ./Drivers/STM32F4xx_HAL_Driver/Src/stm32f4xx_hal_tim.o
 .text.TIM_TI1_ConfigInputStage
                0x0000000008006398       0x5e ./Drivers/STM32F4xx_HAL_Driver/Src/stm32f4xx_hal_tim.o
 .text.TIM_TI2_ConfigInputStage
                0x00000000080063f6       0x60 ./Drivers/STM32F4xx_HAL_Driver/Src/stm32f4xx_hal_tim.o
 .text.TIM_ITRx_SetConfig
                0x0000000008006456       0x36 ./Drivers/STM32F4xx_HAL_Driver/Src/stm32f4xx_hal_tim.o
 .text.TIM_ETR_SetConfig
                0x000000000800648c       0x40 ./Drivers/STM32F4xx_HAL_Driver/Src/stm32f4xx_hal_tim.o
                0x000000000800648c                TIM_ETR_SetConfig
 .text.TIM_CCxChannelCmd
                0x00000000080064cc       0x4a ./Drivers/STM32F4xx_HAL_Driver/Src/stm32f4xx_hal_tim.o
                0x00000000080064cc                TIM_CCxChannelCmd
 *fill*         0x0000000008006516        0x2 
 .text.HAL_TIMEx_MasterConfigSynchronization
                0x0000000008006518       0xdc ./Drivers/STM32F4xx_HAL_Driver/Src/stm32f4xx_hal_tim_ex.o
                0x0000000008006518                HAL_TIMEx_MasterConfigSynchronization
 .text.HAL_TIMEx_CommutCallback
                0x00000000080065f4       0x14 ./Drivers/STM32F4xx_HAL_Driver/Src/stm32f4xx_hal_tim_ex.o
                0x00000000080065f4                HAL_TIMEx_CommutCallback
 .text.HAL_TIMEx_BreakCallback
                0x0000000008006608       0x14 ./Drivers/STM32F4xx_HAL_Driver/Src/stm32f4xx_hal_tim_ex.o
                0x0000000008006608                HAL_TIMEx_BreakCallback
 .text.makeFreeRtosPriority
                0x000000000800661c       0x30 ./Middlewares/Third_Party/FreeRTOS/Source/CMSIS_RTOS/cmsis_os.o
 .text.osKernelStart
                0x000000000800664c        0xe ./Middlewares/Third_Party/FreeRTOS/Source/CMSIS_RTOS/cmsis_os.o
                0x000000000800664c                osKernelStart
 .text.osThreadCreate
                0x000000000800665a       0x98 ./Middlewares/Third_Party/FreeRTOS/Source/CMSIS_RTOS/cmsis_os.o
                0x000000000800665a                osThreadCreate
 .text.osDelay  0x00000000080066f2       0x28 ./Middlewares/Third_Party/FreeRTOS/Source/CMSIS_RTOS/cmsis_os.o
                0x00000000080066f2                osDelay
 .text.vListInitialise
                0x000000000800671a       0x40 ./Middlewares/Third_Party/FreeRTOS/Source/list.o
                0x000000000800671a                vListInitialise
 .text.vListInitialiseItem
                0x000000000800675a       0x1a ./Middlewares/Third_Party/FreeRTOS/Source/list.o
                0x000000000800675a                vListInitialiseItem
 .text.vListInsertEnd
                0x0000000008006774       0x48 ./Middlewares/Third_Party/FreeRTOS/Source/list.o
                0x0000000008006774                vListInsertEnd
 .text.vListInsert
                0x00000000080067bc       0x72 ./Middlewares/Third_Party/FreeRTOS/Source/list.o
                0x00000000080067bc                vListInsert
 .text.uxListRemove
                0x000000000800682e       0x54 ./Middlewares/Third_Party/FreeRTOS/Source/list.o
                0x000000000800682e                uxListRemove
 *fill*         0x0000000008006882        0x2 
 .text.xQueueGenericReset
                0x0000000008006884       0xd0 ./Middlewares/Third_Party/FreeRTOS/Source/queue.o
                0x0000000008006884                xQueueGenericReset
 .text.xQueueGenericCreate
                0x0000000008006954       0x80 ./Middlewares/Third_Party/FreeRTOS/Source/queue.o
                0x0000000008006954                xQueueGenericCreate
 .text.prvInitialiseNewQueue
                0x00000000080069d4       0x44 ./Middlewares/Third_Party/FreeRTOS/Source/queue.o
 .text.xQueueGenericSend
                0x0000000008006a18      0x238 ./Middlewares/Third_Party/FreeRTOS/Source/queue.o
                0x0000000008006a18                xQueueGenericSend
 .text.xQueueReceive
                0x0000000008006c50      0x1c0 ./Middlewares/Third_Party/FreeRTOS/Source/queue.o
                0x0000000008006c50                xQueueReceive
 .text.prvCopyDataToQueue
                0x0000000008006e10       0xd4 ./Middlewares/Third_Party/FreeRTOS/Source/queue.o
 .text.prvCopyDataFromQueue
                0x0000000008006ee4       0x4c ./Middlewares/Third_Party/FreeRTOS/Source/queue.o
 .text.prvUnlockQueue
                0x0000000008006f30       0xc0 ./Middlewares/Third_Party/FreeRTOS/Source/queue.o
 .text.prvIsQueueEmpty
                0x0000000008006ff0       0x2c ./Middlewares/Third_Party/FreeRTOS/Source/queue.o
 .text.prvIsQueueFull
                0x000000000800701c       0x30 ./Middlewares/Third_Party/FreeRTOS/Source/queue.o
 .text.xQueueCreateSet
                0x000000000800704c       0x1e ./Middlewares/Third_Party/FreeRTOS/Source/queue.o
                0x000000000800704c                xQueueCreateSet
 .text.xQueueAddToSet
                0x000000000800706a       0x42 ./Middlewares/Third_Party/FreeRTOS/Source/queue.o
                0x000000000800706a                xQueueAddToSet
 .text.xQueueSelectFromSet
                0x00000000080070ac       0x26 ./Middlewares/Third_Party/FreeRTOS/Source/queue.o
                0x00000000080070ac                xQueueSelectFromSet
 .text.prvNotifyQueueSetContainer
                0x00000000080070d2       0xb4 ./Middlewares/Third_Party/FreeRTOS/Source/queue.o
 .text.xTaskCreateStatic
                0x0000000008007186       0xba ./Middlewares/Third_Party/FreeRTOS/Source/tasks.o
                0x0000000008007186                xTaskCreateStatic
 .text.xTaskCreate
                0x0000000008007240       0x8a ./Middlewares/Third_Party/FreeRTOS/Source/tasks.o
                0x0000000008007240                xTaskCreate
 .text.prvInitialiseNewTask
                0x00000000080072ca      0x10e ./Middlewares/Third_Party/FreeRTOS/Source/tasks.o
 .text.prvAddNewTaskToReadyList
                0x00000000080073d8       0xd4 ./Middlewares/Third_Party/FreeRTOS/Source/tasks.o
 .text.vTaskDelay
                0x00000000080074ac       0x68 ./Middlewares/Third_Party/FreeRTOS/Source/tasks.o
                0x00000000080074ac                vTaskDelay
 .text.vTaskStartScheduler
                0x0000000008007514       0xc0 ./Middlewares/Third_Party/FreeRTOS/Source/tasks.o
                0x0000000008007514                vTaskStartScheduler
 .text.vTaskSuspendAll
                0x00000000080075d4       0x1c ./Middlewares/Third_Party/FreeRTOS/Source/tasks.o
                0x00000000080075d4                vTaskSuspendAll
 .text.xTaskResumeAll
                0x00000000080075f0      0x138 ./Middlewares/Third_Party/FreeRTOS/Source/tasks.o
                0x00000000080075f0                xTaskResumeAll
 .text.xTaskIncrementTick
                0x0000000008007728      0x170 ./Middlewares/Third_Party/FreeRTOS/Source/tasks.o
                0x0000000008007728                xTaskIncrementTick
 .text.vTaskSwitchContext
                0x0000000008007898       0xb8 ./Middlewares/Third_Party/FreeRTOS/Source/tasks.o
                0x0000000008007898                vTaskSwitchContext
 .text.vTaskPlaceOnEventList
                0x0000000008007950       0x48 ./Middlewares/Third_Party/FreeRTOS/Source/tasks.o
                0x0000000008007950                vTaskPlaceOnEventList
 .text.xTaskRemoveFromEventList
                0x0000000008007998       0xc4 ./Middlewares/Third_Party/FreeRTOS/Source/tasks.o
                0x0000000008007998                xTaskRemoveFromEventList
 .text.vTaskInternalSetTimeOutState
                0x0000000008007a5c       0x2c ./Middlewares/Third_Party/FreeRTOS/Source/tasks.o
                0x0000000008007a5c                vTaskInternalSetTimeOutState
 .text.xTaskCheckForTimeOut
                0x0000000008007a88       0xc4 ./Middlewares/Third_Party/FreeRTOS/Source/tasks.o
                0x0000000008007a88                xTaskCheckForTimeOut
 .text.vTaskMissedYield
                0x0000000008007b4c       0x18 ./Middlewares/Third_Party/FreeRTOS/Source/tasks.o
                0x0000000008007b4c                vTaskMissedYield
 .text.prvIdleTask
                0x0000000008007b64       0x30 ./Middlewares/Third_Party/FreeRTOS/Source/tasks.o
 .text.prvInitialiseTaskLists
                0x0000000008007b94       0x80 ./Middlewares/Third_Party/FreeRTOS/Source/tasks.o
 .text.prvCheckTasksWaitingTermination
                0x0000000008007c14       0x5c ./Middlewares/Third_Party/FreeRTOS/Source/tasks.o
 .text.prvDeleteTCB
                0x0000000008007c70       0x5e ./Middlewares/Third_Party/FreeRTOS/Source/tasks.o
 *fill*         0x0000000008007cce        0x2 
 .text.prvResetNextTaskUnblockTime
                0x0000000008007cd0       0x40 ./Middlewares/Third_Party/FreeRTOS/Source/tasks.o
 .text.xTaskGetSchedulerState
                0x0000000008007d10       0x3c ./Middlewares/Third_Party/FreeRTOS/Source/tasks.o
                0x0000000008007d10                xTaskGetSchedulerState
 .text.xTaskPriorityDisinherit
                0x0000000008007d4c      0x10c ./Middlewares/Third_Party/FreeRTOS/Source/tasks.o
                0x0000000008007d4c                xTaskPriorityDisinherit
 .text.prvAddCurrentTaskToDelayedList
                0x0000000008007e58       0xcc ./Middlewares/Third_Party/FreeRTOS/Source/tasks.o
 .text.pxPortInitialiseStack
                0x0000000008007f24       0x68 ./Middlewares/Third_Party/FreeRTOS/Source/portable/GCC/ARM_CM4F/port.o
                0x0000000008007f24                pxPortInitialiseStack
 .text.prvTaskExitError
                0x0000000008007f8c       0x58 ./Middlewares/Third_Party/FreeRTOS/Source/portable/GCC/ARM_CM4F/port.o
 *fill*         0x0000000008007fe4        0xc 
 .text.SVC_Handler
                0x0000000008007ff0       0x28 ./Middlewares/Third_Party/FreeRTOS/Source/portable/GCC/ARM_CM4F/port.o
                0x0000000008007ff0                SVC_Handler
 .text.prvPortStartFirstTask
                0x0000000008008018       0x28 ./Middlewares/Third_Party/FreeRTOS/Source/portable/GCC/ARM_CM4F/port.o
 .text.xPortStartScheduler
                0x0000000008008040      0x144 ./Middlewares/Third_Party/FreeRTOS/Source/portable/GCC/ARM_CM4F/port.o
                0x0000000008008040                xPortStartScheduler
 .text.vPortEnterCritical
                0x0000000008008184       0x60 ./Middlewares/Third_Party/FreeRTOS/Source/portable/GCC/ARM_CM4F/port.o
                0x0000000008008184                vPortEnterCritical
 .text.vPortExitCritical
                0x00000000080081e4       0x54 ./Middlewares/Third_Party/FreeRTOS/Source/portable/GCC/ARM_CM4F/port.o
                0x00000000080081e4                vPortExitCritical
 *fill*         0x0000000008008238        0x8 
 .text.PendSV_Handler
                0x0000000008008240       0x68 ./Middlewares/Third_Party/FreeRTOS/Source/portable/GCC/ARM_CM4F/port.o
                0x0000000008008240                PendSV_Handler
 .text.SysTick_Handler
                0x00000000080082a8       0x44 ./Middlewares/Third_Party/FreeRTOS/Source/portable/GCC/ARM_CM4F/port.o
                0x00000000080082a8                SysTick_Handler
 .text.vPortSetupTimerInterrupt
                0x00000000080082ec       0x48 ./Middlewares/Third_Party/FreeRTOS/Source/portable/GCC/ARM_CM4F/port.o
                0x00000000080082ec                vPortSetupTimerInterrupt
 .text.vPortEnableVFP
                0x0000000008008334       0x14 ./Middlewares/Third_Party/FreeRTOS/Source/portable/GCC/ARM_CM4F/port.o
 .text.pvPortMalloc
                0x0000000008008348      0x188 ./Middlewares/Third_Party/FreeRTOS/Source/portable/MemMang/heap_4.o
                0x0000000008008348                pvPortMalloc
 .text.vPortFree
                0x00000000080084d0       0xb4 ./Middlewares/Third_Party/FreeRTOS/Source/portable/MemMang/heap_4.o
                0x00000000080084d0                vPortFree
 .text.prvHeapInit
                0x0000000008008584       0xc4 ./Middlewares/Third_Party/FreeRTOS/Source/portable/MemMang/heap_4.o
 .text.prvInsertBlockIntoFreeList
                0x0000000008008648       0xb4 ./Middlewares/Third_Party/FreeRTOS/Source/portable/MemMang/heap_4.o
 .text.__errno  0x00000000080086fc        0xc c:/st/stm32cubeide_1.9.0/stm32cubeide/plugins/com.st.stm32cube.ide.mcu.externaltools.gnu-tools-for-stm32.10.3-2021.10.win32_1.0.0.202111181127/tools/bin/../lib/gcc/arm-none-eabi/10.3.1/../../../../arm-none-eabi/lib/thumb/v7e-m+fp/hard\libc_nano.a(lib_a-errno.o)
                0x00000000080086fc                __errno
 .text.__libc_init_array
                0x0000000008008708       0x48 c:/st/stm32cubeide_1.9.0/stm32cubeide/plugins/com.st.stm32cube.ide.mcu.externaltools.gnu-tools-for-stm32.10.3-2021.10.win32_1.0.0.202111181127/tools/bin/../lib/gcc/arm-none-eabi/10.3.1/../../../../arm-none-eabi/lib/thumb/v7e-m+fp/hard\libc_nano.a(lib_a-init.o)
                0x0000000008008708                __libc_init_array
 .text.memcpy   0x0000000008008750       0x1c c:/st/stm32cubeide_1.9.0/stm32cubeide/plugins/com.st.stm32cube.ide.mcu.externaltools.gnu-tools-for-stm32.10.3-2021.10.win32_1.0.0.202111181127/tools/bin/../lib/gcc/arm-none-eabi/10.3.1/../../../../arm-none-eabi/lib/thumb/v7e-m+fp/hard\libc_nano.a(lib_a-memcpy-stub.o)
                0x0000000008008750                memcpy
 .text.memset   0x000000000800876c       0x10 c:/st/stm32cubeide_1.9.0/stm32cubeide/plugins/com.st.stm32cube.ide.mcu.externaltools.gnu-tools-for-stm32.10.3-2021.10.win32_1.0.0.202111181127/tools/bin/../lib/gcc/arm-none-eabi/10.3.1/../../../../arm-none-eabi/lib/thumb/v7e-m+fp/hard\libc_nano.a(lib_a-memset.o)
                0x000000000800876c                memset
 .text.sprintf  0x000000000800877c       0x40 c:/st/stm32cubeide_1.9.0/stm32cubeide/plugins/com.st.stm32cube.ide.mcu.externaltools.gnu-tools-for-stm32.10.3-2021.10.win32_1.0.0.202111181127/tools/bin/../lib/gcc/arm-none-eabi/10.3.1/../../../../arm-none-eabi/lib/thumb/v7e-m+fp/hard\libc_nano.a(lib_a-sprintf.o)
                0x000000000800877c                siprintf
                0x000000000800877c                sprintf
 .text.__ssputs_r
                0x00000000080087bc       0xb6 c:/st/stm32cubeide_1.9.0/stm32cubeide/plugins/com.st.stm32cube.ide.mcu.externaltools.gnu-tools-for-stm32.10.3-2021.10.win32_1.0.0.202111181127/tools/bin/../lib/gcc/arm-none-eabi/10.3.1/../../../../arm-none-eabi/lib/thumb/v7e-m+fp/hard\libc_nano.a(lib_a-nano-svfprintf.o)
                0x00000000080087bc                __ssputs_r
 *fill*         0x0000000008008872        0x2 
 .text._svfprintf_r
                0x0000000008008874      0x200 c:/st/stm32cubeide_1.9.0/stm32cubeide/plugins/com.st.stm32cube.ide.mcu.externaltools.gnu-tools-for-stm32.10.3-2021.10.win32_1.0.0.202111181127/tools/bin/../lib/gcc/arm-none-eabi/10.3.1/../../../../arm-none-eabi/lib/thumb/v7e-m+fp/hard\libc_nano.a(lib_a-nano-svfprintf.o)
                0x0000000008008874                _svfiprintf_r
                0x0000000008008874                _svfprintf_r
 .text._printf_common
                0x0000000008008a74       0xda c:/st/stm32cubeide_1.9.0/stm32cubeide/plugins/com.st.stm32cube.ide.mcu.externaltools.gnu-tools-for-stm32.10.3-2021.10.win32_1.0.0.202111181127/tools/bin/../lib/gcc/arm-none-eabi/10.3.1/../../../../arm-none-eabi/lib/thumb/v7e-m+fp/hard\libc_nano.a(lib_a-nano-vfprintf_i.o)
                0x0000000008008a74                _printf_common
 *fill*         0x0000000008008b4e        0x2 
 .text._printf_i
                0x0000000008008b50      0x24c c:/st/stm32cubeide_1.9.0/stm32cubeide/plugins/com.st.stm32cube.ide.mcu.externaltools.gnu-tools-for-stm32.10.3-2021.10.win32_1.0.0.202111181127/tools/bin/../lib/gcc/arm-none-eabi/10.3.1/../../../../arm-none-eabi/lib/thumb/v7e-m+fp/hard\libc_nano.a(lib_a-nano-vfprintf_i.o)
                0x0000000008008b50                _printf_i
 .text.memmove  0x0000000008008d9c       0x34 c:/st/stm32cubeide_1.9.0/stm32cubeide/plugins/com.st.stm32cube.ide.mcu.externaltools.gnu-tools-for-stm32.10.3-2021.10.win32_1.0.0.202111181127/tools/bin/../lib/gcc/arm-none-eabi/10.3.1/../../../../arm-none-eabi/lib/thumb/v7e-m+fp/hard\libc_nano.a(lib_a-memmove.o)
                0x0000000008008d9c                memmove
 .text._free_r  0x0000000008008dd0       0x98 c:/st/stm32cubeide_1.9.0/stm32cubeide/plugins/com.st.stm32cube.ide.mcu.externaltools.gnu-tools-for-stm32.10.3-2021.10.win32_1.0.0.202111181127/tools/bin/../lib/gcc/arm-none-eabi/10.3.1/../../../../arm-none-eabi/lib/thumb/v7e-m+fp/hard\libc_nano.a(lib_a-nano-freer.o)
                0x0000000008008dd0                _free_r
 .text.sbrk_aligned
                0x0000000008008e68       0x40 c:/st/stm32cubeide_1.9.0/stm32cubeide/plugins/com.st.stm32cube.ide.mcu.externaltools.gnu-tools-for-stm32.10.3-2021.10.win32_1.0.0.202111181127/tools/bin/../lib/gcc/arm-none-eabi/10.3.1/../../../../arm-none-eabi/lib/thumb/v7e-m+fp/hard\libc_nano.a(lib_a-nano-mallocr.o)
 .text._malloc_r
                0x0000000008008ea8       0xe8 c:/st/stm32cubeide_1.9.0/stm32cubeide/plugins/com.st.stm32cube.ide.mcu.externaltools.gnu-tools-for-stm32.10.3-2021.10.win32_1.0.0.202111181127/tools/bin/../lib/gcc/arm-none-eabi/10.3.1/../../../../arm-none-eabi/lib/thumb/v7e-m+fp/hard\libc_nano.a(lib_a-nano-mallocr.o)
                0x0000000008008ea8                _malloc_r
 .text._realloc_r
                0x0000000008008f90       0x5e c:/st/stm32cubeide_1.9.0/stm32cubeide/plugins/com.st.stm32cube.ide.mcu.externaltools.gnu-tools-for-stm32.10.3-2021.10.win32_1.0.0.202111181127/tools/bin/../lib/gcc/arm-none-eabi/10.3.1/../../../../arm-none-eabi/lib/thumb/v7e-m+fp/hard\libc_nano.a(lib_a-nano-reallocr.o)
                0x0000000008008f90                _realloc_r
 *fill*         0x0000000008008fee        0x2 
 .text._sbrk_r  0x0000000008008ff0       0x20 c:/st/stm32cubeide_1.9.0/stm32cubeide/plugins/com.st.stm32cube.ide.mcu.externaltools.gnu-tools-for-stm32.10.3-2021.10.win32_1.0.0.202111181127/tools/bin/../lib/gcc/arm-none-eabi/10.3.1/../../../../arm-none-eabi/lib/thumb/v7e-m+fp/hard\libc_nano.a(lib_a-sbrkr.o)
                0x0000000008008ff0                _sbrk_r
 .text.__malloc_lock
                0x0000000008009010        0xc c:/st/stm32cubeide_1.9.0/stm32cubeide/plugins/com.st.stm32cube.ide.mcu.externaltools.gnu-tools-for-stm32.10.3-2021.10.win32_1.0.0.202111181127/tools/bin/../lib/gcc/arm-none-eabi/10.3.1/../../../../arm-none-eabi/lib/thumb/v7e-m+fp/hard\libc_nano.a(lib_a-mlock.o)
                0x0000000008009010                __malloc_lock
 .text.__malloc_unlock
                0x000000000800901c        0xc c:/st/stm32cubeide_1.9.0/stm32cubeide/plugins/com.st.stm32cube.ide.mcu.externaltools.gnu-tools-for-stm32.10.3-2021.10.win32_1.0.0.202111181127/tools/bin/../lib/gcc/arm-none-eabi/10.3.1/../../../../arm-none-eabi/lib/thumb/v7e-m+fp/hard\libc_nano.a(lib_a-mlock.o)
                0x000000000800901c                __malloc_unlock
 .text._malloc_usable_size_r
                0x0000000008009028       0x10 c:/st/stm32cubeide_1.9.0/stm32cubeide/plugins/com.st.stm32cube.ide.mcu.externaltools.gnu-tools-for-stm32.10.3-2021.10.win32_1.0.0.202111181127/tools/bin/../lib/gcc/arm-none-eabi/10.3.1/../../../../arm-none-eabi/lib/thumb/v7e-m+fp/hard\libc_nano.a(lib_a-nano-msizer.o)
                0x0000000008009028                _malloc_usable_size_r
 .text.__retarget_lock_acquire_recursive
                0x0000000008009038        0x2 c:/st/stm32cubeide_1.9.0/stm32cubeide/plugins/com.st.stm32cube.ide.mcu.externaltools.gnu-tools-for-stm32.10.3-2021.10.win32_1.0.0.202111181127/tools/bin/../lib/gcc/arm-none-eabi/10.3.1/../../../../arm-none-eabi/lib/thumb/v7e-m+fp/hard\libc_nano.a(lib_a-lock.o)
                0x0000000008009038                __retarget_lock_acquire_recursive
 .text.__retarget_lock_release_recursive
                0x000000000800903a        0x2 c:/st/stm32cubeide_1.9.0/stm32cubeide/plugins/com.st.stm32cube.ide.mcu.externaltools.gnu-tools-for-stm32.10.3-2021.10.win32_1.0.0.202111181127/tools/bin/../lib/gcc/arm-none-eabi/10.3.1/../../../../arm-none-eabi/lib/thumb/v7e-m+fp/hard\libc_nano.a(lib_a-lock.o)
                0x000000000800903a                __retarget_lock_release_recursive
 *(.glue_7)
 .glue_7        0x000000000800903c        0x0 linker stubs
 *(.glue_7t)
 .glue_7t       0x000000000800903c        0x0 linker stubs
 *(.eh_frame)
 .eh_frame      0x000000000800903c        0x0 c:/st/stm32cubeide_1.9.0/stm32cubeide/plugins/com.st.stm32cube.ide.mcu.externaltools.gnu-tools-for-stm32.10.3-2021.10.win32_1.0.0.202111181127/tools/bin/../lib/gcc/arm-none-eabi/10.3.1/thumb/v7e-m+fp/hard/crtbegin.o
 *(.init)
 .init          0x000000000800903c        0x4 c:/st/stm32cubeide_1.9.0/stm32cubeide/plugins/com.st.stm32cube.ide.mcu.externaltools.gnu-tools-for-stm32.10.3-2021.10.win32_1.0.0.202111181127/tools/bin/../lib/gcc/arm-none-eabi/10.3.1/thumb/v7e-m+fp/hard/crti.o
                0x000000000800903c                _init
 .init          0x0000000008009040        0x8 c:/st/stm32cubeide_1.9.0/stm32cubeide/plugins/com.st.stm32cube.ide.mcu.externaltools.gnu-tools-for-stm32.10.3-2021.10.win32_1.0.0.202111181127/tools/bin/../lib/gcc/arm-none-eabi/10.3.1/thumb/v7e-m+fp/hard/crtn.o
 *(.fini)
 .fini          0x0000000008009048        0x4 c:/st/stm32cubeide_1.9.0/stm32cubeide/plugins/com.st.stm32cube.ide.mcu.externaltools.gnu-tools-for-stm32.10.3-2021.10.win32_1.0.0.202111181127/tools/bin/../lib/gcc/arm-none-eabi/10.3.1/thumb/v7e-m+fp/hard/crti.o
                0x0000000008009048                _fini
 .fini          0x000000000800904c        0x8 c:/st/stm32cubeide_1.9.0/stm32cubeide/plugins/com.st.stm32cube.ide.mcu.externaltools.gnu-tools-for-stm32.10.3-2021.10.win32_1.0.0.202111181127/tools/bin/../lib/gcc/arm-none-eabi/10.3.1/thumb/v7e-m+fp/hard/crtn.o
                0x0000000008009054                . = ALIGN (0x4)
                0x0000000008009054                _etext = .

.vfp11_veneer   0x0000000008009054        0x0
 .vfp11_veneer  0x0000000008009054        0x0 linker stubs

.v4_bx          0x0000000008009054        0x0
 .v4_bx         0x0000000008009054        0x0 linker stubs

.iplt           0x0000000008009054        0x0
 .iplt          0x0000000008009054        0x0 c:/st/stm32cubeide_1.9.0/stm32cubeide/plugins/com.st.stm32cube.ide.mcu.externaltools.gnu-tools-for-stm32.10.3-2021.10.win32_1.0.0.202111181127/tools/bin/../lib/gcc/arm-none-eabi/10.3.1/thumb/v7e-m+fp/hard/crtbegin.o

.rodata         0x0000000008009054      0x344
                0x0000000008009054                . = ALIGN (0x4)
 *(.rodata)
 .rodata        0x0000000008009054      0x10a ./Core/Src/bsp.o
 *fill*         0x000000000800915e        0x2 
 .rodata        0x0000000008009160       0x10 ./Core/Src/keypad.o
 .rodata        0x0000000008009170      0x19f ./Core/Src/main.o
 *fill*         0x000000000800930f        0x1 
 .rodata        0x0000000008009310        0xa ./Core/Src/stm32f4xx_it.o
 *fill*         0x000000000800931a        0x2 
 .rodata        0x000000000800931c        0x5 ./Middlewares/Third_Party/FreeRTOS/Source/tasks.o
 *(.rodata*)
 *fill*         0x0000000008009321        0x3 
 .rodata.Cursor_Data
                0x0000000008009324       0x20 ./Core/Src/lcd_i2cModule.o
 .rodata.AHBPrescTable
                0x0000000008009344       0x10 ./Core/Src/system_stm32f4xx.o
                0x0000000008009344                AHBPrescTable
 .rodata.APBPrescTable
                0x0000000008009354        0x8 ./Core/Src/system_stm32f4xx.o
                0x0000000008009354                APBPrescTable
 .rodata.flagBitshiftOffset.0
                0x000000000800935c        0x8 ./Drivers/STM32F4xx_HAL_Driver/Src/stm32f4xx_hal_dma.o
 .rodata._svfprintf_r.str1.1
                0x0000000008009364       0x11 c:/st/stm32cubeide_1.9.0/stm32cubeide/plugins/com.st.stm32cube.ide.mcu.externaltools.gnu-tools-for-stm32.10.3-2021.10.win32_1.0.0.202111181127/tools/bin/../lib/gcc/arm-none-eabi/10.3.1/../../../../arm-none-eabi/lib/thumb/v7e-m+fp/hard\libc_nano.a(lib_a-nano-svfprintf.o)
 .rodata._printf_i.str1.1
                0x0000000008009375       0x22 c:/st/stm32cubeide_1.9.0/stm32cubeide/plugins/com.st.stm32cube.ide.mcu.externaltools.gnu-tools-for-stm32.10.3-2021.10.win32_1.0.0.202111181127/tools/bin/../lib/gcc/arm-none-eabi/10.3.1/../../../../arm-none-eabi/lib/thumb/v7e-m+fp/hard\libc_nano.a(lib_a-nano-vfprintf_i.o)
                0x0000000008009398                . = ALIGN (0x4)
 *fill*         0x0000000008009397        0x1 

.ARM.extab      0x0000000008009398        0x0
                0x0000000008009398                . = ALIGN (0x4)
 *(.ARM.extab* .gnu.linkonce.armextab.*)
                0x0000000008009398                . = ALIGN (0x4)

.ARM            0x0000000008009398        0x8
                0x0000000008009398                . = ALIGN (0x4)
                0x0000000008009398                __exidx_start = .
 *(.ARM.exidx*)
 .ARM.exidx     0x0000000008009398        0x8 c:/st/stm32cubeide_1.9.0/stm32cubeide/plugins/com.st.stm32cube.ide.mcu.externaltools.gnu-tools-for-stm32.10.3-2021.10.win32_1.0.0.202111181127/tools/bin/../lib/gcc/arm-none-eabi/10.3.1/thumb/v7e-m+fp/hard\libgcc.a(_udivmoddi4.o)
                0x00000000080093a0                __exidx_end = .
                0x00000000080093a0                . = ALIGN (0x4)

.rel.dyn        0x00000000080093a0        0x0
 .rel.iplt      0x00000000080093a0        0x0 c:/st/stm32cubeide_1.9.0/stm32cubeide/plugins/com.st.stm32cube.ide.mcu.externaltools.gnu-tools-for-stm32.10.3-2021.10.win32_1.0.0.202111181127/tools/bin/../lib/gcc/arm-none-eabi/10.3.1/thumb/v7e-m+fp/hard/crtbegin.o

.preinit_array  0x00000000080093a0        0x0
                0x00000000080093a0                . = ALIGN (0x4)
                0x00000000080093a0                PROVIDE (__preinit_array_start = .)
 *(.preinit_array*)
                0x00000000080093a0                PROVIDE (__preinit_array_end = .)
                0x00000000080093a0                . = ALIGN (0x4)

.init_array     0x00000000080093a0        0x4
                0x00000000080093a0                . = ALIGN (0x4)
                0x00000000080093a0                PROVIDE (__init_array_start = .)
 *(SORT_BY_NAME(.init_array.*))
 *(.init_array*)
 .init_array    0x00000000080093a0        0x4 c:/st/stm32cubeide_1.9.0/stm32cubeide/plugins/com.st.stm32cube.ide.mcu.externaltools.gnu-tools-for-stm32.10.3-2021.10.win32_1.0.0.202111181127/tools/bin/../lib/gcc/arm-none-eabi/10.3.1/thumb/v7e-m+fp/hard/crtbegin.o
                0x00000000080093a4                PROVIDE (__init_array_end = .)
                0x00000000080093a4                . = ALIGN (0x4)

.fini_array     0x00000000080093a4        0x4
                0x00000000080093a4                . = ALIGN (0x4)
                [!provide]                        PROVIDE (__fini_array_start = .)
 *(SORT_BY_NAME(.fini_array.*))
 *(.fini_array*)
 .fini_array    0x00000000080093a4        0x4 c:/st/stm32cubeide_1.9.0/stm32cubeide/plugins/com.st.stm32cube.ide.mcu.externaltools.gnu-tools-for-stm32.10.3-2021.10.win32_1.0.0.202111181127/tools/bin/../lib/gcc/arm-none-eabi/10.3.1/thumb/v7e-m+fp/hard/crtbegin.o
                [!provide]                        PROVIDE (__fini_array_end = .)
                0x00000000080093a8                . = ALIGN (0x4)
                0x00000000080093a8                _sidata = LOADADDR (.data)

.data           0x0000000020000000       0x8c load address 0x00000000080093a8
                0x0000000020000000                . = ALIGN (0x4)
                0x0000000020000000                _sdata = .
 *(.data)
 *(.data*)
 .data.App_100msTimeout.3
                0x0000000020000000        0x4 ./Core/Src/bsp.o
 .data.App_10msTimeout.2
                0x0000000020000004        0x4 ./Core/Src/bsp.o
 .data.App_1000msTimeout.1
                0x0000000020000008        0x4 ./Core/Src/bsp.o
 .data.App_10sTimeout.0
                0x000000002000000c        0x4 ./Core/Src/bsp.o
 .data.i2cDeviceAddr
                0x0000000020000010        0x1 ./Core/Src/lcd_i2cModule.o
                0x0000000020000010                i2cDeviceAddr
 .data.Mask_Data
                0x0000000020000011        0x1 ./Core/Src/lcd_i2cModule.o
 .data.line_pos
                0x0000000020000012        0x1 ./Core/Src/lcd_i2cModule.o
 *fill*         0x0000000020000013        0x1 
 .data.i.1      0x0000000020000014        0x4 ./Core/Src/lcd_i2cModule.o
 .data.SystemCoreClock
                0x0000000020000018        0x4 ./Core/Src/system_stm32f4xx.o
                0x0000000020000018                SystemCoreClock
 .data.uwTickPrio
                0x000000002000001c        0x4 ./Drivers/STM32F4xx_HAL_Driver/Src/stm32f4xx_hal.o
                0x000000002000001c                uwTickPrio
 .data.uwTickFreq
                0x0000000020000020        0x1 ./Drivers/STM32F4xx_HAL_Driver/Src/stm32f4xx_hal.o
                0x0000000020000020                uwTickFreq
 *fill*         0x0000000020000021        0x3 
 .data.uxCriticalNesting
                0x0000000020000024        0x4 ./Middlewares/Third_Party/FreeRTOS/Source/portable/GCC/ARM_CM4F/port.o
 .data._impure_ptr
                0x0000000020000028        0x4 c:/st/stm32cubeide_1.9.0/stm32cubeide/plugins/com.st.stm32cube.ide.mcu.externaltools.gnu-tools-for-stm32.10.3-2021.10.win32_1.0.0.202111181127/tools/bin/../lib/gcc/arm-none-eabi/10.3.1/../../../../arm-none-eabi/lib/thumb/v7e-m+fp/hard\libc_nano.a(lib_a-impure.o)
                0x0000000020000028                _impure_ptr
 .data.impure_data
                0x000000002000002c       0x60 c:/st/stm32cubeide_1.9.0/stm32cubeide/plugins/com.st.stm32cube.ide.mcu.externaltools.gnu-tools-for-stm32.10.3-2021.10.win32_1.0.0.202111181127/tools/bin/../lib/gcc/arm-none-eabi/10.3.1/../../../../arm-none-eabi/lib/thumb/v7e-m+fp/hard\libc_nano.a(lib_a-impure.o)
                0x000000002000008c                . = ALIGN (0x4)
                0x000000002000008c                _edata = .

.igot.plt       0x000000002000008c        0x0 load address 0x0000000008009434
 .igot.plt      0x000000002000008c        0x0 c:/st/stm32cubeide_1.9.0/stm32cubeide/plugins/com.st.stm32cube.ide.mcu.externaltools.gnu-tools-for-stm32.10.3-2021.10.win32_1.0.0.202111181127/tools/bin/../lib/gcc/arm-none-eabi/10.3.1/thumb/v7e-m+fp/hard/crtbegin.o
                0x000000002000008c                . = ALIGN (0x4)

.bss            0x000000002000008c     0x440c load address 0x0000000008009434
                0x000000002000008c                _sbss = .
                0x000000002000008c                __bss_start__ = _sbss
 *(.bss)
 .bss           0x000000002000008c       0x1c c:/st/stm32cubeide_1.9.0/stm32cubeide/plugins/com.st.stm32cube.ide.mcu.externaltools.gnu-tools-for-stm32.10.3-2021.10.win32_1.0.0.202111181127/tools/bin/../lib/gcc/arm-none-eabi/10.3.1/thumb/v7e-m+fp/hard/crtbegin.o
 *(.bss*)
 .bss.HTIMx     0x00000000200000a8       0x40 ./Core/Src/Timer_Delay.o
 .bss.gu32_ticks
                0x00000000200000e8        0x4 ./Core/Src/Timer_Delay.o
 .bss.hadc1     0x00000000200000ec       0x48 ./Core/Src/bsp.o
                0x00000000200000ec                hadc1
 .bss.hdma_adc1
                0x0000000020000134       0x60 ./Core/Src/bsp.o
                0x0000000020000134                hdma_adc1
 .bss.hi2c1     0x0000000020000194       0x54 ./Core/Src/bsp.o
                0x0000000020000194                hi2c1
 .bss.hrtc      0x00000000200001e8       0x20 ./Core/Src/bsp.o
                0x00000000200001e8                hrtc
 .bss.htim2     0x0000000020000208       0x40 ./Core/Src/bsp.o
                0x0000000020000208                htim2
 .bss.htim3     0x0000000020000248       0x40 ./Core/Src/bsp.o
                0x0000000020000248                htim3
 .bss.xIdleTaskTCBBuffer
                0x0000000020000288       0x54 ./Core/Src/freertos.o
 .bss.xIdleStack
                0x00000000200002dc      0x200 ./Core/Src/freertos.o
 .bss.hi2cx     0x00000000200004dc       0x54 ./Core/Src/lcd_i2cModule.o
                0x00000000200004dc                hi2cx
 .bss.data      0x0000000020000530        0x4 ./Core/Src/lcd_i2cModule.o
 .bss.data_M    0x0000000020000534        0x1 ./Core/Src/lcd_i2cModule.o
 .bss.data_L    0x0000000020000535        0x1 ./Core/Src/lcd_i2cModule.o
 .bss.data_BL   0x0000000020000536        0x1 ./Core/Src/lcd_i2cModule.o
 .bss.str_len   0x0000000020000537        0x1 ./Core/Src/lcd_i2cModule.o
 .bss.buffer.3  0x0000000020000538      0x190 ./Core/Src/lcd_i2cModule.o
 .bss.ch_len.2  0x00000000200006c8        0x1 ./Core/Src/lcd_i2cModule.o
 *fill*         0x00000000200006c9        0x3 
 .bss.c.0       0x00000000200006cc        0x4 ./Core/Src/lcd_i2cModule.o
 .bss.KeypadTaskHandle
                0x00000000200006d0        0x4 ./Core/Src/main.o
                0x00000000200006d0                KeypadTaskHandle
 .bss.SensorsTaskHandle
                0x00000000200006d4        0x4 ./Core/Src/main.o
                0x00000000200006d4                SensorsTaskHandle
 .bss.UserInterfaceTaskHandle
                0x00000000200006d8        0x4 ./Core/Src/main.o
                0x00000000200006d8                UserInterfaceTaskHandle
 .bss.AutomaticControlTaskHandle
                0x00000000200006dc        0x4 ./Core/Src/main.o
                0x00000000200006dc                AutomaticControlTaskHandle
 .bss.Queue1Handle
                0x00000000200006e0        0x4 ./Core/Src/main.o
                0x00000000200006e0                Queue1Handle
 .bss.Queue3Handle
                0x00000000200006e4        0x4 ./Core/Src/main.o
                0x00000000200006e4                Queue3Handle
 .bss.Queue4Handle
                0x00000000200006e8        0x4 ./Core/Src/main.o
                0x00000000200006e8                Queue4Handle
 .bss.Queue5Handle
                0x00000000200006ec        0x4 ./Core/Src/main.o
                0x00000000200006ec                Queue5Handle
 .bss.QueueSetHandle
                0x00000000200006f0        0x4 ./Core/Src/main.o
                0x00000000200006f0                QueueSetHandle
 .bss.htim5     0x00000000200006f4       0x40 ./Core/Src/stm32f4xx_hal_timebase_tim.o
                0x00000000200006f4                htim5
 .bss.__sbrk_heap_end
                0x0000000020000734        0x4 ./Core/Src/sysmem.o
 .bss.uwTick    0x0000000020000738        0x4 ./Drivers/STM32F4xx_HAL_Driver/Src/stm32f4xx_hal.o
                0x0000000020000738                uwTick
 .bss.pxCurrentTCB
                0x000000002000073c        0x4 ./Middlewares/Third_Party/FreeRTOS/Source/tasks.o
                0x000000002000073c                pxCurrentTCB
 .bss.pxReadyTasksLists
                0x0000000020000740       0x8c ./Middlewares/Third_Party/FreeRTOS/Source/tasks.o
 .bss.xDelayedTaskList1
                0x00000000200007cc       0x14 ./Middlewares/Third_Party/FreeRTOS/Source/tasks.o
 .bss.xDelayedTaskList2
                0x00000000200007e0       0x14 ./Middlewares/Third_Party/FreeRTOS/Source/tasks.o
 .bss.pxDelayedTaskList
                0x00000000200007f4        0x4 ./Middlewares/Third_Party/FreeRTOS/Source/tasks.o
 .bss.pxOverflowDelayedTaskList
                0x00000000200007f8        0x4 ./Middlewares/Third_Party/FreeRTOS/Source/tasks.o
 .bss.xPendingReadyList
                0x00000000200007fc       0x14 ./Middlewares/Third_Party/FreeRTOS/Source/tasks.o
 .bss.xTasksWaitingTermination
                0x0000000020000810       0x14 ./Middlewares/Third_Party/FreeRTOS/Source/tasks.o
 .bss.uxDeletedTasksWaitingCleanUp
                0x0000000020000824        0x4 ./Middlewares/Third_Party/FreeRTOS/Source/tasks.o
 .bss.xSuspendedTaskList
                0x0000000020000828       0x14 ./Middlewares/Third_Party/FreeRTOS/Source/tasks.o
 .bss.uxCurrentNumberOfTasks
                0x000000002000083c        0x4 ./Middlewares/Third_Party/FreeRTOS/Source/tasks.o
 .bss.xTickCount
                0x0000000020000840        0x4 ./Middlewares/Third_Party/FreeRTOS/Source/tasks.o
 .bss.uxTopReadyPriority
                0x0000000020000844        0x4 ./Middlewares/Third_Party/FreeRTOS/Source/tasks.o
 .bss.xSchedulerRunning
                0x0000000020000848        0x4 ./Middlewares/Third_Party/FreeRTOS/Source/tasks.o
 .bss.uxPendedTicks
                0x000000002000084c        0x4 ./Middlewares/Third_Party/FreeRTOS/Source/tasks.o
 .bss.xYieldPending
                0x0000000020000850        0x4 ./Middlewares/Third_Party/FreeRTOS/Source/tasks.o
 .bss.xNumOfOverflows
                0x0000000020000854        0x4 ./Middlewares/Third_Party/FreeRTOS/Source/tasks.o
 .bss.uxTaskNumber
                0x0000000020000858        0x4 ./Middlewares/Third_Party/FreeRTOS/Source/tasks.o
 .bss.xNextTaskUnblockTime
                0x000000002000085c        0x4 ./Middlewares/Third_Party/FreeRTOS/Source/tasks.o
 .bss.xIdleTaskHandle
                0x0000000020000860        0x4 ./Middlewares/Third_Party/FreeRTOS/Source/tasks.o
 .bss.uxSchedulerSuspended
                0x0000000020000864        0x4 ./Middlewares/Third_Party/FreeRTOS/Source/tasks.o
 .bss.ucMaxSysCallPriority
                0x0000000020000868        0x1 ./Middlewares/Third_Party/FreeRTOS/Source/portable/GCC/ARM_CM4F/port.o
 *fill*         0x0000000020000869        0x3 
 .bss.ulMaxPRIGROUPValue
                0x000000002000086c        0x4 ./Middlewares/Third_Party/FreeRTOS/Source/portable/GCC/ARM_CM4F/port.o
 .bss.ucHeap    0x0000000020000870     0x3c00 ./Middlewares/Third_Party/FreeRTOS/Source/portable/MemMang/heap_4.o
 .bss.xStart    0x0000000020004470        0x8 ./Middlewares/Third_Party/FreeRTOS/Source/portable/MemMang/heap_4.o
 .bss.pxEnd     0x0000000020004478        0x4 ./Middlewares/Third_Party/FreeRTOS/Source/portable/MemMang/heap_4.o
 .bss.xFreeBytesRemaining
                0x000000002000447c        0x4 ./Middlewares/Third_Party/FreeRTOS/Source/portable/MemMang/heap_4.o
 .bss.xMinimumEverFreeBytesRemaining
                0x0000000020004480        0x4 ./Middlewares/Third_Party/FreeRTOS/Source/portable/MemMang/heap_4.o
 .bss.xBlockAllocatedBit
                0x0000000020004484        0x4 ./Middlewares/Third_Party/FreeRTOS/Source/portable/MemMang/heap_4.o
 .bss.__malloc_free_list
                0x0000000020004488        0x4 c:/st/stm32cubeide_1.9.0/stm32cubeide/plugins/com.st.stm32cube.ide.mcu.externaltools.gnu-tools-for-stm32.10.3-2021.10.win32_1.0.0.202111181127/tools/bin/../lib/gcc/arm-none-eabi/10.3.1/../../../../arm-none-eabi/lib/thumb/v7e-m+fp/hard\libc_nano.a(lib_a-nano-mallocr.o)
                0x0000000020004488                __malloc_free_list
 .bss.__malloc_sbrk_start
                0x000000002000448c        0x4 c:/st/stm32cubeide_1.9.0/stm32cubeide/plugins/com.st.stm32cube.ide.mcu.externaltools.gnu-tools-for-stm32.10.3-2021.10.win32_1.0.0.202111181127/tools/bin/../lib/gcc/arm-none-eabi/10.3.1/../../../../arm-none-eabi/lib/thumb/v7e-m+fp/hard\libc_nano.a(lib_a-nano-mallocr.o)
                0x000000002000448c                __malloc_sbrk_start
 .bss.errno     0x0000000020004490        0x4 c:/st/stm32cubeide_1.9.0/stm32cubeide/plugins/com.st.stm32cube.ide.mcu.externaltools.gnu-tools-for-stm32.10.3-2021.10.win32_1.0.0.202111181127/tools/bin/../lib/gcc/arm-none-eabi/10.3.1/../../../../arm-none-eabi/lib/thumb/v7e-m+fp/hard\libc_nano.a(lib_a-reent.o)
                0x0000000020004490                errno
 .bss.__lock___malloc_recursive_mutex
                0x0000000020004494        0x1 c:/st/stm32cubeide_1.9.0/stm32cubeide/plugins/com.st.stm32cube.ide.mcu.externaltools.gnu-tools-for-stm32.10.3-2021.10.win32_1.0.0.202111181127/tools/bin/../lib/gcc/arm-none-eabi/10.3.1/../../../../arm-none-eabi/lib/thumb/v7e-m+fp/hard\libc_nano.a(lib_a-lock.o)
                0x0000000020004494                __lock___malloc_recursive_mutex
 *(COMMON)
                0x0000000020004498                . = ALIGN (0x4)
 *fill*         0x0000000020004495        0x3 
                0x0000000020004498                _ebss = .
                0x0000000020004498                __bss_end__ = _ebss

._user_heap_stack
                0x0000000020004498      0x600 load address 0x0000000008009434
                0x0000000020004498                . = ALIGN (0x8)
                [!provide]                        PROVIDE (end = .)
                0x0000000020004498                PROVIDE (_end = .)
                0x0000000020004698                . = (. + _Min_Heap_Size)
 *fill*         0x0000000020004498      0x200 
                0x0000000020004a98                . = (. + _Min_Stack_Size)
 *fill*         0x0000000020004698      0x400 
                0x0000000020004a98                . = ALIGN (0x8)

/DISCARD/
 libc.a(*)
 libm.a(*)
 libgcc.a(*)

.ARM.attributes
                0x0000000000000000       0x30
 *(.ARM.attributes)
 .ARM.attributes
                0x0000000000000000       0x1e c:/st/stm32cubeide_1.9.0/stm32cubeide/plugins/com.st.stm32cube.ide.mcu.externaltools.gnu-tools-for-stm32.10.3-2021.10.win32_1.0.0.202111181127/tools/bin/../lib/gcc/arm-none-eabi/10.3.1/thumb/v7e-m+fp/hard/crti.o
 .ARM.attributes
                0x000000000000001e       0x34 c:/st/stm32cubeide_1.9.0/stm32cubeide/plugins/com.st.stm32cube.ide.mcu.externaltools.gnu-tools-for-stm32.10.3-2021.10.win32_1.0.0.202111181127/tools/bin/../lib/gcc/arm-none-eabi/10.3.1/thumb/v7e-m+fp/hard/crtbegin.o
 .ARM.attributes
                0x0000000000000052       0x34 ./Core/Src/Timer_Delay.o
 .ARM.attributes
                0x0000000000000086       0x34 ./Core/Src/bsp.o
 .ARM.attributes
                0x00000000000000ba       0x34 ./Core/Src/freertos.o
 .ARM.attributes
                0x00000000000000ee       0x34 ./Core/Src/keypad.o
 .ARM.attributes
                0x0000000000000122       0x34 ./Core/Src/lcd_i2cModule.o
 .ARM.attributes
                0x0000000000000156       0x34 ./Core/Src/main.o
 .ARM.attributes
                0x000000000000018a       0x34 ./Core/Src/stm32f4xx_hal_msp.o
 .ARM.attributes
                0x00000000000001be       0x34 ./Core/Src/stm32f4xx_hal_timebase_tim.o
 .ARM.attributes
                0x00000000000001f2       0x34 ./Core/Src/stm32f4xx_it.o
 .ARM.attributes
                0x0000000000000226       0x34 ./Core/Src/sysmem.o
 .ARM.attributes
                0x000000000000025a       0x34 ./Core/Src/system_stm32f4xx.o
 .ARM.attributes
                0x000000000000028e       0x21 ./Core/Startup/startup_stm32f411vetx.o
 .ARM.attributes
                0x00000000000002af       0x34 ./Drivers/STM32F4xx_HAL_Driver/Src/stm32f4xx_hal.o
 .ARM.attributes
                0x00000000000002e3       0x34 ./Drivers/STM32F4xx_HAL_Driver/Src/stm32f4xx_hal_adc.o
 .ARM.attributes
                0x0000000000000317       0x34 ./Drivers/STM32F4xx_HAL_Driver/Src/stm32f4xx_hal_cortex.o
 .ARM.attributes
                0x000000000000034b       0x34 ./Drivers/STM32F4xx_HAL_Driver/Src/stm32f4xx_hal_dma.o
 .ARM.attributes
                0x000000000000037f       0x34 ./Drivers/STM32F4xx_HAL_Driver/Src/stm32f4xx_hal_gpio.o
 .ARM.attributes
                0x00000000000003b3       0x34 ./Drivers/STM32F4xx_HAL_Driver/Src/stm32f4xx_hal_i2c.o
 .ARM.attributes
                0x00000000000003e7       0x34 ./Drivers/STM32F4xx_HAL_Driver/Src/stm32f4xx_hal_rcc.o
 .ARM.attributes
                0x000000000000041b       0x34 ./Drivers/STM32F4xx_HAL_Driver/Src/stm32f4xx_hal_rcc_ex.o
 .ARM.attributes
                0x000000000000044f       0x34 ./Drivers/STM32F4xx_HAL_Driver/Src/stm32f4xx_hal_rtc.o
 .ARM.attributes
                0x0000000000000483       0x34 ./Drivers/STM32F4xx_HAL_Driver/Src/stm32f4xx_hal_rtc_ex.o
 .ARM.attributes
                0x00000000000004b7       0x34 ./Drivers/STM32F4xx_HAL_Driver/Src/stm32f4xx_hal_tim.o
 .ARM.attributes
                0x00000000000004eb       0x34 ./Drivers/STM32F4xx_HAL_Driver/Src/stm32f4xx_hal_tim_ex.o
 .ARM.attributes
                0x000000000000051f       0x34 ./Middlewares/Third_Party/FreeRTOS/Source/CMSIS_RTOS/cmsis_os.o
 .ARM.attributes
                0x0000000000000553       0x34 ./Middlewares/Third_Party/FreeRTOS/Source/list.o
 .ARM.attributes
                0x0000000000000587       0x34 ./Middlewares/Third_Party/FreeRTOS/Source/queue.o
 .ARM.attributes
                0x00000000000005bb       0x34 ./Middlewares/Third_Party/FreeRTOS/Source/tasks.o
 .ARM.attributes
                0x00000000000005ef       0x34 ./Middlewares/Third_Party/FreeRTOS/Source/portable/GCC/ARM_CM4F/port.o
 .ARM.attributes
                0x0000000000000623       0x34 ./Middlewares/Third_Party/FreeRTOS/Source/portable/MemMang/heap_4.o
 .ARM.attributes
                0x0000000000000657       0x34 c:/st/stm32cubeide_1.9.0/stm32cubeide/plugins/com.st.stm32cube.ide.mcu.externaltools.gnu-tools-for-stm32.10.3-2021.10.win32_1.0.0.202111181127/tools/bin/../lib/gcc/arm-none-eabi/10.3.1/../../../../arm-none-eabi/lib/thumb/v7e-m+fp/hard\libc_nano.a(lib_a-errno.o)
 .ARM.attributes
                0x000000000000068b       0x34 c:/st/stm32cubeide_1.9.0/stm32cubeide/plugins/com.st.stm32cube.ide.mcu.externaltools.gnu-tools-for-stm32.10.3-2021.10.win32_1.0.0.202111181127/tools/bin/../lib/gcc/arm-none-eabi/10.3.1/../../../../arm-none-eabi/lib/thumb/v7e-m+fp/hard\libc_nano.a(lib_a-impure.o)
 .ARM.attributes
                0x00000000000006bf       0x34 c:/st/stm32cubeide_1.9.0/stm32cubeide/plugins/com.st.stm32cube.ide.mcu.externaltools.gnu-tools-for-stm32.10.3-2021.10.win32_1.0.0.202111181127/tools/bin/../lib/gcc/arm-none-eabi/10.3.1/../../../../arm-none-eabi/lib/thumb/v7e-m+fp/hard\libc_nano.a(lib_a-init.o)
 .ARM.attributes
                0x00000000000006f3       0x34 c:/st/stm32cubeide_1.9.0/stm32cubeide/plugins/com.st.stm32cube.ide.mcu.externaltools.gnu-tools-for-stm32.10.3-2021.10.win32_1.0.0.202111181127/tools/bin/../lib/gcc/arm-none-eabi/10.3.1/../../../../arm-none-eabi/lib/thumb/v7e-m+fp/hard\libc_nano.a(lib_a-memcpy-stub.o)
 .ARM.attributes
                0x0000000000000727       0x34 c:/st/stm32cubeide_1.9.0/stm32cubeide/plugins/com.st.stm32cube.ide.mcu.externaltools.gnu-tools-for-stm32.10.3-2021.10.win32_1.0.0.202111181127/tools/bin/../lib/gcc/arm-none-eabi/10.3.1/../../../../arm-none-eabi/lib/thumb/v7e-m+fp/hard\libc_nano.a(lib_a-memset.o)
 .ARM.attributes
                0x000000000000075b       0x34 c:/st/stm32cubeide_1.9.0/stm32cubeide/plugins/com.st.stm32cube.ide.mcu.externaltools.gnu-tools-for-stm32.10.3-2021.10.win32_1.0.0.202111181127/tools/bin/../lib/gcc/arm-none-eabi/10.3.1/../../../../arm-none-eabi/lib/thumb/v7e-m+fp/hard\libc_nano.a(lib_a-sprintf.o)
 .ARM.attributes
                0x000000000000078f       0x17 c:/st/stm32cubeide_1.9.0/stm32cubeide/plugins/com.st.stm32cube.ide.mcu.externaltools.gnu-tools-for-stm32.10.3-2021.10.win32_1.0.0.202111181127/tools/bin/../lib/gcc/arm-none-eabi/10.3.1/../../../../arm-none-eabi/lib/thumb/v7e-m+fp/hard\libc_nano.a(lib_a-strlen.o)
 .ARM.attributes
                0x00000000000007a6       0x34 c:/st/stm32cubeide_1.9.0/stm32cubeide/plugins/com.st.stm32cube.ide.mcu.externaltools.gnu-tools-for-stm32.10.3-2021.10.win32_1.0.0.202111181127/tools/bin/../lib/gcc/arm-none-eabi/10.3.1/../../../../arm-none-eabi/lib/thumb/v7e-m+fp/hard\libc_nano.a(lib_a-nano-svfprintf.o)
 .ARM.attributes
                0x00000000000007da       0x34 c:/st/stm32cubeide_1.9.0/stm32cubeide/plugins/com.st.stm32cube.ide.mcu.externaltools.gnu-tools-for-stm32.10.3-2021.10.win32_1.0.0.202111181127/tools/bin/../lib/gcc/arm-none-eabi/10.3.1/../../../../arm-none-eabi/lib/thumb/v7e-m+fp/hard\libc_nano.a(lib_a-nano-vfprintf_i.o)
 .ARM.attributes
                0x000000000000080e       0x1c c:/st/stm32cubeide_1.9.0/stm32cubeide/plugins/com.st.stm32cube.ide.mcu.externaltools.gnu-tools-for-stm32.10.3-2021.10.win32_1.0.0.202111181127/tools/bin/../lib/gcc/arm-none-eabi/10.3.1/../../../../arm-none-eabi/lib/thumb/v7e-m+fp/hard\libc_nano.a(lib_a-memchr.o)
 .ARM.attributes
                0x000000000000082a       0x34 c:/st/stm32cubeide_1.9.0/stm32cubeide/plugins/com.st.stm32cube.ide.mcu.externaltools.gnu-tools-for-stm32.10.3-2021.10.win32_1.0.0.202111181127/tools/bin/../lib/gcc/arm-none-eabi/10.3.1/../../../../arm-none-eabi/lib/thumb/v7e-m+fp/hard\libc_nano.a(lib_a-memmove.o)
 .ARM.attributes
                0x000000000000085e       0x34 c:/st/stm32cubeide_1.9.0/stm32cubeide/plugins/com.st.stm32cube.ide.mcu.externaltools.gnu-tools-for-stm32.10.3-2021.10.win32_1.0.0.202111181127/tools/bin/../lib/gcc/arm-none-eabi/10.3.1/../../../../arm-none-eabi/lib/thumb/v7e-m+fp/hard\libc_nano.a(lib_a-nano-freer.o)
 .ARM.attributes
                0x0000000000000892       0x34 c:/st/stm32cubeide_1.9.0/stm32cubeide/plugins/com.st.stm32cube.ide.mcu.externaltools.gnu-tools-for-stm32.10.3-2021.10.win32_1.0.0.202111181127/tools/bin/../lib/gcc/arm-none-eabi/10.3.1/../../../../arm-none-eabi/lib/thumb/v7e-m+fp/hard\libc_nano.a(lib_a-nano-mallocr.o)
 .ARM.attributes
                0x00000000000008c6       0x34 c:/st/stm32cubeide_1.9.0/stm32cubeide/plugins/com.st.stm32cube.ide.mcu.externaltools.gnu-tools-for-stm32.10.3-2021.10.win32_1.0.0.202111181127/tools/bin/../lib/gcc/arm-none-eabi/10.3.1/../../../../arm-none-eabi/lib/thumb/v7e-m+fp/hard\libc_nano.a(lib_a-nano-reallocr.o)
 .ARM.attributes
                0x00000000000008fa       0x34 c:/st/stm32cubeide_1.9.0/stm32cubeide/plugins/com.st.stm32cube.ide.mcu.externaltools.gnu-tools-for-stm32.10.3-2021.10.win32_1.0.0.202111181127/tools/bin/../lib/gcc/arm-none-eabi/10.3.1/../../../../arm-none-eabi/lib/thumb/v7e-m+fp/hard\libc_nano.a(lib_a-sbrkr.o)
 .ARM.attributes
                0x000000000000092e       0x34 c:/st/stm32cubeide_1.9.0/stm32cubeide/plugins/com.st.stm32cube.ide.mcu.externaltools.gnu-tools-for-stm32.10.3-2021.10.win32_1.0.0.202111181127/tools/bin/../lib/gcc/arm-none-eabi/10.3.1/../../../../arm-none-eabi/lib/thumb/v7e-m+fp/hard\libc_nano.a(lib_a-mlock.o)
 .ARM.attributes
                0x0000000000000962       0x34 c:/st/stm32cubeide_1.9.0/stm32cubeide/plugins/com.st.stm32cube.ide.mcu.externaltools.gnu-tools-for-stm32.10.3-2021.10.win32_1.0.0.202111181127/tools/bin/../lib/gcc/arm-none-eabi/10.3.1/../../../../arm-none-eabi/lib/thumb/v7e-m+fp/hard\libc_nano.a(lib_a-nano-msizer.o)
 .ARM.attributes
                0x0000000000000996       0x34 c:/st/stm32cubeide_1.9.0/stm32cubeide/plugins/com.st.stm32cube.ide.mcu.externaltools.gnu-tools-for-stm32.10.3-2021.10.win32_1.0.0.202111181127/tools/bin/../lib/gcc/arm-none-eabi/10.3.1/../../../../arm-none-eabi/lib/thumb/v7e-m+fp/hard\libc_nano.a(lib_a-reent.o)
 .ARM.attributes
                0x00000000000009ca       0x34 c:/st/stm32cubeide_1.9.0/stm32cubeide/plugins/com.st.stm32cube.ide.mcu.externaltools.gnu-tools-for-stm32.10.3-2021.10.win32_1.0.0.202111181127/tools/bin/../lib/gcc/arm-none-eabi/10.3.1/../../../../arm-none-eabi/lib/thumb/v7e-m+fp/hard\libc_nano.a(lib_a-lock.o)
 .ARM.attributes
                0x00000000000009fe       0x1e c:/st/stm32cubeide_1.9.0/stm32cubeide/plugins/com.st.stm32cube.ide.mcu.externaltools.gnu-tools-for-stm32.10.3-2021.10.win32_1.0.0.202111181127/tools/bin/../lib/gcc/arm-none-eabi/10.3.1/thumb/v7e-m+fp/hard\libgcc.a(_aeabi_uldivmod.o)
 .ARM.attributes
                0x0000000000000a1c       0x34 c:/st/stm32cubeide_1.9.0/stm32cubeide/plugins/com.st.stm32cube.ide.mcu.externaltools.gnu-tools-for-stm32.10.3-2021.10.win32_1.0.0.202111181127/tools/bin/../lib/gcc/arm-none-eabi/10.3.1/thumb/v7e-m+fp/hard\libgcc.a(_udivmoddi4.o)
 .ARM.attributes
                0x0000000000000a50       0x1e c:/st/stm32cubeide_1.9.0/stm32cubeide/plugins/com.st.stm32cube.ide.mcu.externaltools.gnu-tools-for-stm32.10.3-2021.10.win32_1.0.0.202111181127/tools/bin/../lib/gcc/arm-none-eabi/10.3.1/thumb/v7e-m+fp/hard\libgcc.a(_dvmd_tls.o)
 .ARM.attributes
                0x0000000000000a6e       0x1e c:/st/stm32cubeide_1.9.0/stm32cubeide/plugins/com.st.stm32cube.ide.mcu.externaltools.gnu-tools-for-stm32.10.3-2021.10.win32_1.0.0.202111181127/tools/bin/../lib/gcc/arm-none-eabi/10.3.1/thumb/v7e-m+fp/hard/crtn.o
OUTPUT(freeRTOSHuerta.elf elf32-littlearm)
LOAD linker stubs
LOAD c:/st/stm32cubeide_1.9.0/stm32cubeide/plugins/com.st.stm32cube.ide.mcu.externaltools.gnu-tools-for-stm32.10.3-2021.10.win32_1.0.0.202111181127/tools/bin/../lib/gcc/arm-none-eabi/10.3.1/../../../../arm-none-eabi/lib/thumb/v7e-m+fp/hard\libc.a
LOAD c:/st/stm32cubeide_1.9.0/stm32cubeide/plugins/com.st.stm32cube.ide.mcu.externaltools.gnu-tools-for-stm32.10.3-2021.10.win32_1.0.0.202111181127/tools/bin/../lib/gcc/arm-none-eabi/10.3.1/../../../../arm-none-eabi/lib/thumb/v7e-m+fp/hard\libm.a
LOAD c:/st/stm32cubeide_1.9.0/stm32cubeide/plugins/com.st.stm32cube.ide.mcu.externaltools.gnu-tools-for-stm32.10.3-2021.10.win32_1.0.0.202111181127/tools/bin/../lib/gcc/arm-none-eabi/10.3.1/thumb/v7e-m+fp/hard\libgcc.a

.debug_info     0x0000000000000000    0x19a8d
 .debug_info    0x0000000000000000      0x7a9 ./Core/Src/Timer_Delay.o
 .debug_info    0x00000000000007a9     0x237e ./Core/Src/bsp.o
 .debug_info    0x0000000000002b27      0x294 ./Core/Src/freertos.o
 .debug_info    0x0000000000002dbb      0x4f3 ./Core/Src/keypad.o
 .debug_info    0x00000000000032ae      0xa71 ./Core/Src/lcd_i2cModule.o
 .debug_info    0x0000000000003d1f      0xb4f ./Core/Src/main.o
 .debug_info    0x000000000000486e     0x166b ./Core/Src/stm32f4xx_hal_msp.o
 .debug_info    0x0000000000005ed9      0xb0e ./Core/Src/stm32f4xx_hal_timebase_tim.o
 .debug_info    0x00000000000069e7      0xa30 ./Core/Src/stm32f4xx_it.o
 .debug_info    0x0000000000007417      0x171 ./Core/Src/sysmem.o
 .debug_info    0x0000000000007588      0x54f ./Core/Src/system_stm32f4xx.o
 .debug_info    0x0000000000007ad7       0x22 ./Core/Startup/startup_stm32f411vetx.o
 .debug_info    0x0000000000007af9      0x90e ./Drivers/STM32F4xx_HAL_Driver/Src/stm32f4xx_hal.o
 .debug_info    0x0000000000008407      0xd48 ./Drivers/STM32F4xx_HAL_Driver/Src/stm32f4xx_hal_adc.o
 .debug_info    0x000000000000914f      0xd8b ./Drivers/STM32F4xx_HAL_Driver/Src/stm32f4xx_hal_cortex.o
 .debug_info    0x0000000000009eda      0x947 ./Drivers/STM32F4xx_HAL_Driver/Src/stm32f4xx_hal_dma.o
 .debug_info    0x000000000000a821      0x77e ./Drivers/STM32F4xx_HAL_Driver/Src/stm32f4xx_hal_gpio.o
 .debug_info    0x000000000000af9f     0x25f5 ./Drivers/STM32F4xx_HAL_Driver/Src/stm32f4xx_hal_i2c.o
 .debug_info    0x000000000000d594      0x98e ./Drivers/STM32F4xx_HAL_Driver/Src/stm32f4xx_hal_rcc.o
 .debug_info    0x000000000000df22      0x5d9 ./Drivers/STM32F4xx_HAL_Driver/Src/stm32f4xx_hal_rcc_ex.o
 .debug_info    0x000000000000e4fb      0xbc4 ./Drivers/STM32F4xx_HAL_Driver/Src/stm32f4xx_hal_rtc.o
 .debug_info    0x000000000000f0bf      0xf5c ./Drivers/STM32F4xx_HAL_Driver/Src/stm32f4xx_hal_rtc_ex.o
 .debug_info    0x000000000001001b     0x2662 ./Drivers/STM32F4xx_HAL_Driver/Src/stm32f4xx_hal_tim.o
 .debug_info    0x000000000001267d     0x1282 ./Drivers/STM32F4xx_HAL_Driver/Src/stm32f4xx_hal_tim_ex.o
 .debug_info    0x00000000000138ff     0x1c82 ./Middlewares/Third_Party/FreeRTOS/Source/CMSIS_RTOS/cmsis_os.o
 .debug_info    0x0000000000015581      0x2d1 ./Middlewares/Third_Party/FreeRTOS/Source/list.o
 .debug_info    0x0000000000015852     0x1b3e ./Middlewares/Third_Party/FreeRTOS/Source/queue.o
 .debug_info    0x0000000000017390     0x1e0e ./Middlewares/Third_Party/FreeRTOS/Source/tasks.o
 .debug_info    0x000000000001919e      0x507 ./Middlewares/Third_Party/FreeRTOS/Source/portable/GCC/ARM_CM4F/port.o
 .debug_info    0x00000000000196a5      0x3e8 ./Middlewares/Third_Party/FreeRTOS/Source/portable/MemMang/heap_4.o

.debug_abbrev   0x0000000000000000     0x3f6b
 .debug_abbrev  0x0000000000000000      0x1c2 ./Core/Src/Timer_Delay.o
 .debug_abbrev  0x00000000000001c2      0x360 ./Core/Src/bsp.o
 .debug_abbrev  0x0000000000000522       0xcd ./Core/Src/freertos.o
 .debug_abbrev  0x00000000000005ef      0x18c ./Core/Src/keypad.o
 .debug_abbrev  0x000000000000077b      0x241 ./Core/Src/lcd_i2cModule.o
 .debug_abbrev  0x00000000000009bc      0x2e7 ./Core/Src/main.o
 .debug_abbrev  0x0000000000000ca3      0x25c ./Core/Src/stm32f4xx_hal_msp.o
 .debug_abbrev  0x0000000000000eff      0x1e4 ./Core/Src/stm32f4xx_hal_timebase_tim.o
 .debug_abbrev  0x00000000000010e3      0x1b1 ./Core/Src/stm32f4xx_it.o
 .debug_abbrev  0x0000000000001294       0xbb ./Core/Src/sysmem.o
 .debug_abbrev  0x000000000000134f      0x116 ./Core/Src/system_stm32f4xx.o
 .debug_abbrev  0x0000000000001465       0x12 ./Core/Startup/startup_stm32f411vetx.o
 .debug_abbrev  0x0000000000001477      0x23e ./Drivers/STM32F4xx_HAL_Driver/Src/stm32f4xx_hal.o
 .debug_abbrev  0x00000000000016b5      0x204 ./Drivers/STM32F4xx_HAL_Driver/Src/stm32f4xx_hal_adc.o
 .debug_abbrev  0x00000000000018b9      0x316 ./Drivers/STM32F4xx_HAL_Driver/Src/stm32f4xx_hal_cortex.o
 .debug_abbrev  0x0000000000001bcf      0x21b ./Drivers/STM32F4xx_HAL_Driver/Src/stm32f4xx_hal_dma.o
 .debug_abbrev  0x0000000000001dea      0x1c4 ./Drivers/STM32F4xx_HAL_Driver/Src/stm32f4xx_hal_gpio.o
 .debug_abbrev  0x0000000000001fae      0x2a8 ./Drivers/STM32F4xx_HAL_Driver/Src/stm32f4xx_hal_i2c.o
 .debug_abbrev  0x0000000000002256      0x2aa ./Drivers/STM32F4xx_HAL_Driver/Src/stm32f4xx_hal_rcc.o
 .debug_abbrev  0x0000000000002500      0x1a8 ./Drivers/STM32F4xx_HAL_Driver/Src/stm32f4xx_hal_rcc_ex.o
 .debug_abbrev  0x00000000000026a8      0x1fa ./Drivers/STM32F4xx_HAL_Driver/Src/stm32f4xx_hal_rtc.o
 .debug_abbrev  0x00000000000028a2      0x22b ./Drivers/STM32F4xx_HAL_Driver/Src/stm32f4xx_hal_rtc_ex.o
 .debug_abbrev  0x0000000000002acd      0x26e ./Drivers/STM32F4xx_HAL_Driver/Src/stm32f4xx_hal_tim.o
 .debug_abbrev  0x0000000000002d3b      0x25c ./Drivers/STM32F4xx_HAL_Driver/Src/stm32f4xx_hal_tim_ex.o
 .debug_abbrev  0x0000000000002f97      0x39b ./Middlewares/Third_Party/FreeRTOS/Source/CMSIS_RTOS/cmsis_os.o
 .debug_abbrev  0x0000000000003332       0xf2 ./Middlewares/Third_Party/FreeRTOS/Source/list.o
 .debug_abbrev  0x0000000000003424      0x3a1 ./Middlewares/Third_Party/FreeRTOS/Source/queue.o
 .debug_abbrev  0x00000000000037c5      0x34e ./Middlewares/Third_Party/FreeRTOS/Source/tasks.o
 .debug_abbrev  0x0000000000003b13      0x259 ./Middlewares/Third_Party/FreeRTOS/Source/portable/GCC/ARM_CM4F/port.o
 .debug_abbrev  0x0000000000003d6c      0x1ff ./Middlewares/Third_Party/FreeRTOS/Source/portable/MemMang/heap_4.o

.debug_aranges  0x0000000000000000     0x17c0
 .debug_aranges
                0x0000000000000000       0x30 ./Core/Src/Timer_Delay.o
 .debug_aranges
                0x0000000000000030       0xf0 ./Core/Src/bsp.o
 .debug_aranges
                0x0000000000000120       0x20 ./Core/Src/freertos.o
 .debug_aranges
                0x0000000000000140       0x28 ./Core/Src/keypad.o
 .debug_aranges
                0x0000000000000168       0x68 ./Core/Src/lcd_i2cModule.o
 .debug_aranges
                0x00000000000001d0       0x88 ./Core/Src/main.o
 .debug_aranges
                0x0000000000000258       0x68 ./Core/Src/stm32f4xx_hal_msp.o
 .debug_aranges
                0x00000000000002c0       0x30 ./Core/Src/stm32f4xx_hal_timebase_tim.o
 .debug_aranges
                0x00000000000002f0       0x60 ./Core/Src/stm32f4xx_it.o
 .debug_aranges
                0x0000000000000350       0x20 ./Core/Src/sysmem.o
 .debug_aranges
                0x0000000000000370       0x28 ./Core/Src/system_stm32f4xx.o
 .debug_aranges
                0x0000000000000398       0x28 ./Core/Startup/startup_stm32f411vetx.o
 .debug_aranges
                0x00000000000003c0       0xf0 ./Drivers/STM32F4xx_HAL_Driver/Src/stm32f4xx_hal.o
 .debug_aranges
                0x00000000000004b0       0xe8 ./Drivers/STM32F4xx_HAL_Driver/Src/stm32f4xx_hal_adc.o
 .debug_aranges
                0x0000000000000598      0x118 ./Drivers/STM32F4xx_HAL_Driver/Src/stm32f4xx_hal_cortex.o
 .debug_aranges
                0x00000000000006b0       0x90 ./Drivers/STM32F4xx_HAL_Driver/Src/stm32f4xx_hal_dma.o