20:07:42 **** Incremental Build of configuration Debug for project freeRTOSHuerta ****
make -j4 all 
arm-none-eabi-gcc "../Core/Src/main.c" -mcpu=cortex-m4 -std=gnu11 -g3 -DUSE_HAL_DRIVER -DSTM32F411xE -DDEBUG -c -I../Core/Inc -I../Drivers/STM32F4xx_HAL_Driver/Inc -I../Drivers/STM32F4xx_HAL_Driver/Inc/Legacy -I../Middlewares/Third_Party/FreeRTOS/Source/include -I../Middlewares/Third_Party/FreeRTOS/Source/CMSIS_RTOS -I../Middlewares/Third_Party/FreeRTOS/Source/portable/GCC/ARM_CM4F -I../Drivers/CMSIS/Device/ST/STM32F4xx/Include -I../Drivers/CMSIS/Include -O0 -ffunction-sections -fdata-sections -Wall -fstack-usage -MMD -MP -MF"Core/Src/main.d" -MT"Core/Src/main.o" --specs=nano.specs -mfpu=fpv4-sp-d16 -mfloat-abi=hard -mthumb -o "Core/Src/main.o"
../Core/Src/main.c: In function 'main':
../Core/Src/main.c:111:7: warning: unused variable 'rangohmax' [-Wunused-variable]
  111 |   int rangohmax = 60;            //REVISAR RANGO INICIAL DE HUMEDAD
      |       ^~~~~~~~~
../Core/Src/main.c:110:7: warning: unused variable 'rangohmin' [-Wunused-variable]
  110 |   int rangohmin = 50;
      |       ^~~~~~~~~
../Core/Src/main.c:109:7: warning: unused variable 'cortina_manual' [-Wunused-variable]
  109 |   int cortina_manual = 0;        //bandera si se presiona de manera manual la cortina
      |       ^~~~~~~~~~~~~~
../Core/Src/main.c:108:7: warning: unused variable 'estado_cortina' [-Wunused-variable]
  108 |   int estado_cortina = 0;
      |       ^~~~~~~~~~~~~~
arm-none-eabi-gcc -o "freeRTOSHuerta.elf" @"objects.list"   -mcpu=cortex-m4 -T"C:\Users\Facu\STM32CubeIDE\workspace_1.9.0\freeRTOSHuerta\STM32F411VETX_FLASH.ld" --specs=nosys.specs -Wl,-Map="freeRTOSHuerta.map" -Wl,--gc-sections -static --specs=nano.specs -mfpu=fpv4-sp-d16 -mfloat-abi=hard -mthumb -Wl,--start-group -lc -lm -Wl,--end-group
Finished building target: freeRTOSHuerta.elf
 
arm-none-eabi-size   freeRTOSHuerta.elf 
arm-none-eabi-objdump -h -S  freeRTOSHuerta.elf  > "freeRTOSHuerta.list"
   text	   data	    bss	    dec	    hex	filename
  33604	    148	  18948	  52700	   cddc	freeRTOSHuerta.elf
Finished building: default.size.stdout
 
Finished building: freeRTOSHuerta.list
 
20:08:13 **** Incremental Build of configuration Debug for project freeRTOSHuerta ****
make -j4 all 
arm-none-eabi-size   freeRTOSHuerta.elf 
   text	   data	    bss	    dec	    hex	filename
  33604	    148	  18948	  52700	   cddc	freeRTOSHuerta.elf
Finished building: default.size.stdout
 
20:09:51 **** Incremental Build of configuration Debug for project freeRTOSHuerta ****
make -j4 all 
arm-none-eabi-size   freeRTOSHuerta.elf 
   text	   data	    bss	    dec	    hex	filename
  33604	    148	  18948	  52700	   cddc	freeRTOSHuerta.elf
Finished building: default.size.stdout
 
20:11:25 **** Incremental Build of configuration Debug for project freeRTOSHuerta ****
make -j4 all 
arm-none-eabi-size   freeRTOSHuerta.elf 
   text	   data	    bss	    dec	    hex	filename
  33604	    148	  18948	  52700	   cddc	freeRTOSHuerta.elf
Finished building: default.size.stdout
 
20:16:27 **** Incremental Build of configuration Debug for project freeRTOSHuerta ****
make -j4 all 
arm-none-eabi-gcc "../Core/Src/main.c" -mcpu=cortex-m4 -std=gnu11 -g3 -DUSE_HAL_DRIVER -DSTM32F411xE -DDEBUG -c -I../Core/Inc -I../Drivers/STM32F4xx_HAL_Driver/Inc -I../Drivers/STM32F4xx_HAL_Driver/Inc/Legacy -I../Middlewares/Third_Party/FreeRTOS/Source/include -I../Middlewares/Third_Party/FreeRTOS/Source/CMSIS_RTOS -I../Middlewares/Third_Party/FreeRTOS/Source/portable/GCC/ARM_CM4F -I../Drivers/CMSIS/Device/ST/STM32F4xx/Include -I../Drivers/CMSIS/Include -O0 -ffunction-sections -fdata-sections -Wall -fstack-usage -MMD -MP -MF"Core/Src/main.d" -MT"Core/Src/main.o" --specs=nano.specs -mfpu=fpv4-sp-d16 -mfloat-abi=hard -mthumb -o "Core/Src/main.o"
In file included from ../Core/Src/main.c:22:
../Core/Src/main.c: In function 'main':
../Middlewares/Third_Party/FreeRTOS/Source/CMSIS_RTOS/cmsis_os.h:416:10: warning: initialization of 'void (*)(const void *)' from incompatible pointer type 'void (*)(const void *, int,  int,  int,  int)' [-Wincompatible-pointer-types]
  416 | { #name, (thread), (priority), (instances), (stacksz), NULL, NULL }
      |          ^
../Core/Src/main.c:132:3: note: in expansion of macro 'osThreadDef'
  132 |   osThreadDef(defaultTask, StartDefaultTask, osPriorityNormal, 0, 128);
      |   ^~~~~~~~~~~
../Middlewares/Third_Party/FreeRTOS/Source/CMSIS_RTOS/cmsis_os.h:416:10: note: (near initialization for 'os_thread_def_defaultTask.pthread')
  416 | { #name, (thread), (priority), (instances), (stacksz), NULL, NULL }
      |          ^
../Core/Src/main.c:132:3: note: in expansion of macro 'osThreadDef'
  132 |   osThreadDef(defaultTask, StartDefaultTask, osPriorityNormal, 0, 128);
      |   ^~~~~~~~~~~
../Core/Src/main.c:111:7: warning: unused variable 'rangohmax' [-Wunused-variable]
  111 |   int rangohmax = 60;            //REVISAR RANGO INICIAL DE HUMEDAD
      |       ^~~~~~~~~
../Core/Src/main.c:110:7: warning: unused variable 'rangohmin' [-Wunused-variable]
  110 |   int rangohmin = 50;
      |       ^~~~~~~~~
../Core/Src/main.c:109:7: warning: unused variable 'cortina_manual' [-Wunused-variable]
  109 |   int cortina_manual = 0;        //bandera si se presiona de manera manual la cortina
      |       ^~~~~~~~~~~~~~
../Core/Src/main.c:108:7: warning: unused variable 'estado_cortina' [-Wunused-variable]
  108 |   int estado_cortina = 0;
      |       ^~~~~~~~~~~~~~
arm-none-eabi-gcc -o "freeRTOSHuerta.elf" @"objects.list"   -mcpu=cortex-m4 -T"C:\Users\Facu\STM32CubeIDE\workspace_1.9.0\freeRTOSHuerta\STM32F411VETX_FLASH.ld" --specs=nosys.specs -Wl,-Map="freeRTOSHuerta.map" -Wl,--gc-sections -static --specs=nano.specs -mfpu=fpv4-sp-d16 -mfloat-abi=hard -mthumb -Wl,--start-group -lc -lm -Wl,--end-group
Finished building target: freeRTOSHuerta.elf
 
arm-none-eabi-size   freeRTOSHuerta.elf 
arm-none-eabi-objdump -h -S  freeRTOSHuerta.elf  > "freeRTOSHuerta.list"
   text	   data	    bss	    dec	    hex	filename
  36308	    148	  18956	  55412	   d874	freeRTOSHuerta.elf
Finished building: default.size.stdout
 
Finished building: freeRTOSHuerta.list
 
09:10:04 **** Incremental Build of configuration Debug for project freeRTOSHuerta ****
make -j4 all 
arm-none-eabi-gcc "../Core/Src/main.c" -mcpu=cortex-m4 -std=gnu11 -g3 -DUSE_HAL_DRIVER -DSTM32F411xE -DDEBUG -c -I../Core/Inc -I../Drivers/STM32F4xx_HAL_Driver/Inc -I../Drivers/STM32F4xx_HAL_Driver/Inc/Legacy -I../Middlewares/Third_Party/FreeRTOS/Source/include -I../Middlewares/Third_Party/FreeRTOS/Source/CMSIS_RTOS -I../Middlewares/Third_Party/FreeRTOS/Source/portable/GCC/ARM_CM4F -I../Drivers/CMSIS/Device/ST/STM32F4xx/Include -I../Drivers/CMSIS/Include -O0 -ffunction-sections -fdata-sections -Wall -fstack-usage -MMD -MP -MF"Core/Src/main.d" -MT"Core/Src/main.o" --specs=nano.specs -mfpu=fpv4-sp-d16 -mfloat-abi=hard -mthumb -o "Core/Src/main.o"
../Core/Src/main.c: In function 'main':
../Core/Src/main.c:111:7: warning: unused variable 'rangohmax' [-Wunused-variable]
  111 |   int rangohmax = 60;            //REVISAR RANGO INICIAL DE HUMEDAD
      |       ^~~~~~~~~
../Core/Src/main.c:110:7: warning: unused variable 'rangohmin' [-Wunused-variable]
  110 |   int rangohmin = 50;
      |       ^~~~~~~~~
../Core/Src/main.c:109:7: warning: unused variable 'cortina_manual' [-Wunused-variable]
  109 |   int cortina_manual = 0;        //bandera si se presiona de manera manual la cortina
      |       ^~~~~~~~~~~~~~
../Core/Src/main.c:108:7: warning: unused variable 'estado_cortina' [-Wunused-variable]
  108 |   int estado_cortina = 0;
      |       ^~~~~~~~~~~~~~
arm-none-eabi-gcc -o "freeRTOSHuerta.elf" @"objects.list"   -mcpu=cortex-m4 -T"C:\Users\Facu\STM32CubeIDE\workspace_1.9.0\freeRTOSHuerta\STM32F411VETX_FLASH.ld" --specs=nosys.specs -Wl,-Map="freeRTOSHuerta.map" -Wl,--gc-sections -static --specs=nano.specs -mfpu=fpv4-sp-d16 -mfloat-abi=hard -mthumb -Wl,--start-group -lc -lm -Wl,--end-group
Finished building target: freeRTOSHuerta.elf
 
arm-none-eabi-size   freeRTOSHuerta.elf 
arm-none-eabi-objdump -h -S  freeRTOSHuerta.elf  > "freeRTOSHuerta.list"
   text	   data	    bss	    dec	    hex	filename
  33492	    148	  18948	  52588	   cd6c	freeRTOSHuerta.elf
Finished building: default.size.stdout
 
Finished building: freeRTOSHuerta.list
 
09:11:19 **** Incremental Build of configuration Debug for project freeRTOSHuerta ****
make -j4 all 
arm-none-eabi-gcc "../Core/Src/main.c" -mcpu=cortex-m4 -std=gnu11 -g3 -DUSE_HAL_DRIVER -DSTM32F411xE -DDEBUG -c -I../Core/Inc -I../Drivers/STM32F4xx_HAL_Driver/Inc -I../Drivers/STM32F4xx_HAL_Driver/Inc/Legacy -I../Middlewares/Third_Party/FreeRTOS/Source/include -I../Middlewares/Third_Party/FreeRTOS/Source/CMSIS_RTOS -I../Middlewares/Third_Party/FreeRTOS/Source/portable/GCC/ARM_CM4F -I../Drivers/CMSIS/Device/ST/STM32F4xx/Include -I../Drivers/CMSIS/Include -O0 -ffunction-sections -fdata-sections -Wall -fstack-usage -MMD -MP -MF"Core/Src/main.d" -MT"Core/Src/main.o" --specs=nano.specs -mfpu=fpv4-sp-d16 -mfloat-abi=hard -mthumb -o "Core/Src/main.o"
../Core/Src/main.c: In function 'main':
../Core/Src/main.c:111:7: warning: unused variable 'rangohmax' [-Wunused-variable]
  111 |   int rangohmax = 60;            //REVISAR RANGO INICIAL DE HUMEDAD
      |       ^~~~~~~~~
../Core/Src/main.c:110:7: warning: unused variable 'rangohmin' [-Wunused-variable]
  110 |   int rangohmin = 50;
      |       ^~~~~~~~~
../Core/Src/main.c:109:7: warning: unused variable 'cortina_manual' [-Wunused-variable]
  109 |   int cortina_manual = 0;        //bandera si se presiona de manera manual la cortina
      |       ^~~~~~~~~~~~~~
../Core/Src/main.c:108:7: warning: unused variable 'estado_cortina' [-Wunused-variable]
  108 |   int estado_cortina = 0;
      |       ^~~~~~~~~~~~~~
arm-none-eabi-gcc -o "freeRTOSHuerta.elf" @"objects.list"   -mcpu=cortex-m4 -T"C:\Users\Facu\STM32CubeIDE\workspace_1.9.0\freeRTOSHuerta\STM32F411VETX_FLASH.ld" --specs=nosys.specs -Wl,-Map="freeRTOSHuerta.map" -Wl,--gc-sections -static --specs=nano.specs -mfpu=fpv4-sp-d16 -mfloat-abi=hard -mthumb -Wl,--start-group -lc -lm -Wl,--end-group
Finished building target: freeRTOSHuerta.elf
 
arm-none-eabi-size   freeRTOSHuerta.elf 
arm-none-eabi-objdump -h -S  freeRTOSHuerta.elf  > "freeRTOSHuerta.list"
   text	   data	    bss	    dec	    hex	filename
  33492	    148	  18948	  52588	   cd6c	freeRTOSHuerta.elf
Finished building: default.size.stdout
 
Finished building: freeRTOSHuerta.list
 
09:12:06 **** Incremental Build of configuration Debug for project freeRTOSHuerta ****
make -j4 all 
arm-none-eabi-gcc "../Core/Src/main.c" -mcpu=cortex-m4 -std=gnu11 -g3 -DUSE_HAL_DRIVER -DSTM32F411xE -DDEBUG -c -I../Core/Inc -I../Drivers/STM32F4xx_HAL_Driver/Inc -I../Drivers/STM32F4xx_HAL_Driver/Inc/Legacy -I../Middlewares/Third_Party/FreeRTOS/Source/include -I../Middlewares/Third_Party/FreeRTOS/Source/CMSIS_RTOS -I../Middlewares/Third_Party/FreeRTOS/Source/portable/GCC/ARM_CM4F -I../Drivers/CMSIS/Device/ST/STM32F4xx/Include -I../Drivers/CMSIS/Include -O0 -ffunction-sections -fdata-sections -Wall -fstack-usage -MMD -MP -MF"Core/Src/main.d" -MT"Core/Src/main.o" --specs=nano.specs -mfpu=fpv4-sp-d16 -mfloat-abi=hard -mthumb -o "Core/Src/main.o"
../Core/Src/main.c: In function 'main':
../Core/Src/main.c:111:7: warning: unused variable 'rangohmax' [-Wunused-variable]
  111 |   int rangohmax = 60;            //REVISAR RANGO INICIAL DE HUMEDAD
      |       ^~~~~~~~~
../Core/Src/main.c:110:7: warning: unused variable 'rangohmin' [-Wunused-variable]
  110 |   int rangohmin = 50;
      |       ^~~~~~~~~
../Core/Src/main.c:109:7: warning: unused variable 'cortina_manual' [-Wunused-variable]
  109 |   int cortina_manual = 0;        //bandera si se presiona de manera manual la cortina
      |       ^~~~~~~~~~~~~~
../Core/Src/main.c:108:7: warning: unused variable 'estado_cortina' [-Wunused-variable]
  108 |   int estado_cortina = 0;
      |       ^~~~~~~~~~~~~~
arm-none-eabi-gcc -o "freeRTOSHuerta.elf" @"objects.list"   -mcpu=cortex-m4 -T"C:\Users\Facu\STM32CubeIDE\workspace_1.9.0\freeRTOSHuerta\STM32F411VETX_FLASH.ld" --specs=nosys.specs -Wl,-Map="freeRTOSHuerta.map" -Wl,--gc-sections -static --specs=nano.specs -mfpu=fpv4-sp-d16 -mfloat-abi=hard -mthumb -Wl,--start-group -lc -lm -Wl,--end-group
Finished building target: freeRTOSHuerta.elf
 
arm-none-eabi-size   freeRTOSHuerta.elf 
arm-none-eabi-objdump -h -S  freeRTOSHuerta.elf  > "freeRTOSHuerta.list"
   text	   data	    bss	    dec	    hex	filename
  33492	    148	  18948	  52588	   cd6c	freeRTOSHuerta.elf
Finished building: default.size.stdout
 
Finished building: freeRTOSHuerta.list
 
09:12:47 **** Incremental Build of configuration Debug for project freeRTOSHuerta ****
make -j4 all 
arm-none-eabi-gcc "../Core/Src/main.c" -mcpu=cortex-m4 -std=gnu11 -g3 -DUSE_HAL_DRIVER -DSTM32F411xE -DDEBUG -c -I../Core/Inc -I../Drivers/STM32F4xx_HAL_Driver/Inc -I../Drivers/STM32F4xx_HAL_Driver/Inc/Legacy -I../Middlewares/Third_Party/FreeRTOS/Source/include -I../Middlewares/Third_Party/FreeRTOS/Source/CMSIS_RTOS -I../Middlewares/Third_Party/FreeRTOS/Source/portable/GCC/ARM_CM4F -I../Drivers/CMSIS/Device/ST/STM32F4xx/Include -I../Drivers/CMSIS/Include -O0 -ffunction-sections -fdata-sections -Wall -fstack-usage -MMD -MP -MF"Core/Src/main.d" -MT"Core/Src/main.o" --specs=nano.specs -mfpu=fpv4-sp-d16 -mfloat-abi=hard -mthumb -o "Core/Src/main.o"
../Core/Src/main.c: In function 'main':
../Core/Src/main.c:111:7: warning: unused variable 'rangohmax' [-Wunused-variable]
  111 |   int rangohmax = 60;            //REVISAR RANGO INICIAL DE HUMEDAD
      |       ^~~~~~~~~
../Core/Src/main.c:110:7: warning: unused variable 'rangohmin' [-Wunused-variable]
  110 |   int rangohmin = 50;
      |       ^~~~~~~~~
../Core/Src/main.c:109:7: warning: unused variable 'cortina_manual' [-Wunused-variable]
  109 |   int cortina_manual = 0;        //bandera si se presiona de manera manual la cortina
      |       ^~~~~~~~~~~~~~
../Core/Src/main.c:108:7: warning: unused variable 'estado_cortina' [-Wunused-variable]
  108 |   int estado_cortina = 0;
      |       ^~~~~~~~~~~~~~
arm-none-eabi-gcc -o "freeRTOSHuerta.elf" @"objects.list"   -mcpu=cortex-m4 -T"C:\Users\Facu\STM32CubeIDE\workspace_1.9.0\freeRTOSHuerta\STM32F411VETX_FLASH.ld" --specs=nosys.specs -Wl,-Map="freeRTOSHuerta.map" -Wl,--gc-sections -static --specs=nano.specs -mfpu=fpv4-sp-d16 -mfloat-abi=hard -mthumb -Wl,--start-group -lc -lm -Wl,--end-group
Finished building target: freeRTOSHuerta.elf
 
arm-none-eabi-size   freeRTOSHuerta.elf 
arm-none-eabi-objdump -h -S  freeRTOSHuerta.elf  > "freeRTOSHuerta.list"
   text	   data	    bss	    dec	    hex	filename
  33492	    148	  18948	  52588	   cd6c	freeRTOSHuerta.elf
Finished building: default.size.stdout
 
Finished building: freeRTOSHuerta.list
 
09:24:44 **** Incremental Build of configuration Debug for project freeRTOSHuerta ****
make -j4 all 
arm-none-eabi-gcc "../Core/Src/main.c" -mcpu=cortex-m4 -std=gnu11 -g3 -DUSE_HAL_DRIVER -DSTM32F411xE -DDEBUG -c -I../Core/Inc -I../Drivers/STM32F4xx_HAL_Driver/Inc -I../Drivers/STM32F4xx_HAL_Driver/Inc/Legacy -I../Middlewares/Third_Party/FreeRTOS/Source/include -I../Middlewares/Third_Party/FreeRTOS/Source/CMSIS_RTOS -I../Middlewares/Third_Party/FreeRTOS/Source/portable/GCC/ARM_CM4F -I../Drivers/CMSIS/Device/ST/STM32F4xx/Include -I../Drivers/CMSIS/Include -O0 -ffunction-sections -fdata-sections -Wall -fstack-usage -MMD -MP -MF"Core/Src/main.d" -MT"Core/Src/main.o" --specs=nano.specs -mfpu=fpv4-sp-d16 -mfloat-abi=hard -mthumb -o "Core/Src/main.o"
../Core/Src/main.c: In function 'main':
../Core/Src/main.c:111:7: warning: unused variable 'rangohmax' [-Wunused-variable]
  111 |   int rangohmax = 60;            //REVISAR RANGO INICIAL DE HUMEDAD
      |       ^~~~~~~~~
../Core/Src/main.c:110:7: warning: unused variable 'rangohmin' [-Wunused-variable]
  110 |   int rangohmin = 50;
      |       ^~~~~~~~~
../Core/Src/main.c:109:7: warning: unused variable 'cortina_manual' [-Wunused-variable]
  109 |   int cortina_manual = 0;        //bandera si se presiona de manera manual la cortina
      |       ^~~~~~~~~~~~~~
../Core/Src/main.c:108:7: warning: unused variable 'estado_cortina' [-Wunused-variable]
  108 |   int estado_cortina = 0;
      |       ^~~~~~~~~~~~~~
arm-none-eabi-gcc -o "freeRTOSHuerta.elf" @"objects.list"   -mcpu=cortex-m4 -T"C:\Users\Facu\STM32CubeIDE\workspace_1.9.0\freeRTOSHuerta\STM32F411VETX_FLASH.ld" --specs=nosys.specs -Wl,-Map="freeRTOSHuerta.map" -Wl,--gc-sections -static --specs=nano.specs -mfpu=fpv4-sp-d16 -mfloat-abi=hard -mthumb -Wl,--start-group -lc -lm -Wl,--end-group
Finished building target: freeRTOSHuerta.elf
 
arm-none-eabi-size   freeRTOSHuerta.elf 
arm-none-eabi-objdump -h -S  freeRTOSHuerta.elf  > "freeRTOSHuerta.list"
   text	   data	    bss	    dec	    hex	filename
  33492	    148	  18948	  52588	   cd6c	freeRTOSHuerta.elf
Finished building: default.size.stdout
 
Finished building: freeRTOSHuerta.list
 
09:27:10 **** Incremental Build of configuration Debug for project freeRTOSHuerta ****
make -j4 all 
arm-none-eabi-gcc "../Core/Src/bsp.c" -mcpu=cortex-m4 -std=gnu11 -g3 -DUSE_HAL_DRIVER -DSTM32F411xE -DDEBUG -c -I../Core/Inc -I../Drivers/STM32F4xx_HAL_Driver/Inc -I../Drivers/STM32F4xx_HAL_Driver/Inc/Legacy -I../Middlewares/Third_Party/FreeRTOS/Source/include -I../Middlewares/Third_Party/FreeRTOS/Source/CMSIS_RTOS -I../Middlewares/Third_Party/FreeRTOS/Source/portable/GCC/ARM_CM4F -I../Drivers/CMSIS/Device/ST/STM32F4xx/Include -I../Drivers/CMSIS/Include -O0 -ffunction-sections -fdata-sections -Wall -fstack-usage -MMD -MP -MF"Core/Src/bsp.d" -MT"Core/Src/bsp.o" --specs=nano.specs -mfpu=fpv4-sp-d16 -mfloat-abi=hard -mthumb -o "Core/Src/bsp.o"
arm-none-eabi-gcc "../Core/Src/main.c" -mcpu=cortex-m4 -std=gnu11 -g3 -DUSE_HAL_DRIVER -DSTM32F411xE -DDEBUG -c -I../Core/Inc -I../Drivers/STM32F4xx_HAL_Driver/Inc -I../Drivers/STM32F4xx_HAL_Driver/Inc/Legacy -I../Middlewares/Third_Party/FreeRTOS/Source/include -I../Middlewares/Third_Party/FreeRTOS/Source/CMSIS_RTOS -I../Middlewares/Third_Party/FreeRTOS/Source/portable/GCC/ARM_CM4F -I../Drivers/CMSIS/Device/ST/STM32F4xx/Include -I../Drivers/CMSIS/Include -O0 -ffunction-sections -fdata-sections -Wall -fstack-usage -MMD -MP -MF"Core/Src/main.d" -MT"Core/Src/main.o" --specs=nano.specs -mfpu=fpv4-sp-d16 -mfloat-abi=hard -mthumb -o "Core/Src/main.o"
../Core/Src/main.c: In function 'main':
../Core/Src/main.c:111:7: warning: unused variable 'rangohmax' [-Wunused-variable]
  111 |   int rangohmax = 60;            //REVISAR RANGO INICIAL DE HUMEDAD
      |       ^~~~~~~~~
../Core/Src/main.c:110:7: warning: unused variable 'rangohmin' [-Wunused-variable]
  110 |   int rangohmin = 50;
      |       ^~~~~~~~~
../Core/Src/main.c:109:7: warning: unused variable 'cortina_manual' [-Wunused-variable]
  109 |   int cortina_manual = 0;        //bandera si se presiona de manera manual la cortina
      |       ^~~~~~~~~~~~~~
../Core/Src/main.c:108:7: warning: unused variable 'estado_cortina' [-Wunused-variable]
  108 |   int estado_cortina = 0;
      |       ^~~~~~~~~~~~~~
arm-none-eabi-gcc -o "freeRTOSHuerta.elf" @"objects.list"   -mcpu=cortex-m4 -T"C:\Users\Facu\STM32CubeIDE\workspace_1.9.0\freeRTOSHuerta\STM32F411VETX_FLASH.ld" --specs=nosys.specs -Wl,-Map="freeRTOSHuerta.map" -Wl,--gc-sections -static --specs=nano.specs -mfpu=fpv4-sp-d16 -mfloat-abi=hard -mthumb -Wl,--start-group -lc -lm -Wl,--end-group
Finished building target: freeRTOSHuerta.elf
 
arm-none-eabi-size   freeRTOSHuerta.elf 
arm-none-eabi-objdump -h -S  freeRTOSHuerta.elf  > "freeRTOSHuerta.list"
   text	   data	    bss	    dec	    hex	filename
  33492	    148	  18948	  52588	   cd6c	freeRTOSHuerta.elf
Finished building: default.size.stdout
 
Finished building: freeRTOSHuerta.list
 
09:28:06 **** Incremental Build of configuration Debug for project freeRTOSHuerta ****
make -j4 all 
arm-none-eabi-size   freeRTOSHuerta.elf 
   text	   data	    bss	    dec	    hex	filename
  33492	    148	  18948	  52588	   cd6c	freeRTOSHuerta.elf
Finished building: default.size.stdout
 
09:29:00 **** Incremental Build of configuration Debug for project freeRTOSHuerta ****
make -j4 all 
arm-none-eabi-gcc "../Core/Src/bsp.c" -mcpu=cortex-m4 -std=gnu11 -g3 -DUSE_HAL_DRIVER -DSTM32F411xE -DDEBUG -c -I../Core/Inc -I../Drivers/STM32F4xx_HAL_Driver/Inc -I../Drivers/STM32F4xx_HAL_Driver/Inc/Legacy -I../Middlewares/Third_Party/FreeRTOS/Source/include -I../Middlewares/Third_Party/FreeRTOS/Source/CMSIS_RTOS -I../Middlewares/Third_Party/FreeRTOS/Source/portable/GCC/ARM_CM4F -I../Drivers/CMSIS/Device/ST/STM32F4xx/Include -I../Drivers/CMSIS/Include -O0 -ffunction-sections -fdata-sections -Wall -fstack-usage -MMD -MP -MF"Core/Src/bsp.d" -MT"Core/Src/bsp.o" --specs=nano.specs -mfpu=fpv4-sp-d16 -mfloat-abi=hard -mthumb -o "Core/Src/bsp.o"
arm-none-eabi-gcc -o "freeRTOSHuerta.elf" @"objects.list"   -mcpu=cortex-m4 -T"C:\Users\Facu\STM32CubeIDE\workspace_1.9.0\freeRTOSHuerta\STM32F411VETX_FLASH.ld" --specs=nosys.specs -Wl,-Map="freeRTOSHuerta.map" -Wl,--gc-sections -static --specs=nano.specs -mfpu=fpv4-sp-d16 -mfloat-abi=hard -mthumb -Wl,--start-group -lc -lm -Wl,--end-group
Finished building target: freeRTOSHuerta.elf
 
arm-none-eabi-size   freeRTOSHuerta.elf 
arm-none-eabi-objdump -h -S  freeRTOSHuerta.elf  > "freeRTOSHuerta.list"
   text	   data	    bss	    dec	    hex	filename
  33492	    148	  18948	  52588	   cd6c	freeRTOSHuerta.elf
Finished building: default.size.stdout
 
Finished building: freeRTOSHuerta.list
 
09:30:04 **** Incremental Build of configuration Debug for project freeRTOSHuerta ****
make -j4 all 
arm-none-eabi-gcc "../Core/Src/bsp.c" -mcpu=cortex-m4 -std=gnu11 -g3 -DUSE_HAL_DRIVER -DSTM32F411xE -DDEBUG -c -I../Core/Inc -I../Drivers/STM32F4xx_HAL_Driver/Inc -I../Drivers/STM32F4xx_HAL_Driver/Inc/Legacy -I../Middlewares/Third_Party/FreeRTOS/Source/include -I../Middlewares/Third_Party/FreeRTOS/Source/CMSIS_RTOS -I../Middlewares/Third_Party/FreeRTOS/Source/portable/GCC/ARM_CM4F -I../Drivers/CMSIS/Device/ST/STM32F4xx/Include -I../Drivers/CMSIS/Include -O0 -ffunction-sections -fdata-sections -Wall -fstack-usage -MMD -MP -MF"Core/Src/bsp.d" -MT"Core/Src/bsp.o" --specs=nano.specs -mfpu=fpv4-sp-d16 -mfloat-abi=hard -mthumb -o "Core/Src/bsp.o"
arm-none-eabi-gcc "../Core/Src/main.c" -mcpu=cortex-m4 -std=gnu11 -g3 -DUSE_HAL_DRIVER -DSTM32F411xE -DDEBUG -c -I../Core/Inc -I../Drivers/STM32F4xx_HAL_Driver/Inc -I../Drivers/STM32F4xx_HAL_Driver/Inc/Legacy -I../Middlewares/Third_Party/FreeRTOS/Source/include -I../Middlewares/Third_Party/FreeRTOS/Source/CMSIS_RTOS -I../Middlewares/Third_Party/FreeRTOS/Source/portable/GCC/ARM_CM4F -I../Drivers/CMSIS/Device/ST/STM32F4xx/Include -I../Drivers/CMSIS/Include -O0 -ffunction-sections -fdata-sections -Wall -fstack-usage -MMD -MP -MF"Core/Src/main.d" -MT"Core/Src/main.o" --specs=nano.specs -mfpu=fpv4-sp-d16 -mfloat-abi=hard -mthumb -o "Core/Src/main.o"
../Core/Src/main.c: In function 'main':
../Core/Src/main.c:111:7: warning: unused variable 'rangohmax' [-Wunused-variable]
  111 |   int rangohmax = 60;            //REVISAR RANGO INICIAL DE HUMEDAD
      |       ^~~~~~~~~
../Core/Src/main.c:110:7: warning: unused variable 'rangohmin' [-Wunused-variable]
  110 |   int rangohmin = 50;
      |       ^~~~~~~~~
../Core/Src/main.c:109:7: warning: unused variable 'cortina_manual' [-Wunused-variable]
  109 |   int cortina_manual = 0;        //bandera si se presiona de manera manual la cortina
      |       ^~~~~~~~~~~~~~
../Core/Src/main.c:108:7: warning: unused variable 'estado_cortina' [-Wunused-variable]
  108 |   int estado_cortina = 0;
      |       ^~~~~~~~~~~~~~
arm-none-eabi-gcc -o "freeRTOSHuerta.elf" @"objects.list"   -mcpu=cortex-m4 -T"C:\Users\Facu\STM32CubeIDE\workspace_1.9.0\freeRTOSHuerta\STM32F411VETX_FLASH.ld" --specs=nosys.specs -Wl,-Map="freeRTOSHuerta.map" -Wl,--gc-sections -static --specs=nano.specs -mfpu=fpv4-sp-d16 -mfloat-abi=hard -mthumb -Wl,--start-group -lc -lm -Wl,--end-group
Finished building target: freeRTOSHuerta.elf
 
arm-none-eabi-size   freeRTOSHuerta.elf 
arm-none-eabi-objdump -h -S  freeRTOSHuerta.elf  > "freeRTOSHuerta.list"
   text	   data	    bss	    dec	    hex	filename
  33492	    148	  18948	  52588	   cd6c	freeRTOSHuerta.elf
Finished building: default.size.stdout
 
Finished building: freeRTOSHuerta.list
 
09:30:44 **** Incremental Build of configuration Debug for project freeRTOSHuerta ****
make -j4 all 
arm-none-eabi-gcc "../Core/Src/bsp.c" -mcpu=cortex-m4 -std=gnu11 -g3 -DUSE_HAL_DRIVER -DSTM32F411xE -DDEBUG -c -I../Core/Inc -I../Drivers/STM32F4xx_HAL_Driver/Inc -I../Drivers/STM32F4xx_HAL_Driver/Inc/Legacy -I../Middlewares/Third_Party/FreeRTOS/Source/include -I../Middlewares/Third_Party/FreeRTOS/Source/CMSIS_RTOS -I../Middlewares/Third_Party/FreeRTOS/Source/portable/GCC/ARM_CM4F -I../Drivers/CMSIS/Device/ST/STM32F4xx/Include -I../Drivers/CMSIS/Include -O0 -ffunction-sections -fdata-sections -Wall -fstack-usage -MMD -MP -MF"Core/Src/bsp.d" -MT"Core/Src/bsp.o" --specs=nano.specs -mfpu=fpv4-sp-d16 -mfloat-abi=hard -mthumb -o "Core/Src/bsp.o"
arm-none-eabi-gcc "../Core/Src/main.c" -mcpu=cortex-m4 -std=gnu11 -g3 -DUSE_HAL_DRIVER -DSTM32F411xE -DDEBUG -c -I../Core/Inc -I../Drivers/STM32F4xx_HAL_Driver/Inc -I../Drivers/STM32F4xx_HAL_Driver/Inc/Legacy -I../Middlewares/Third_Party/FreeRTOS/Source/include -I../Middlewares/Third_Party/FreeRTOS/Source/CMSIS_RTOS -I../Middlewares/Third_Party/FreeRTOS/Source/portable/GCC/ARM_CM4F -I../Drivers/CMSIS/Device/ST/STM32F4xx/Include -I../Drivers/CMSIS/Include -O0 -ffunction-sections -fdata-sections -Wall -fstack-usage -MMD -MP -MF"Core/Src/main.d" -MT"Core/Src/main.o" --specs=nano.specs -mfpu=fpv4-sp-d16 -mfloat-abi=hard -mthumb -o "Core/Src/main.o"
../Core/Src/main.c: In function 'main':
../Core/Src/main.c:111:7: warning: unused variable 'rangohmax' [-Wunused-variable]
  111 |   int rangohmax = 60;            //REVISAR RANGO INICIAL DE HUMEDAD
      |       ^~~~~~~~~
../Core/Src/main.c:110:7: warning: unused variable 'rangohmin' [-Wunused-variable]
  110 |   int rangohmin = 50;
      |       ^~~~~~~~~
../Core/Src/main.c:109:7: warning: unused variable 'cortina_manual' [-Wunused-variable]
  109 |   int cortina_manual = 0;        //bandera si se presiona de manera manual la cortina
      |       ^~~~~~~~~~~~~~
../Core/Src/main.c:108:7: warning: unused variable 'estado_cortina' [-Wunused-variable]
  108 |   int estado_cortina = 0;
      |       ^~~~~~~~~~~~~~
arm-none-eabi-gcc -o "freeRTOSHuerta.elf" @"objects.list"   -mcpu=cortex-m4 -T"C:\Users\Facu\STM32CubeIDE\workspace_1.9.0\freeRTOSHuerta\STM32F411VETX_FLASH.ld" --specs=nosys.specs -Wl,-Map="freeRTOSHuerta.map" -Wl,--gc-sections -static --specs=nano.specs -mfpu=fpv4-sp-d16 -mfloat-abi=hard -mthumb -Wl,--start-group -lc -lm -Wl,--end-group
Finished building target: freeRTOSHuerta.elf
 
arm-none-eabi-size   freeRTOSHuerta.elf 
arm-none-eabi-objdump -h -S  freeRTOSHuerta.elf  > "freeRTOSHuerta.list"
   text	   data	    bss	    dec	    hex	filename
  33492	    148	  18948	  52588	   cd6c	freeRTOSHuerta.elf
Finished building: default.size.stdout
 
Finished building: freeRTOSHuerta.list
 
09:31:30 **** Incremental Build of configuration Debug for project freeRTOSHuerta ****
make -j4 all 
arm-none-eabi-gcc "../Core/Src/bsp.c" -mcpu=cortex-m4 -std=gnu11 -g3 -DUSE_HAL_DRIVER -DSTM32F411xE -DDEBUG -c -I../Core/Inc -I../Drivers/STM32F4xx_HAL_Driver/Inc -I../Drivers/STM32F4xx_HAL_Driver/Inc/Legacy -I../Middlewares/Third_Party/FreeRTOS/Source/include -I../Middlewares/Third_Party/FreeRTOS/Source/CMSIS_RTOS -I../Middlewares/Third_Party/FreeRTOS/Source/portable/GCC/ARM_CM4F -I../Drivers/CMSIS/Device/ST/STM32F4xx/Include -I../Drivers/CMSIS/Include -O0 -ffunction-sections -fdata-sections -Wall -fstack-usage -MMD -MP -MF"Core/Src/bsp.d" -MT"Core/Src/bsp.o" --specs=nano.specs -mfpu=fpv4-sp-d16 -mfloat-abi=hard -mthumb -o "Core/Src/bsp.o"
arm-none-eabi-gcc "../Core/Src/main.c" -mcpu=cortex-m4 -std=gnu11 -g3 -DUSE_HAL_DRIVER -DSTM32F411xE -DDEBUG -c -I../Core/Inc -I../Drivers/STM32F4xx_HAL_Driver/Inc -I../Drivers/STM32F4xx_HAL_Driver/Inc/Legacy -I../Middlewares/Third_Party/FreeRTOS/Source/include -I../Middlewares/Third_Party/FreeRTOS/Source/CMSIS_RTOS -I../Middlewares/Third_Party/FreeRTOS/Source/portable/GCC/ARM_CM4F -I../Drivers/CMSIS/Device/ST/STM32F4xx/Include -I../Drivers/CMSIS/Include -O0 -ffunction-sections -fdata-sections -Wall -fstack-usage -MMD -MP -MF"Core/Src/main.d" -MT"Core/Src/main.o" --specs=nano.specs -mfpu=fpv4-sp-d16 -mfloat-abi=hard -mthumb -o "Core/Src/main.o"
../Core/Src/main.c: In function 'main':
../Core/Src/main.c:111:7: warning: unused variable 'rangohmax' [-Wunused-variable]
  111 |   int rangohmax = 60;            //REVISAR RANGO INICIAL DE HUMEDAD
      |       ^~~~~~~~~
../Core/Src/main.c:110:7: warning: unused variable 'rangohmin' [-Wunused-variable]
  110 |   int rangohmin = 50;
      |       ^~~~~~~~~
../Core/Src/main.c:109:7: warning: unused variable 'cortina_manual' [-Wunused-variable]
  109 |   int cortina_manual = 0;        //bandera si se presiona de manera manual la cortina
      |       ^~~~~~~~~~~~~~
../Core/Src/main.c:108:7: warning: unused variable 'estado_cortina' [-Wunused-variable]
  108 |   int estado_cortina = 0;
      |       ^~~~~~~~~~~~~~
arm-none-eabi-gcc -o "freeRTOSHuerta.elf" @"objects.list"   -mcpu=cortex-m4 -T"C:\Users\Facu\STM32CubeIDE\workspace_1.9.0\freeRTOSHuerta\STM32F411VETX_FLASH.ld" --specs=nosys.specs -Wl,-Map="freeRTOSHuerta.map" -Wl,--gc-sections -static --specs=nano.specs -mfpu=fpv4-sp-d16 -mfloat-abi=hard -mthumb -Wl,--start-group -lc -lm -Wl,--end-group
Finished building target: freeRTOSHuerta.elf
 
arm-none-eabi-size   freeRTOSHuerta.elf 
arm-none-eabi-objdump -h -S  freeRTOSHuerta.elf  > "freeRTOSHuerta.list"
   text	   data	    bss	    dec	    hex	filename
  33492	    148	  18948	  52588	   cd6c	freeRTOSHuerta.elf
Finished building: default.size.stdout
 
Finished building: freeRTOSHuerta.list
 
09:32:40 **** Incremental Build of configuration Debug for project freeRTOSHuerta ****
make -j4 all 
arm-none-eabi-gcc "../Core/Src/main.c" -mcpu=cortex-m4 -std=gnu11 -g3 -DUSE_HAL_DRIVER -DSTM32F411xE -DDEBUG -c -I../Core/Inc -I../Drivers/STM32F4xx_HAL_Driver/Inc -I../Drivers/STM32F4xx_HAL_Driver/Inc/Legacy -I../Middlewares/Third_Party/FreeRTOS/Source/include -I../Middlewares/Third_Party/FreeRTOS/Source/CMSIS_RTOS -I../Middlewares/Third_Party/FreeRTOS/Source/portable/GCC/ARM_CM4F -I../Drivers/CMSIS/Device/ST/STM32F4xx/Include -I../Drivers/CMSIS/Include -O0 -ffunction-sections -fdata-sections -Wall -fstack-usage -MMD -MP -MF"Core/Src/main.d" -MT"Core/Src/main.o" --specs=nano.specs -mfpu=fpv4-sp-d16 -mfloat-abi=hard -mthumb -o "Core/Src/main.o"
../Core/Src/main.c: In function 'main':
../Core/Src/main.c:111:7: warning: unused variable 'rangohmax' [-Wunused-variable]
  111 |   int rangohmax = 60;            //REVISAR RANGO INICIAL DE HUMEDAD
      |       ^~~~~~~~~
../Core/Src/main.c:110:7: warning: unused variable 'rangohmin' [-Wunused-variable]
  110 |   int rangohmin = 50;
      |       ^~~~~~~~~
../Core/Src/main.c:109:7: warning: unused variable 'cortina_manual' [-Wunused-variable]
  109 |   int cortina_manual = 0;        //bandera si se presiona de manera manual la cortina
      |       ^~~~~~~~~~~~~~
../Core/Src/main.c:108:7: warning: unused variable 'estado_cortina' [-Wunused-variable]
  108 |   int estado_cortina = 0;
      |       ^~~~~~~~~~~~~~
arm-none-eabi-gcc -o "freeRTOSHuerta.elf" @"objects.list"   -mcpu=cortex-m4 -T"C:\Users\Facu\STM32CubeIDE\workspace_1.9.0\freeRTOSHuerta\STM32F411VETX_FLASH.ld" --specs=nosys.specs -Wl,-Map="freeRTOSHuerta.map" -Wl,--gc-sections -static --specs=nano.specs -mfpu=fpv4-sp-d16 -mfloat-abi=hard -mthumb -Wl,--start-group -lc -lm -Wl,--end-group
Finished building target: freeRTOSHuerta.elf
 
arm-none-eabi-size   freeRTOSHuerta.elf 
arm-none-eabi-objdump -h -S  freeRTOSHuerta.elf  > "freeRTOSHuerta.list"
   text	   data	    bss	    dec	    hex	filename
  33492	    148	  18948	  52588	   cd6c	freeRTOSHuerta.elf
Finished building: default.size.stdout
 
Finished building: freeRTOSHuerta.list
 
09:46:46 **** Incremental Build of configuration Debug for project freeRTOSHuerta ****
make -j4 all 
arm-none-eabi-gcc "../Core/Src/main.c" -mcpu=cortex-m4 -std=gnu11 -g3 -DUSE_HAL_DRIVER -DSTM32F411xE -DDEBUG -c -I../Core/Inc -I../Drivers/STM32F4xx_HAL_Driver/Inc -I../Drivers/STM32F4xx_HAL_Driver/Inc/Legacy -I../Middlewares/Third_Party/FreeRTOS/Source/include -I../Middlewares/Third_Party/FreeRTOS/Source/CMSIS_RTOS -I../Middlewares/Third_Party/FreeRTOS/Source/portable/GCC/ARM_CM4F -I../Drivers/CMSIS/Device/ST/STM32F4xx/Include -I../Drivers/CMSIS/Include -O0 -ffunction-sections -fdata-sections -Wall -fstack-usage -MMD -MP -MF"Core/Src/main.d" -MT"Core/Src/main.o" --specs=nano.specs -mfpu=fpv4-sp-d16 -mfloat-abi=hard -mthumb -o "Core/Src/main.o"
../Core/Src/main.c: In function 'main':
../Core/Src/main.c:111:7: warning: unused variable 'rangohmax' [-Wunused-variable]
  111 |   int rangohmax = 60;            //REVISAR RANGO INICIAL DE HUMEDAD
      |       ^~~~~~~~~
../Core/Src/main.c:110:7: warning: unused variable 'rangohmin' [-Wunused-variable]
  110 |   int rangohmin = 50;
      |       ^~~~~~~~~
../Core/Src/main.c:109:7: warning: unused variable 'cortina_manual' [-Wunused-variable]
  109 |   int cortina_manual = 0;        //bandera si se presiona de manera manual la cortina
      |       ^~~~~~~~~~~~~~
../Core/Src/main.c:108:7: warning: unused variable 'estado_cortina' [-Wunused-variable]
  108 |   int estado_cortina = 0;
      |       ^~~~~~~~~~~~~~
arm-none-eabi-gcc -o "freeRTOSHuerta.elf" @"objects.list"   -mcpu=cortex-m4 -T"C:\Users\Facu\STM32CubeIDE\workspace_1.9.0\freeRTOSHuerta\STM32F411VETX_FLASH.ld" --specs=nosys.specs -Wl,-Map="freeRTOSHuerta.map" -Wl,--gc-sections -static --specs=nano.specs -mfpu=fpv4-sp-d16 -mfloat-abi=hard -mthumb -Wl,--start-group -lc -lm -Wl,--end-group
Finished building target: freeRTOSHuerta.elf
 
arm-none-eabi-size   freeRTOSHuerta.elf 
arm-none-eabi-objdump -h -S  freeRTOSHuerta.elf  > "freeRTOSHuerta.list"
   text	   data	    bss	    dec	    hex	filename
  31128	    148	  18932	  50208	   c420	freeRTOSHuerta.elf
Finished building: default.size.stdout
 
Finished building: freeRTOSHuerta.list
 
10:09:39 **** Incremental Build of configuration Debug for project freeRTOSHuerta ****
make -j4 all 
arm-none-eabi-gcc "../Core/Src/main.c" -mcpu=cortex-m4 -std=gnu11 -g3 -DUSE_HAL_DRIVER -DSTM32F411xE -DDEBUG -c -I../Core/Inc -I../Drivers/STM32F4xx_HAL_Driver/Inc -I../Drivers/STM32F4xx_HAL_Driver/Inc/Legacy -I../Middlewares/Third_Party/FreeRTOS/Source/include -I../Middlewares/Third_Party/FreeRTOS/Source/CMSIS_RTOS -I../Middlewares/Third_Party/FreeRTOS/Source/portable/GCC/ARM_CM4F -I../Drivers/CMSIS/Device/ST/STM32F4xx/Include -I../Drivers/CMSIS/Include -O0 -ffunction-sections -fdata-sections -Wall -fstack-usage -MMD -MP -MF"Core/Src/main.d" -MT"Core/Src/main.o" --specs=nano.specs -mfpu=fpv4-sp-d16 -mfloat-abi=hard -mthumb -o "Core/Src/main.o"
../Core/Src/main.c: In function 'main':
../Core/Src/main.c:111:7: warning: unused variable 'rangohmax' [-Wunused-variable]
  111 |   int rangohmax = 60;            //REVISAR RANGO INICIAL DE HUMEDAD
      |       ^~~~~~~~~
../Core/Src/main.c:110:7: warning: unused variable 'rangohmin' [-Wunused-variable]
  110 |   int rangohmin = 50;
      |       ^~~~~~~~~
../Core/Src/main.c:109:7: warning: unused variable 'cortina_manual' [-Wunused-variable]
  109 |   int cortina_manual = 0;        //bandera si se presiona de manera manual la cortina
      |       ^~~~~~~~~~~~~~
../Core/Src/main.c:108:7: warning: unused variable 'estado_cortina' [-Wunused-variable]
  108 |   int estado_cortina = 0;
      |       ^~~~~~~~~~~~~~
arm-none-eabi-gcc -o "freeRTOSHuerta.elf" @"objects.list"   -mcpu=cortex-m4 -T"C:\Users\Facu\STM32CubeIDE\workspace_1.9.0\freeRTOSHuerta\STM32F411VETX_FLASH.ld" --specs=nosys.specs -Wl,-Map="freeRTOSHuerta.map" -Wl,--gc-sections -static --specs=nano.specs -mfpu=fpv4-sp-d16 -mfloat-abi=hard -mthumb -Wl,--start-group -lc -lm -Wl,--end-group
Finished building target: freeRTOSHuerta.elf
 
arm-none-eabi-size   freeRTOSHuerta.elf 
arm-none-eabi-objdump -h -S  freeRTOSHuerta.elf  > "freeRTOSHuerta.list"
   text	   data	    bss	    dec	    hex	filename
  31160	    148	  18932	  50240	   c440	freeRTOSHuerta.elf
Finished building: default.size.stdout
 
Finished building: freeRTOSHuerta.list
 
10:10:37 **** Incremental Build of configuration Debug for project freeRTOSHuerta ****
make -j4 all 
arm-none-eabi-gcc "../Core/Src/main.c" -mcpu=cortex-m4 -std=gnu11 -g3 -DUSE_HAL_DRIVER -DSTM32F411xE -DDEBUG -c -I../Core/Inc -I../Drivers/STM32F4xx_HAL_Driver/Inc -I../Drivers/STM32F4xx_HAL_Driver/Inc/Legacy -I../Middlewares/Third_Party/FreeRTOS/Source/include -I../Middlewares/Third_Party/FreeRTOS/Source/CMSIS_RTOS -I../Middlewares/Third_Party/FreeRTOS/Source/portable/GCC/ARM_CM4F -I../Drivers/CMSIS/Device/ST/STM32F4xx/Include -I../Drivers/CMSIS/Include -O0 -ffunction-sections -fdata-sections -Wall -fstack-usage -MMD -MP -MF"Core/Src/main.d" -MT"Core/Src/main.o" --specs=nano.specs -mfpu=fpv4-sp-d16 -mfloat-abi=hard -mthumb -o "Core/Src/main.o"
../Core/Src/main.c: In function 'main':
../Core/Src/main.c:111:7: warning: unused variable 'rangohmax' [-Wunused-variable]
  111 |   int rangohmax = 60;            //REVISAR RANGO INICIAL DE HUMEDAD
      |       ^~~~~~~~~
../Core/Src/main.c:110:7: warning: unused variable 'rangohmin' [-Wunused-variable]
  110 |   int rangohmin = 50;
      |       ^~~~~~~~~
../Core/Src/main.c:109:7: warning: unused variable 'cortina_manual' [-Wunused-variable]
  109 |   int cortina_manual = 0;        //bandera si se presiona de manera manual la cortina
      |       ^~~~~~~~~~~~~~
../Core/Src/main.c:108:7: warning: unused variable 'estado_cortina' [-Wunused-variable]
  108 |   int estado_cortina = 0;
      |       ^~~~~~~~~~~~~~
arm-none-eabi-gcc -o "freeRTOSHuerta.elf" @"objects.list"   -mcpu=cortex-m4 -T"C:\Users\Facu\STM32CubeIDE\workspace_1.9.0\freeRTOSHuerta\STM32F411VETX_FLASH.ld" --specs=nosys.specs -Wl,-Map="freeRTOSHuerta.map" -Wl,--gc-sections -static --specs=nano.specs -mfpu=fpv4-sp-d16 -mfloat-abi=hard -mthumb -Wl,--start-group -lc -lm -Wl,--end-group
Finished building target: freeRTOSHuerta.elf
 
arm-none-eabi-size   freeRTOSHuerta.elf 
arm-none-eabi-objdump -h -S  freeRTOSHuerta.elf  > "freeRTOSHuerta.list"
   text	   data	    bss	    dec	    hex	filename
  31156	    148	  18932	  50236	   c43c	freeRTOSHuerta.elf
Finished building: default.size.stdout
 
Finished building: freeRTOSHuerta.list
 
10:12:21 **** Incremental Build of configuration Debug for project freeRTOSHuerta ****
make -j4 all 
arm-none-eabi-gcc "../Core/Src/main.c" -mcpu=cortex-m4 -std=gnu11 -g3 -DUSE_HAL_DRIVER -DSTM32F411xE -DDEBUG -c -I../Core/Inc -I../Drivers/STM32F4xx_HAL_Driver/Inc -I../Drivers/STM32F4xx_HAL_Driver/Inc/Legacy -I../Middlewares/Third_Party/FreeRTOS/Source/include -I../Middlewares/Third_Party/FreeRTOS/Source/CMSIS_RTOS -I../Middlewares/Third_Party/FreeRTOS/Source/portable/GCC/ARM_CM4F -I../Drivers/CMSIS/Device/ST/STM32F4xx/Include -I../Drivers/CMSIS/Include -O0 -ffunction-sections -fdata-sections -Wall -fstack-usage -MMD -MP -MF"Core/Src/main.d" -MT"Core/Src/main.o" --specs=nano.specs -mfpu=fpv4-sp-d16 -mfloat-abi=hard -mthumb -o "Core/Src/main.o"
../Core/Src/main.c: In function 'main':
../Core/Src/main.c:111:7: warning: unused variable 'rangohmax' [-Wunused-variable]
  111 |   int rangohmax = 60;            //REVISAR RANGO INICIAL DE HUMEDAD
      |       ^~~~~~~~~
../Core/Src/main.c:110:7: warning: unused variable 'rangohmin' [-Wunused-variable]
  110 |   int rangohmin = 50;
      |       ^~~~~~~~~
../Core/Src/main.c:109:7: warning: unused variable 'cortina_manual' [-Wunused-variable]
  109 |   int cortina_manual = 0;        //bandera si se presiona de manera manual la cortina
      |       ^~~~~~~~~~~~~~
../Core/Src/main.c:108:7: warning: unused variable 'estado_cortina' [-Wunused-variable]
  108 |   int estado_cortina = 0;
      |       ^~~~~~~~~~~~~~
arm-none-eabi-gcc -o "freeRTOSHuerta.elf" @"objects.list"   -mcpu=cortex-m4 -T"C:\Users\Facu\STM32CubeIDE\workspace_1.9.0\freeRTOSHuerta\STM32F411VETX_FLASH.ld" --specs=nosys.specs -Wl,-Map="freeRTOSHuerta.map" -Wl,--gc-sections -static --specs=nano.specs -mfpu=fpv4-sp-d16 -mfloat-abi=hard -mthumb -Wl,--start-group -lc -lm -Wl,--end-group
Finished building target: freeRTOSHuerta.elf
 
arm-none-eabi-size   freeRTOSHuerta.elf 
arm-none-eabi-objdump -h -S  freeRTOSHuerta.elf  > "freeRTOSHuerta.list"
   text	   data	    bss	    dec	    hex	filename
  31156	    148	  18932	  50236	   c43c	freeRTOSHuerta.elf
Finished building: default.size.stdout
 
Finished building: freeRTOSHuerta.list
 
10:14:49 **** Incremental Build of configuration Debug for project freeRTOSHuerta ****
make -j4 all 
arm-none-eabi-gcc "../Core/Src/main.c" -mcpu=cortex-m4 -std=gnu11 -g3 -DUSE_HAL_DRIVER -DSTM32F411xE -DDEBUG -c -I../Core/Inc -I../Drivers/STM32F4xx_HAL_Driver/Inc -I../Drivers/STM32F4xx_HAL_Driver/Inc/Legacy -I../Middlewares/Third_Party/FreeRTOS/Source/include -I../Middlewares/Third_Party/FreeRTOS/Source/CMSIS_RTOS -I../Middlewares/Third_Party/FreeRTOS/Source/portable/GCC/ARM_CM4F -I../Drivers/CMSIS/Device/ST/STM32F4xx/Include -I../Drivers/CMSIS/Include -O0 -ffunction-sections -fdata-sections -Wall -fstack-usage -MMD -MP -MF"Core/Src/main.d" -MT"Core/Src/main.o" --specs=nano.specs -mfpu=fpv4-sp-d16 -mfloat-abi=hard -mthumb -o "Core/Src/main.o"
../Core/Src/main.c: In function 'main':
../Core/Src/main.c:111:7: warning: unused variable 'rangohmax' [-Wunused-variable]
  111 |   int rangohmax = 60;            //REVISAR RANGO INICIAL DE HUMEDAD
      |       ^~~~~~~~~
../Core/Src/main.c:110:7: warning: unused variable 'rangohmin' [-Wunused-variable]
  110 |   int rangohmin = 50;
      |       ^~~~~~~~~
../Core/Src/main.c:109:7: warning: unused variable 'cortina_manual' [-Wunused-variable]
  109 |   int cortina_manual = 0;        //bandera si se presiona de manera manual la cortina
      |       ^~~~~~~~~~~~~~
../Core/Src/main.c:108:7: warning: unused variable 'estado_cortina' [-Wunused-variable]
  108 |   int estado_cortina = 0;
      |       ^~~~~~~~~~~~~~
arm-none-eabi-gcc -o "freeRTOSHuerta.elf" @"objects.list"   -mcpu=cortex-m4 -T"C:\Users\Facu\STM32CubeIDE\workspace_1.9.0\freeRTOSHuerta\STM32F411VETX_FLASH.ld" --specs=nosys.specs -Wl,-Map="freeRTOSHuerta.map" -Wl,--gc-sections -static --specs=nano.specs -mfpu=fpv4-sp-d16 -mfloat-abi=hard -mthumb -Wl,--start-group -lc -lm -Wl,--end-group
Finished building target: freeRTOSHuerta.elf
 
arm-none-eabi-size   freeRTOSHuerta.elf 
arm-none-eabi-objdump -h -S  freeRTOSHuerta.elf  > "freeRTOSHuerta.list"
   text	   data	    bss	    dec	    hex	filename
  31128	    148	  18932	  50208	   c420	freeRTOSHuerta.elf
Finished building: default.size.stdout
 
Finished building: freeRTOSHuerta.list
 
10:22:53 **** Incremental Build of configuration Debug for project freeRTOSHuerta ****
make -j4 all 
arm-none-eabi-gcc "../Core/Src/main.c" -mcpu=cortex-m4 -std=gnu11 -g3 -DUSE_HAL_DRIVER -DSTM32F411xE -DDEBUG -c -I../Core/Inc -I../Drivers/STM32F4xx_HAL_Driver/Inc -I../Drivers/STM32F4xx_HAL_Driver/Inc/Legacy -I../Middlewares/Third_Party/FreeRTOS/Source/include -I../Middlewares/Third_Party/FreeRTOS/Source/CMSIS_RTOS -I../Middlewares/Third_Party/FreeRTOS/Source/portable/GCC/ARM_CM4F -I../Drivers/CMSIS/Device/ST/STM32F4xx/Include -I../Drivers/CMSIS/Include -O0 -ffunction-sections -fdata-sections -Wall -fstack-usage -MMD -MP -MF"Core/Src/main.d" -MT"Core/Src/main.o" --specs=nano.specs -mfpu=fpv4-sp-d16 -mfloat-abi=hard -mthumb -o "Core/Src/main.o"
../Core/Src/main.c:70:9: warning: built-in function 'index' declared as non-function [-Wbuiltin-declaration-mismatch]
   70 | uint8_t index = 0;
      |         ^~~~~
../Core/Src/main.c: In function 'main':
../Core/Src/main.c:111:7: warning: unused variable 'rangohmax' [-Wunused-variable]
  111 |   int rangohmax = 60;            //REVISAR RANGO INICIAL DE HUMEDAD
      |       ^~~~~~~~~
../Core/Src/main.c:110:7: warning: unused variable 'rangohmin' [-Wunused-variable]
  110 |   int rangohmin = 50;
      |       ^~~~~~~~~
../Core/Src/main.c:109:7: warning: unused variable 'cortina_manual' [-Wunused-variable]
  109 |   int cortina_manual = 0;        //bandera si se presiona de manera manual la cortina
      |       ^~~~~~~~~~~~~~
../Core/Src/main.c:108:7: warning: unused variable 'estado_cortina' [-Wunused-variable]
  108 |   int estado_cortina = 0;
      |       ^~~~~~~~~~~~~~
arm-none-eabi-gcc -o "freeRTOSHuerta.elf" @"objects.list"   -mcpu=cortex-m4 -T"C:\Users\Facu\STM32CubeIDE\workspace_1.9.0\freeRTOSHuerta\STM32F411VETX_FLASH.ld" --specs=nosys.specs -Wl,-Map="freeRTOSHuerta.map" -Wl,--gc-sections -static --specs=nano.specs -mfpu=fpv4-sp-d16 -mfloat-abi=hard -mthumb -Wl,--start-group -lc -lm -Wl,--end-group
Finished building target: freeRTOSHuerta.elf
 
arm-none-eabi-size   freeRTOSHuerta.elf 
arm-none-eabi-objdump -h -S  freeRTOSHuerta.elf  > "freeRTOSHuerta.list"
   text	   data	    bss	    dec	    hex	filename
  31144	    148	  18932	  50224	   c430	freeRTOSHuerta.elf
Finished building: default.size.stdout
 
Finished building: freeRTOSHuerta.list
 
10:24:49 **** Incremental Build of configuration Debug for project freeRTOSHuerta ****
make -j4 all 
arm-none-eabi-gcc "../Core/Src/main.c" -mcpu=cortex-m4 -std=gnu11 -g3 -DUSE_HAL_DRIVER -DSTM32F411xE -DDEBUG -c -I../Core/Inc -I../Drivers/STM32F4xx_HAL_Driver/Inc -I../Drivers/STM32F4xx_HAL_Driver/Inc/Legacy -I../Middlewares/Third_Party/FreeRTOS/Source/include -I../Middlewares/Third_Party/FreeRTOS/Source/CMSIS_RTOS -I../Middlewares/Third_Party/FreeRTOS/Source/portable/GCC/ARM_CM4F -I../Drivers/CMSIS/Device/ST/STM32F4xx/Include -I../Drivers/CMSIS/Include -O0 -ffunction-sections -fdata-sections -Wall -fstack-usage -MMD -MP -MF"Core/Src/main.d" -MT"Core/Src/main.o" --specs=nano.specs -mfpu=fpv4-sp-d16 -mfloat-abi=hard -mthumb -o "Core/Src/main.o"
../Core/Src/main.c:70:9: warning: built-in function 'index' declared as non-function [-Wbuiltin-declaration-mismatch]
   70 | uint8_t index = 0;
      |         ^~~~~
../Core/Src/main.c: In function 'main':
../Core/Src/main.c:111:7: warning: unused variable 'rangohmax' [-Wunused-variable]
  111 |   int rangohmax = 60;            //REVISAR RANGO INICIAL DE HUMEDAD
      |       ^~~~~~~~~
../Core/Src/main.c:110:7: warning: unused variable 'rangohmin' [-Wunused-variable]
  110 |   int rangohmin = 50;
      |       ^~~~~~~~~
../Core/Src/main.c:109:7: warning: unused variable 'cortina_manual' [-Wunused-variable]
  109 |   int cortina_manual = 0;        //bandera si se presiona de manera manual la cortina
      |       ^~~~~~~~~~~~~~
../Core/Src/main.c:108:7: warning: unused variable 'estado_cortina' [-Wunused-variable]
  108 |   int estado_cortina = 0;
      |       ^~~~~~~~~~~~~~
arm-none-eabi-gcc -o "freeRTOSHuerta.elf" @"objects.list"   -mcpu=cortex-m4 -T"C:\Users\Facu\STM32CubeIDE\workspace_1.9.0\freeRTOSHuerta\STM32F411VETX_FLASH.ld" --specs=nosys.specs -Wl,-Map="freeRTOSHuerta.map" -Wl,--gc-sections -static --specs=nano.specs -mfpu=fpv4-sp-d16 -mfloat-abi=hard -mthumb -Wl,--start-group -lc -lm -Wl,--end-group
Finished building target: freeRTOSHuerta.elf
 
arm-none-eabi-size   freeRTOSHuerta.elf 
arm-none-eabi-objdump -h -S  freeRTOSHuerta.elf  > "freeRTOSHuerta.list"
   text	   data	    bss	    dec	    hex	filename
  31148	    148	  18932	  50228	   c434	freeRTOSHuerta.elf
Finished building: default.size.stdout
 
Finished building: freeRTOSHuerta.list
 
10:32:07 **** Incremental Build of configuration Debug for project freeRTOSHuerta ****
make -j4 all 
arm-none-eabi-size   freeRTOSHuerta.elf 
   text	   data	    bss	    dec	    hex	filename
  31148	    148	  18932	  50228	   c434	freeRTOSHuerta.elf
Finished building: default.size.stdout
 
10:35:23 **** Incremental Build of configuration Debug for project freeRTOSHuerta ****
make -j4 all 
arm-none-eabi-gcc "../Core/Src/main.c" -mcpu=cortex-m4 -std=gnu11 -g3 -DUSE_HAL_DRIVER -DSTM32F411xE -DDEBUG -c -I../Core/Inc -I../Drivers/STM32F4xx_HAL_Driver/Inc -I../Drivers/STM32F4xx_HAL_Driver/Inc/Legacy -I../Middlewares/Third_Party/FreeRTOS/Source/include -I../Middlewares/Third_Party/FreeRTOS/Source/CMSIS_RTOS -I../Middlewares/Third_Party/FreeRTOS/Source/portable/GCC/ARM_CM4F -I../Drivers/CMSIS/Device/ST/STM32F4xx/Include -I../Drivers/CMSIS/Include -O0 -ffunction-sections -fdata-sections -Wall -fstack-usage -MMD -MP -MF"Core/Src/main.d" -MT"Core/Src/main.o" --specs=nano.specs -mfpu=fpv4-sp-d16 -mfloat-abi=hard -mthumb -o "Core/Src/main.o"
../Core/Src/main.c:70:9: warning: built-in function 'index' declared as non-function [-Wbuiltin-declaration-mismatch]
   70 | uint8_t index = 0;
      |         ^~~~~
../Core/Src/main.c: In function 'main':
../Core/Src/main.c:111:7: warning: unused variable 'rangohmax' [-Wunused-variable]
  111 |   int rangohmax = 60;            //REVISAR RANGO INICIAL DE HUMEDAD
      |       ^~~~~~~~~
../Core/Src/main.c:110:7: warning: unused variable 'rangohmin' [-Wunused-variable]
  110 |   int rangohmin = 50;
      |       ^~~~~~~~~
../Core/Src/main.c:109:7: warning: unused variable 'cortina_manual' [-Wunused-variable]
  109 |   int cortina_manual = 0;        //bandera si se presiona de manera manual la cortina
      |       ^~~~~~~~~~~~~~
../Core/Src/main.c:108:7: warning: unused variable 'estado_cortina' [-Wunused-variable]
  108 |   int estado_cortina = 0;
      |       ^~~~~~~~~~~~~~
../Core/Src/main.c: In function 'StartDefaultTask':
../Core/Src/main.c:202:3: error: expected '=', ',', ';', 'asm' or '__attribute__' before 'for'
  202 |   for(;;)
      |   ^~~
../Core/Src/main.c:204:4: error: 'value' undeclared (first use in this function)
  204 |    value = 1;
      |    ^~~~~
../Core/Src/main.c:204:4: note: each undeclared identifier is reported only once for each function it appears in
make: *** [Core/Src/subdir.mk:55: Core/Src/main.o] Error 1
"make -j4 all" terminated with exit code 2. Build might be incomplete.
10:37:16 **** Incremental Build of configuration Debug for project freeRTOSHuerta ****
make -j4 all 
arm-none-eabi-gcc "../Core/Src/main.c" -mcpu=cortex-m4 -std=gnu11 -g3 -DUSE_HAL_DRIVER -DSTM32F411xE -DDEBUG -c -I../Core/Inc -I../Drivers/STM32F4xx_HAL_Driver/Inc -I../Drivers/STM32F4xx_HAL_Driver/Inc/Legacy -I../Middlewares/Third_Party/FreeRTOS/Source/include -I../Middlewares/Third_Party/FreeRTOS/Source/CMSIS_RTOS -I../Middlewares/Third_Party/FreeRTOS/Source/portable/GCC/ARM_CM4F -I../Drivers/CMSIS/Device/ST/STM32F4xx/Include -I../Drivers/CMSIS/Include -O0 -ffunction-sections -fdata-sections -Wall -fstack-usage -MMD -MP -MF"Core/Src/main.d" -MT"Core/Src/main.o" --specs=nano.specs -mfpu=fpv4-sp-d16 -mfloat-abi=hard -mthumb -o "Core/Src/main.o"
../Core/Src/main.c:70:9: warning: built-in function 'index' declared as non-function [-Wbuiltin-declaration-mismatch]
   70 | uint8_t index = 0;
      |         ^~~~~
../Core/Src/main.c: In function 'main':
../Core/Src/main.c:111:7: warning: unused variable 'rangohmax' [-Wunused-variable]
  111 |   int rangohmax = 60;            //REVISAR RANGO INICIAL DE HUMEDAD
      |       ^~~~~~~~~
../Core/Src/main.c:110:7: warning: unused variable 'rangohmin' [-Wunused-variable]
  110 |   int rangohmin = 50;
      |       ^~~~~~~~~
../Core/Src/main.c:109:7: warning: unused variable 'cortina_manual' [-Wunused-variable]
  109 |   int cortina_manual = 0;        //bandera si se presiona de manera manual la cortina
      |       ^~~~~~~~~~~~~~
../Core/Src/main.c:108:7: warning: unused variable 'estado_cortina' [-Wunused-variable]
  108 |   int estado_cortina = 0;
      |       ^~~~~~~~~~~~~~
arm-none-eabi-gcc -o "freeRTOSHuerta.elf" @"objects.list"   -mcpu=cortex-m4 -T"C:\Users\Facu\STM32CubeIDE\workspace_1.9.0\freeRTOSHuerta\STM32F411VETX_FLASH.ld" --specs=nosys.specs -Wl,-Map="freeRTOSHuerta.map" -Wl,--gc-sections -static --specs=nano.specs -mfpu=fpv4-sp-d16 -mfloat-abi=hard -mthumb -Wl,--start-group -lc -lm -Wl,--end-group
Finished building target: freeRTOSHuerta.elf
 
arm-none-eabi-size   freeRTOSHuerta.elf 
arm-none-eabi-objdump -h -S  freeRTOSHuerta.elf  > "freeRTOSHuerta.list"
   text	   data	    bss	    dec	    hex	filename
  31148	    148	  18932	  50228	   c434	freeRTOSHuerta.elf
Finished building: default.size.stdout
 
Finished building: freeRTOSHuerta.list
 
10:52:02 **** Incremental Build of configuration Debug for project freeRTOSHuerta ****
make -j4 all 
arm-none-eabi-gcc "../Core/Src/main.c" -mcpu=cortex-m4 -std=gnu11 -g3 -DUSE_HAL_DRIVER -DSTM32F411xE -DDEBUG -c -I../Core/Inc -I../Drivers/STM32F4xx_HAL_Driver/Inc -I../Drivers/STM32F4xx_HAL_Driver/Inc/Legacy -I../Middlewares/Third_Party/FreeRTOS/Source/include -I../Middlewares/Third_Party/FreeRTOS/Source/CMSIS_RTOS -I../Middlewares/Third_Party/FreeRTOS/Source/portable/GCC/ARM_CM4F -I../Drivers/CMSIS/Device/ST/STM32F4xx/Include -I../Drivers/CMSIS/Include -O0 -ffunction-sections -fdata-sections -Wall -fstack-usage -MMD -MP -MF"Core/Src/main.d" -MT"Core/Src/main.o" --specs=nano.specs -mfpu=fpv4-sp-d16 -mfloat-abi=hard -mthumb -o "Core/Src/main.o"
../Core/Src/main.c:70:9: warning: built-in function 'index' declared as non-function [-Wbuiltin-declaration-mismatch]
   70 | uint8_t index = 0;
      |         ^~~~~
../Core/Src/main.c: In function 'main':
../Core/Src/main.c:111:7: warning: unused variable 'rangohmax' [-Wunused-variable]
  111 |   int rangohmax = 60;            //REVISAR RANGO INICIAL DE HUMEDAD
      |       ^~~~~~~~~
../Core/Src/main.c:110:7: warning: unused variable 'rangohmin' [-Wunused-variable]
  110 |   int rangohmin = 50;
      |       ^~~~~~~~~
../Core/Src/main.c:109:7: warning: unused variable 'cortina_manual' [-Wunused-variable]
  109 |   int cortina_manual = 0;        //bandera si se presiona de manera manual la cortina
      |       ^~~~~~~~~~~~~~
../Core/Src/main.c:108:7: warning: unused variable 'estado_cortina' [-Wunused-variable]
  108 |   int estado_cortina = 0;
      |       ^~~~~~~~~~~~~~
arm-none-eabi-gcc -o "freeRTOSHuerta.elf" @"objects.list"   -mcpu=cortex-m4 -T"C:\Users\Facu\STM32CubeIDE\workspace_1.9.0\freeRTOSHuerta\STM32F411VETX_FLASH.ld" --specs=nosys.specs -Wl,-Map="freeRTOSHuerta.map" -Wl,--gc-sections -static --specs=nano.specs -mfpu=fpv4-sp-d16 -mfloat-abi=hard -mthumb -Wl,--start-group -lc -lm -Wl,--end-group
Finished building target: freeRTOSHuerta.elf
 
arm-none-eabi-size   freeRTOSHuerta.elf 
arm-none-eabi-objdump -h -S  freeRTOSHuerta.elf  > "freeRTOSHuerta.list"
   text	   data	    bss	    dec	    hex	filename
  31132	    148	  18932	  50212	   c424	freeRTOSHuerta.elf
Finished building: default.size.stdout
 
Finished building: freeRTOSHuerta.list
 
10:53:58 **** Incremental Build of configuration Debug for project freeRTOSHuerta ****
make -j4 all 
arm-none-eabi-gcc "../Core/Src/main.c" -mcpu=cortex-m4 -std=gnu11 -g3 -DUSE_HAL_DRIVER -DSTM32F411xE -DDEBUG -c -I../Core/Inc -I../Drivers/STM32F4xx_HAL_Driver/Inc -I../Drivers/STM32F4xx_HAL_Driver/Inc/Legacy -I../Middlewares/Third_Party/FreeRTOS/Source/include -I../Middlewares/Third_Party/FreeRTOS/Source/CMSIS_RTOS -I../Middlewares/Third_Party/FreeRTOS/Source/portable/GCC/ARM_CM4F -I../Drivers/CMSIS/Device/ST/STM32F4xx/Include -I../Drivers/CMSIS/Include -O0 -ffunction-sections -fdata-sections -Wall -fstack-usage -MMD -MP -MF"Core/Src/main.d" -MT"Core/Src/main.o" --specs=nano.specs -mfpu=fpv4-sp-d16 -mfloat-abi=hard -mthumb -o "Core/Src/main.o"
../Core/Src/main.c:70:9: warning: built-in function 'index' declared as non-function [-Wbuiltin-declaration-mismatch]
   70 | uint8_t index = 0;
      |         ^~~~~
../Core/Src/main.c: In function 'main':
../Core/Src/main.c:111:7: warning: unused variable 'rangohmax' [-Wunused-variable]
  111 |   int rangohmax = 60;            //REVISAR RANGO INICIAL DE HUMEDAD
      |       ^~~~~~~~~
../Core/Src/main.c:110:7: warning: unused variable 'rangohmin' [-Wunused-variable]
  110 |   int rangohmin = 50;
      |       ^~~~~~~~~
../Core/Src/main.c:109:7: warning: unused variable 'cortina_manual' [-Wunused-variable]
  109 |   int cortina_manual = 0;        //bandera si se presiona de manera manual la cortina
      |       ^~~~~~~~~~~~~~
../Core/Src/main.c:108:7: warning: unused variable 'estado_cortina' [-Wunused-variable]
  108 |   int estado_cortina = 0;
      |       ^~~~~~~~~~~~~~
arm-none-eabi-gcc -o "freeRTOSHuerta.elf" @"objects.list"   -mcpu=cortex-m4 -T"C:\Users\Facu\STM32CubeIDE\workspace_1.9.0\freeRTOSHuerta\STM32F411VETX_FLASH.ld" --specs=nosys.specs -Wl,-Map="freeRTOSHuerta.map" -Wl,--gc-sections -static --specs=nano.specs -mfpu=fpv4-sp-d16 -mfloat-abi=hard -mthumb -Wl,--start-group -lc -lm -Wl,--end-group
Finished building target: freeRTOSHuerta.elf
 
arm-none-eabi-size   freeRTOSHuerta.elf 
arm-none-eabi-objdump -h -S  freeRTOSHuerta.elf  > "freeRTOSHuerta.list"
   text	   data	    bss	    dec	    hex	filename
  31132	    148	  18932	  50212	   c424	freeRTOSHuerta.elf
Finished building: default.size.stdout
 
Finished building: freeRTOSHuerta.list
 
11:07:54 **** Incremental Build of configuration Debug for project freeRTOSHuerta ****
make -j4 all 
arm-none-eabi-gcc "../Core/Src/main.c" -mcpu=cortex-m4 -std=gnu11 -g3 -DUSE_HAL_DRIVER -DSTM32F411xE -DDEBUG -c -I../Core/Inc -I../Drivers/STM32F4xx_HAL_Driver/Inc -I../Drivers/STM32F4xx_HAL_Driver/Inc/Legacy -I../Middlewares/Third_Party/FreeRTOS/Source/include -I../Middlewares/Third_Party/FreeRTOS/Source/CMSIS_RTOS -I../Middlewares/Third_Party/FreeRTOS/Source/portable/GCC/ARM_CM4F -I../Drivers/CMSIS/Device/ST/STM32F4xx/Include -I../Drivers/CMSIS/Include -O0 -ffunction-sections -fdata-sections -Wall -fstack-usage -MMD -MP -MF"Core/Src/main.d" -MT"Core/Src/main.o" --specs=nano.specs -mfpu=fpv4-sp-d16 -mfloat-abi=hard -mthumb -o "Core/Src/main.o"
../Core/Src/main.c:70:9: warning: built-in function 'index' declared as non-function [-Wbuiltin-declaration-mismatch]
   70 | uint8_t index = 0;
      |         ^~~~~
../Core/Src/main.c: In function 'main':
../Core/Src/main.c:111:7: warning: unused variable 'rangohmax' [-Wunused-variable]
  111 |   int rangohmax = 60;            //REVISAR RANGO INICIAL DE HUMEDAD
      |       ^~~~~~~~~
../Core/Src/main.c:110:7: warning: unused variable 'rangohmin' [-Wunused-variable]
  110 |   int rangohmin = 50;
      |       ^~~~~~~~~
../Core/Src/main.c:109:7: warning: unused variable 'cortina_manual' [-Wunused-variable]
  109 |   int cortina_manual = 0;        //bandera si se presiona de manera manual la cortina
      |       ^~~~~~~~~~~~~~
../Core/Src/main.c:108:7: warning: unused variable 'estado_cortina' [-Wunused-variable]
  108 |   int estado_cortina = 0;
      |       ^~~~~~~~~~~~~~
../Core/Src/main.c: In function 'StartDefaultTask':
../Core/Src/main.c:200:7: warning: unused variable 'value' [-Wunused-variable]
  200 | float value = 10;
      |       ^~~~~
arm-none-eabi-gcc -o "freeRTOSHuerta.elf" @"objects.list"   -mcpu=cortex-m4 -T"C:\Users\Facu\STM32CubeIDE\workspace_1.9.0\freeRTOSHuerta\STM32F411VETX_FLASH.ld" --specs=nosys.specs -Wl,-Map="freeRTOSHuerta.map" -Wl,--gc-sections -static --specs=nano.specs -mfpu=fpv4-sp-d16 -mfloat-abi=hard -mthumb -Wl,--start-group -lc -lm -Wl,--end-group
Finished building target: freeRTOSHuerta.elf
 
arm-none-eabi-size   freeRTOSHuerta.elf 
arm-none-eabi-objdump -h -S  freeRTOSHuerta.elf  > "freeRTOSHuerta.list"
   text	   data	    bss	    dec	    hex	filename
  31132	    148	  18932	  50212	   c424	freeRTOSHuerta.elf
Finished building: default.size.stdout
 
Finished building: freeRTOSHuerta.list
 
11:10:09 **** Incremental Build of configuration Debug for project freeRTOSHuerta ****
make -j4 all 
arm-none-eabi-gcc "../Core/Src/main.c" -mcpu=cortex-m4 -std=gnu11 -g3 -DUSE_HAL_DRIVER -DSTM32F411xE -DDEBUG -c -I../Core/Inc -I../Drivers/STM32F4xx_HAL_Driver/Inc -I../Drivers/STM32F4xx_HAL_Driver/Inc/Legacy -I../Middlewares/Third_Party/FreeRTOS/Source/include -I../Middlewares/Third_Party/FreeRTOS/Source/CMSIS_RTOS -I../Middlewares/Third_Party/FreeRTOS/Source/portable/GCC/ARM_CM4F -I../Drivers/CMSIS/Device/ST/STM32F4xx/Include -I../Drivers/CMSIS/Include -O0 -ffunction-sections -fdata-sections -Wall -fstack-usage -MMD -MP -MF"Core/Src/main.d" -MT"Core/Src/main.o" --specs=nano.specs -mfpu=fpv4-sp-d16 -mfloat-abi=hard -mthumb -o "Core/Src/main.o"
../Core/Src/main.c:70:9: warning: built-in function 'index' declared as non-function [-Wbuiltin-declaration-mismatch]
   70 | uint8_t index = 0;
      |         ^~~~~
../Core/Src/main.c: In function 'main':
../Core/Src/main.c:111:7: warning: unused variable 'rangohmax' [-Wunused-variable]
  111 |   int rangohmax = 60;            //REVISAR RANGO INICIAL DE HUMEDAD
      |       ^~~~~~~~~
../Core/Src/main.c:110:7: warning: unused variable 'rangohmin' [-Wunused-variable]
  110 |   int rangohmin = 50;
      |       ^~~~~~~~~
../Core/Src/main.c:109:7: warning: unused variable 'cortina_manual' [-Wunused-variable]
  109 |   int cortina_manual = 0;        //bandera si se presiona de manera manual la cortina
      |       ^~~~~~~~~~~~~~
../Core/Src/main.c:108:7: warning: unused variable 'estado_cortina' [-Wunused-variable]
  108 |   int estado_cortina = 0;
      |       ^~~~~~~~~~~~~~
arm-none-eabi-gcc -o "freeRTOSHuerta.elf" @"objects.list"   -mcpu=cortex-m4 -T"C:\Users\Facu\STM32CubeIDE\workspace_1.9.0\freeRTOSHuerta\STM32F411VETX_FLASH.ld" --specs=nosys.specs -Wl,-Map="freeRTOSHuerta.map" -Wl,--gc-sections -static --specs=nano.specs -mfpu=fpv4-sp-d16 -mfloat-abi=hard -mthumb -Wl,--start-group -lc -lm -Wl,--end-group
Finished building target: freeRTOSHuerta.elf
 
arm-none-eabi-size   freeRTOSHuerta.elf 
arm-none-eabi-objdump -h -S  freeRTOSHuerta.elf  > "freeRTOSHuerta.list"
   text	   data	    bss	    dec	    hex	filename
  31132	    148	  18932	  50212	   c424	freeRTOSHuerta.elf
Finished building: default.size.stdout
 
Finished building: freeRTOSHuerta.list
 
11:12:07 **** Incremental Build of configuration Debug for project freeRTOSHuerta ****
make -j4 all 
arm-none-eabi-gcc "../Core/Src/main.c" -mcpu=cortex-m4 -std=gnu11 -g3 -DUSE_HAL_DRIVER -DSTM32F411xE -DDEBUG -c -I../Core/Inc -I../Drivers/STM32F4xx_HAL_Driver/Inc -I../Drivers/STM32F4xx_HAL_Driver/Inc/Legacy -I../Middlewares/Third_Party/FreeRTOS/Source/include -I../Middlewares/Third_Party/FreeRTOS/Source/CMSIS_RTOS -I../Middlewares/Third_Party/FreeRTOS/Source/portable/GCC/ARM_CM4F -I../Drivers/CMSIS/Device/ST/STM32F4xx/Include -I../Drivers/CMSIS/Include -O0 -ffunction-sections -fdata-sections -Wall -fstack-usage -MMD -MP -MF"Core/Src/main.d" -MT"Core/Src/main.o" --specs=nano.specs -mfpu=fpv4-sp-d16 -mfloat-abi=hard -mthumb -o "Core/Src/main.o"
../Core/Src/main.c:70:9: warning: built-in function 'index' declared as non-function [-Wbuiltin-declaration-mismatch]
   70 | uint8_t index = 0;
      |         ^~~~~
../Core/Src/main.c: In function 'main':
../Core/Src/main.c:111:7: warning: unused variable 'rangohmax' [-Wunused-variable]
  111 |   int rangohmax = 60;            //REVISAR RANGO INICIAL DE HUMEDAD
      |       ^~~~~~~~~
../Core/Src/main.c:110:7: warning: unused variable 'rangohmin' [-Wunused-variable]
  110 |   int rangohmin = 50;
      |       ^~~~~~~~~
../Core/Src/main.c:109:7: warning: unused variable 'cortina_manual' [-Wunused-variable]
  109 |   int cortina_manual = 0;        //bandera si se presiona de manera manual la cortina
      |       ^~~~~~~~~~~~~~
../Core/Src/main.c:108:7: warning: unused variable 'estado_cortina' [-Wunused-variable]
  108 |   int estado_cortina = 0;
      |       ^~~~~~~~~~~~~~
arm-none-eabi-gcc -o "freeRTOSHuerta.elf" @"objects.list"   -mcpu=cortex-m4 -T"C:\Users\Facu\STM32CubeIDE\workspace_1.9.0\freeRTOSHuerta\STM32F411VETX_FLASH.ld" --specs=nosys.specs -Wl,-Map="freeRTOSHuerta.map" -Wl,--gc-sections -static --specs=nano.specs -mfpu=fpv4-sp-d16 -mfloat-abi=hard -mthumb -Wl,--start-group -lc -lm -Wl,--end-group
Finished building target: freeRTOSHuerta.elf
 
arm-none-eabi-size   freeRTOSHuerta.elf 
arm-none-eabi-objdump -h -S  freeRTOSHuerta.elf  > "freeRTOSHuerta.list"
   text	   data	    bss	    dec	    hex	filename
  31128	    148	  18932	  50208	   c420	freeRTOSHuerta.elf
Finished building: default.size.stdout
 
Finished building: freeRTOSHuerta.list
 
11:31:16 **** Incremental Build of configuration Debug for project freeRTOSHuerta ****
make -j4 all 
arm-none-eabi-gcc "../Core/Src/main.c" -mcpu=cortex-m4 -std=gnu11 -g3 -DUSE_HAL_DRIVER -DSTM32F411xE -DDEBUG -c -I../Core/Inc -I../Drivers/STM32F4xx_HAL_Driver/Inc -I../Drivers/STM32F4xx_HAL_Driver/Inc/Legacy -I../Middlewares/Third_Party/FreeRTOS/Source/include -I../Middlewares/Third_Party/FreeRTOS/Source/CMSIS_RTOS -I../Middlewares/Third_Party/FreeRTOS/Source/portable/GCC/ARM_CM4F -I../Drivers/CMSIS/Device/ST/STM32F4xx/Include -I../Drivers/CMSIS/Include -O0 -ffunction-sections -fdata-sections -Wall -fstack-usage -MMD -MP -MF"Core/Src/main.d" -MT"Core/Src/main.o" --specs=nano.specs -mfpu=fpv4-sp-d16 -mfloat-abi=hard -mthumb -o "Core/Src/main.o"
../Core/Src/main.c:70:9: warning: built-in function 'index' declared as non-function [-Wbuiltin-declaration-mismatch]
   70 | uint8_t index = 0;
      |         ^~~~~
../Core/Src/main.c: In function 'main':
../Core/Src/main.c:111:7: warning: unused variable 'rangohmax' [-Wunused-variable]
  111 |   int rangohmax = 60;            //REVISAR RANGO INICIAL DE HUMEDAD
      |       ^~~~~~~~~
../Core/Src/main.c:110:7: warning: unused variable 'rangohmin' [-Wunused-variable]
  110 |   int rangohmin = 50;
      |       ^~~~~~~~~
../Core/Src/main.c:109:7: warning: unused variable 'cortina_manual' [-Wunused-variable]
  109 |   int cortina_manual = 0;        //bandera si se presiona de manera manual la cortina
      |       ^~~~~~~~~~~~~~
../Core/Src/main.c:108:7: warning: unused variable 'estado_cortina' [-Wunused-variable]
  108 |   int estado_cortina = 0;
      |       ^~~~~~~~~~~~~~
arm-none-eabi-gcc -o "freeRTOSHuerta.elf" @"objects.list"   -mcpu=cortex-m4 -T"C:\Users\Facu\STM32CubeIDE\workspace_1.9.0\freeRTOSHuerta\STM32F411VETX_FLASH.ld" --specs=nosys.specs -Wl,-Map="freeRTOSHuerta.map" -Wl,--gc-sections -static --specs=nano.specs -mfpu=fpv4-sp-d16 -mfloat-abi=hard -mthumb -Wl,--start-group -lc -lm -Wl,--end-group
Finished building target: freeRTOSHuerta.elf
 
arm-none-eabi-size   freeRTOSHuerta.elf 
arm-none-eabi-objdump -h -S  freeRTOSHuerta.elf  > "freeRTOSHuerta.list"
   text	   data	    bss	    dec	    hex	filename
  31120	    148	  18932	  50200	   c418	freeRTOSHuerta.elf
Finished building: default.size.stdout
 
Finished building: freeRTOSHuerta.list
 
11:31:42 **** Incremental Build of configuration Debug for project freeRTOSHuerta ****
make -j4 all 
arm-none-eabi-size   freeRTOSHuerta.elf 
   text	   data	    bss	    dec	    hex	filename
  31120	    148	  18932	  50200	   c418	freeRTOSHuerta.elf
Finished building: default.size.stdout
 
02:48:02 **** Incremental Build of configuration Debug for project freeRTOSHuerta ****
make -j4 all 
arm-none-eabi-gcc "../Core/Src/main.c" -mcpu=cortex-m4 -std=gnu11 -g3 -DUSE_HAL_DRIVER -DSTM32F411xE -DDEBUG -c -I../Core/Inc -I../Drivers/STM32F4xx_HAL_Driver/Inc -I../Drivers/STM32F4xx_HAL_Driver/Inc/Legacy -I../Middlewares/Third_Party/FreeRTOS/Source/include -I../Middlewares/Third_Party/FreeRTOS/Source/CMSIS_RTOS -I../Middlewares/Third_Party/FreeRTOS/Source/portable/GCC/ARM_CM4F -I../Drivers/CMSIS/Device/ST/STM32F4xx/Include -I../Drivers/CMSIS/Include -O0 -ffunction-sections -fdata-sections -Wall -fstack-usage -MMD -MP -MF"Core/Src/main.d" -MT"Core/Src/main.o" --specs=nano.specs -mfpu=fpv4-sp-d16 -mfloat-abi=hard -mthumb -o "Core/Src/main.o"
../Core/Src/main.c:70:9: warning: built-in function 'index' declared as non-function [-Wbuiltin-declaration-mismatch]
   70 | uint8_t index = 0;
      |         ^~~~~
../Core/Src/main.c: In function 'main':
../Core/Src/main.c:111:7: warning: unused variable 'rangohmax' [-Wunused-variable]
  111 |   int rangohmax = 60;            //REVISAR RANGO INICIAL DE HUMEDAD
      |       ^~~~~~~~~
../Core/Src/main.c:110:7: warning: unused variable 'rangohmin' [-Wunused-variable]
  110 |   int rangohmin = 50;
      |       ^~~~~~~~~
../Core/Src/main.c:109:7: warning: unused variable 'cortina_manual' [-Wunused-variable]
  109 |   int cortina_manual = 0;        //bandera si se presiona de manera manual la cortina
      |       ^~~~~~~~~~~~~~
../Core/Src/main.c:108:7: warning: unused variable 'estado_cortina' [-Wunused-variable]
  108 |   int estado_cortina = 0;
      |       ^~~~~~~~~~~~~~
arm-none-eabi-gcc -o "freeRTOSHuerta.elf" @"objects.list"   -mcpu=cortex-m4 -T"C:\Users\Facu\STM32CubeIDE\workspace_1.9.0\freeRTOSHuerta\STM32F411VETX_FLASH.ld" --specs=nosys.specs -Wl,-Map="freeRTOSHuerta.map" -Wl,--gc-sections -static --specs=nano.specs -mfpu=fpv4-sp-d16 -mfloat-abi=hard -mthumb -Wl,--start-group -lc -lm -Wl,--end-group
Finished building target: freeRTOSHuerta.elf
 
arm-none-eabi-size   freeRTOSHuerta.elf 
arm-none-eabi-objdump -h -S  freeRTOSHuerta.elf  > "freeRTOSHuerta.list"
   text	   data	    bss	    dec	    hex	filename
  33492	    148	  18948	  52588	   cd6c	freeRTOSHuerta.elf
Finished building: default.size.stdout
 
Finished building: freeRTOSHuerta.list
 
11:06:56 **** Incremental Build of configuration Debug for project freeRTOSHuerta ****
make -j4 all 
arm-none-eabi-gcc "../Core/Src/main.c" -mcpu=cortex-m4 -std=gnu11 -g3 -DUSE_HAL_DRIVER -DSTM32F411xE -DDEBUG -c -I../Core/Inc -I../Drivers/STM32F4xx_HAL_Driver/Inc -I../Drivers/STM32F4xx_HAL_Driver/Inc/Legacy -I../Middlewares/Third_Party/FreeRTOS/Source/include -I../Middlewares/Third_Party/FreeRTOS/Source/CMSIS_RTOS -I../Middlewares/Third_Party/FreeRTOS/Source/portable/GCC/ARM_CM4F -I../Drivers/CMSIS/Device/ST/STM32F4xx/Include -I../Drivers/CMSIS/Include -O0 -ffunction-sections -fdata-sections -Wall -fstack-usage -MMD -MP -MF"Core/Src/main.d" -MT"Core/Src/main.o" --specs=nano.specs -mfpu=fpv4-sp-d16 -mfloat-abi=hard -mthumb -o "Core/Src/main.o"
../Core/Src/main.c: In function 'main':
../Core/Src/main.c:111:7: warning: unused variable 'rangohmax' [-Wunused-variable]
  111 |   int rangohmax = 60;            //REVISAR RANGO INICIAL DE HUMEDAD
      |       ^~~~~~~~~
../Core/Src/main.c:110:7: warning: unused variable 'rangohmin' [-Wunused-variable]
  110 |   int rangohmin = 50;
      |       ^~~~~~~~~
../Core/Src/main.c:109:7: warning: unused variable 'cortina_manual' [-Wunused-variable]
  109 |   int cortina_manual = 0;        //bandera si se presiona de manera manual la cortina
      |       ^~~~~~~~~~~~~~
../Core/Src/main.c:108:7: warning: unused variable 'estado_cortina' [-Wunused-variable]
  108 |   int estado_cortina = 0;
      |       ^~~~~~~~~~~~~~
arm-none-eabi-gcc -o "freeRTOSHuerta.elf" @"objects.list"   -mcpu=cortex-m4 -T"C:\Users\Facu\STM32CubeIDE\workspace_1.9.0\freeRTOSHuerta\STM32F411VETX_FLASH.ld" --specs=nosys.specs -Wl,-Map="freeRTOSHuerta.map" -Wl,--gc-sections -static --specs=nano.specs -mfpu=fpv4-sp-d16 -mfloat-abi=hard -mthumb -Wl,--start-group -lc -lm -Wl,--end-group
Finished building target: freeRTOSHuerta.elf
 
arm-none-eabi-size   freeRTOSHuerta.elf 
arm-none-eabi-objdump -h -S  freeRTOSHuerta.elf  > "freeRTOSHuerta.list"
   text	   data	    bss	    dec	    hex	filename
  33492	    148	  18948	  52588	   cd6c	freeRTOSHuerta.elf
Finished building: default.size.stdout
 
Finished building: freeRTOSHuerta.list
 
16:49:32 **** Incremental Build of configuration Debug for project freeRTOSHuerta ****
make -j4 all 
arm-none-eabi-size   freeRTOSHuerta.elf 
   text	   data	    bss	    dec	    hex	filename
  33492	    148	  18948	  52588	   cd6c	freeRTOSHuerta.elf
Finished building: default.size.stdout
 
16:58:40 **** Incremental Build of configuration Debug for project freeRTOSHuerta ****
make -j4 all 
arm-none-eabi-size   freeRTOSHuerta.elf 
   text	   data	    bss	    dec	    hex	filename
  33492	    148	  18948	  52588	   cd6c	freeRTOSHuerta.elf
Finished building: default.size.stdout
 
17:01:27 **** Incremental Build of configuration Debug for project freeRTOSHuerta ****
make -j4 all 
arm-none-eabi-size   freeRTOSHuerta.elf 
   text	   data	    bss	    dec	    hex	filename
  33492	    148	  18948	  52588	   cd6c	freeRTOSHuerta.elf
Finished building: default.size.stdout
 
17:07:10 **** Incremental Build of configuration Debug for project freeRTOSHuerta ****
make -j4 all 
arm-none-eabi-size   freeRTOSHuerta.elf 
   text	   data	    bss	    dec	    hex	filename
  33492	    148	  18948	  52588	   cd6c	freeRTOSHuerta.elf
Finished building: default.size.stdout
 
19:27:21 **** Incremental Build of configuration Debug for project freeRTOSHuerta ****
make -j4 all 
arm-none-eabi-gcc "../Core/Src/main.c" -mcpu=cortex-m4 -std=gnu11 -g3 -DUSE_HAL_DRIVER -DSTM32F411xE -DDEBUG -c -I../Core/Inc -I../Drivers/STM32F4xx_HAL_Driver/Inc -I../Drivers/STM32F4xx_HAL_Driver/Inc/Legacy -I../Middlewares/Third_Party/FreeRTOS/Source/include -I../Middlewares/Third_Party/FreeRTOS/Source/CMSIS_RTOS -I../Middlewares/Third_Party/FreeRTOS/Source/portable/GCC/ARM_CM4F -I../Drivers/CMSIS/Device/ST/STM32F4xx/Include -I../Drivers/CMSIS/Include -O0 -ffunction-sections -fdata-sections -Wall -fstack-usage -MMD -MP -MF"Core/Src/main.d" -MT"Core/Src/main.o" --specs=nano.specs -mfpu=fpv4-sp-d16 -mfloat-abi=hard -mthumb -o "Core/Src/main.o"
../Core/Src/main.c: In function 'main':
../Core/Src/main.c:115:7: warning: unused variable 'rangohmax' [-Wunused-variable]
  115 |   int rangohmax = 60;            //REVISAR RANGO INICIAL DE HUMEDAD
      |       ^~~~~~~~~
../Core/Src/main.c:114:7: warning: unused variable 'rangohmin' [-Wunused-variable]
  114 |   int rangohmin = 50;
      |       ^~~~~~~~~
../Core/Src/main.c:113:7: warning: unused variable 'cortina_manual' [-Wunused-variable]
  113 |   int cortina_manual = 0;        //bandera si se presiona de manera manual la cortina
      |       ^~~~~~~~~~~~~~
../Core/Src/main.c:112:7: warning: unused variable 'estado_cortina' [-Wunused-variable]
  112 |   int estado_cortina = 0;
      |       ^~~~~~~~~~~~~~
arm-none-eabi-gcc -o "freeRTOSHuerta.elf" @"objects.list"   -mcpu=cortex-m4 -T"C:\Users\Facu\STM32CubeIDE\workspace_1.9.0\freeRTOSHuerta\STM32F411VETX_FLASH.ld" --specs=nosys.specs -Wl,-Map="freeRTOSHuerta.map" -Wl,--gc-sections -static --specs=nano.specs -mfpu=fpv4-sp-d16 -mfloat-abi=hard -mthumb -Wl,--start-group -lc -lm -Wl,--end-group
Finished building target: freeRTOSHuerta.elf
 
arm-none-eabi-size   freeRTOSHuerta.elf 
arm-none-eabi-objdump -h -S  freeRTOSHuerta.elf  > "freeRTOSHuerta.list"
   text	   data	    bss	    dec	    hex	filename
  33676	    148	  18956	  52780	   ce2c	freeRTOSHuerta.elf
Finished building: default.size.stdout
 
Finished building: freeRTOSHuerta.list
 
19:46:17 **** Incremental Build of configuration Debug for project freeRTOSHuerta ****
make -j4 all 
arm-none-eabi-gcc "../Core/Src/main.c" -mcpu=cortex-m4 -std=gnu11 -g3 -DUSE_HAL_DRIVER -DSTM32F411xE -DDEBUG -c -I../Core/Inc -I../Drivers/STM32F4xx_HAL_Driver/Inc -I../Drivers/STM32F4xx_HAL_Driver/Inc/Legacy -I../Middlewares/Third_Party/FreeRTOS/Source/include -I../Middlewares/Third_Party/FreeRTOS/Source/CMSIS_RTOS -I../Middlewares/Third_Party/FreeRTOS/Source/portable/GCC/ARM_CM4F -I../Drivers/CMSIS/Device/ST/STM32F4xx/Include -I../Drivers/CMSIS/Include -O0 -ffunction-sections -fdata-sections -Wall -fstack-usage -MMD -MP -MF"Core/Src/main.d" -MT"Core/Src/main.o" --specs=nano.specs -mfpu=fpv4-sp-d16 -mfloat-abi=hard -mthumb -o "Core/Src/main.o"
../Core/Src/main.c: In function 'main':
../Core/Src/main.c:117:7: warning: unused variable 'rangohmax' [-Wunused-variable]
  117 |   int rangohmax = 60;            //REVISAR RANGO INICIAL DE HUMEDAD
      |       ^~~~~~~~~
../Core/Src/main.c:116:7: warning: unused variable 'rangohmin' [-Wunused-variable]
  116 |   int rangohmin = 50;
      |       ^~~~~~~~~
../Core/Src/main.c:115:7: warning: unused variable 'cortina_manual' [-Wunused-variable]
  115 |   int cortina_manual = 0;        //bandera si se presiona de manera manual la cortina
      |       ^~~~~~~~~~~~~~
../Core/Src/main.c:114:7: warning: unused variable 'estado_cortina' [-Wunused-variable]
  114 |   int estado_cortina = 0;
      |       ^~~~~~~~~~~~~~
arm-none-eabi-gcc -o "freeRTOSHuerta.elf" @"objects.list"   -mcpu=cortex-m4 -T"C:\Users\Facu\STM32CubeIDE\workspace_1.9.0\freeRTOSHuerta\STM32F411VETX_FLASH.ld" --specs=nosys.specs -Wl,-Map="freeRTOSHuerta.map" -Wl,--gc-sections -static --specs=nano.specs -mfpu=fpv4-sp-d16 -mfloat-abi=hard -mthumb -Wl,--start-group -lc -lm -Wl,--end-group
Finished building target: freeRTOSHuerta.elf
 
arm-none-eabi-size   freeRTOSHuerta.elf 
arm-none-eabi-objdump -h -S  freeRTOSHuerta.elf  > "freeRTOSHuerta.list"
   text	   data	    bss	    dec	    hex	filename
  33760	    148	  18956	  52864	   ce80	freeRTOSHuerta.elf
Finished building: default.size.stdout
 
Finished building: freeRTOSHuerta.list
 
20:20:23 **** Incremental Build of configuration Debug for project freeRTOSHuerta ****
make -j4 all 
arm-none-eabi-gcc "../Core/Src/main.c" -mcpu=cortex-m4 -std=gnu11 -g3 -DUSE_HAL_DRIVER -DSTM32F411xE -DDEBUG -c -I../Core/Inc -I../Drivers/STM32F4xx_HAL_Driver/Inc -I../Drivers/STM32F4xx_HAL_Driver/Inc/Legacy -I../Middlewares/Third_Party/FreeRTOS/Source/include -I../Middlewares/Third_Party/FreeRTOS/Source/CMSIS_RTOS -I../Middlewares/Third_Party/FreeRTOS/Source/portable/GCC/ARM_CM4F -I../Drivers/CMSIS/Device/ST/STM32F4xx/Include -I../Drivers/CMSIS/Include -O0 -ffunction-sections -fdata-sections -Wall -fstack-usage -MMD -MP -MF"Core/Src/main.d" -MT"Core/Src/main.o" --specs=nano.specs -mfpu=fpv4-sp-d16 -mfloat-abi=hard -mthumb -o "Core/Src/main.o"
../Core/Src/main.c: In function 'main':
../Core/Src/main.c:117:7: warning: unused variable 'rangohmax' [-Wunused-variable]
  117 |   int rangohmax = 60;            //REVISAR RANGO INICIAL DE HUMEDAD
      |       ^~~~~~~~~
../Core/Src/main.c:116:7: warning: unused variable 'rangohmin' [-Wunused-variable]
  116 |   int rangohmin = 50;
      |       ^~~~~~~~~
../Core/Src/main.c:115:7: warning: unused variable 'cortina_manual' [-Wunused-variable]
  115 |   int cortina_manual = 0;        //bandera si se presiona de manera manual la cortina
      |       ^~~~~~~~~~~~~~
../Core/Src/main.c:114:7: warning: unused variable 'estado_cortina' [-Wunused-variable]
  114 |   int estado_cortina = 0;
      |       ^~~~~~~~~~~~~~
arm-none-eabi-gcc -o "freeRTOSHuerta.elf" @"objects.list"   -mcpu=cortex-m4 -T"C:\Users\Facu\STM32CubeIDE\workspace_1.9.0\freeRTOSHuerta\STM32F411VETX_FLASH.ld" --specs=nosys.specs -Wl,-Map="freeRTOSHuerta.map" -Wl,--gc-sections -static --specs=nano.specs -mfpu=fpv4-sp-d16 -mfloat-abi=hard -mthumb -Wl,--start-group -lc -lm -Wl,--end-group
Finished building target: freeRTOSHuerta.elf
 
arm-none-eabi-size   freeRTOSHuerta.elf 
arm-none-eabi-objdump -h -S  freeRTOSHuerta.elf  > "freeRTOSHuerta.list"
   text	   data	    bss	    dec	    hex	filename
  33776	    148	  18956	  52880	   ce90	freeRTOSHuerta.elf
Finished building: default.size.stdout
 
Finished building: freeRTOSHuerta.list
 
20:22:11 **** Incremental Build of configuration Debug for project freeRTOSHuerta ****
make -j4 all 
arm-none-eabi-gcc "../Core/Src/main.c" -mcpu=cortex-m4 -std=gnu11 -g3 -DUSE_HAL_DRIVER -DSTM32F411xE -DDEBUG -c -I../Core/Inc -I../Drivers/STM32F4xx_HAL_Driver/Inc -I../Drivers/STM32F4xx_HAL_Driver/Inc/Legacy -I../Middlewares/Third_Party/FreeRTOS/Source/include -I../Middlewares/Third_Party/FreeRTOS/Source/CMSIS_RTOS -I../Middlewares/Third_Party/FreeRTOS/Source/portable/GCC/ARM_CM4F -I../Drivers/CMSIS/Device/ST/STM32F4xx/Include -I../Drivers/CMSIS/Include -O0 -ffunction-sections -fdata-sections -Wall -fstack-usage -MMD -MP -MF"Core/Src/main.d" -MT"Core/Src/main.o" --specs=nano.specs -mfpu=fpv4-sp-d16 -mfloat-abi=hard -mthumb -o "Core/Src/main.o"
../Core/Src/main.c: In function 'main':
[...]
make -j4 all 
arm-none-eabi-gcc "../Core/Src/main.c" -mcpu=cortex-m4 -std=gnu11 -g3 -DUSE_HAL_DRIVER -DSTM32F411xE -DDEBUG -c -I../Core/Inc -I../Drivers/STM32F4xx_HAL_Driver/Inc -I../Drivers/STM32F4xx_HAL_Driver/Inc/Legacy -I../Middlewares/Third_Party/FreeRTOS/Source/include -I../Middlewares/Third_Party/FreeRTOS/Source/CMSIS_RTOS -I../Middlewares/Third_Party/FreeRTOS/Source/portable/GCC/ARM_CM4F -I../Drivers/CMSIS/Device/ST/STM32F4xx/Include -I../Drivers/CMSIS/Include -O0 -ffunction-sections -fdata-sections -Wall -fstack-usage -MMD -MP -MF"Core/Src/main.d" -MT"Core/Src/main.o" --specs=nano.specs -mfpu=fpv4-sp-d16 -mfloat-abi=hard -mthumb -o "Core/Src/main.o"
In file included from ../Core/Src/main.c:22:
../Core/Src/main.c: In function 'main':
../Middlewares/Third_Party/FreeRTOS/Source/CMSIS_RTOS/cmsis_os.h:416:10: warning: initialization of 'void (*)(const void *)' from incompatible pointer type 'void (*)(const void *, int,  int,  int,  int)' [-Wincompatible-pointer-types]
  416 | { #name, (thread), (priority), (instances), (stacksz), NULL, NULL }
      |          ^
../Core/Src/main.c:153:3: note: in expansion of macro 'osThreadDef'
  153 |   osThreadDef(Task4, StartTask4, osPriorityHigh, 0, 128);
      |   ^~~~~~~~~~~
../Middlewares/Third_Party/FreeRTOS/Source/CMSIS_RTOS/cmsis_os.h:416:10: note: (near initialization for 'os_thread_def_Task4.pthread')
  416 | { #name, (thread), (priority), (instances), (stacksz), NULL, NULL }
      |          ^
../Core/Src/main.c:153:3: note: in expansion of macro 'osThreadDef'
  153 |   osThreadDef(Task4, StartTask4, osPriorityHigh, 0, 128);
      |   ^~~~~~~~~~~
../Core/Src/main.c:117:7: warning: unused variable 'rangohmax' [-Wunused-variable]
  117 |   int rangohmax = 60;            //REVISAR RANGO INICIAL DE HUMEDAD
      |       ^~~~~~~~~
../Core/Src/main.c:116:7: warning: unused variable 'rangohmin' [-Wunused-variable]
  116 |   int rangohmin = 50;
      |       ^~~~~~~~~
../Core/Src/main.c:115:7: warning: unused variable 'cortina_manual' [-Wunused-variable]
  115 |   int cortina_manual = 0;        //bandera si se presiona de manera manual la cortina
      |       ^~~~~~~~~~~~~~
../Core/Src/main.c:114:7: warning: unused variable 'estado_cortina' [-Wunused-variable]
  114 |   int estado_cortina = 0;
      |       ^~~~~~~~~~~~~~
arm-none-eabi-gcc -o "freeRTOSHuerta.elf" @"objects.list"   -mcpu=cortex-m4 -T"C:\Users\Facu\STM32CubeIDE\workspace_1.9.0\freeRTOSHuerta\STM32F411VETX_FLASH.ld" --specs=nosys.specs -Wl,-Map="freeRTOSHuerta.map" -Wl,--gc-sections -static --specs=nano.specs -mfpu=fpv4-sp-d16 -mfloat-abi=hard -mthumb -Wl,--start-group -lc -lm -Wl,--end-group
Finished building target: freeRTOSHuerta.elf
 
arm-none-eabi-size   freeRTOSHuerta.elf 
arm-none-eabi-objdump -h -S  freeRTOSHuerta.elf  > "freeRTOSHuerta.list"
   text	   data	    bss	    dec	    hex	filename
  36688	    148	  18972	  55808	   da00	freeRTOSHuerta.elf
Finished building: default.size.stdout
 
Finished building: freeRTOSHuerta.list
 
23:48:13 **** Incremental Build of configuration Debug for project freeRTOSHuerta ****
make -j4 all 
arm-none-eabi-gcc "../Core/Src/main.c" -mcpu=cortex-m4 -std=gnu11 -g3 -DUSE_HAL_DRIVER -DSTM32F411xE -DDEBUG -c -I../Core/Inc -I../Drivers/STM32F4xx_HAL_Driver/Inc -I../Drivers/STM32F4xx_HAL_Driver/Inc/Legacy -I../Middlewares/Third_Party/FreeRTOS/Source/include -I../Middlewares/Third_Party/FreeRTOS/Source/CMSIS_RTOS -I../Middlewares/Third_Party/FreeRTOS/Source/portable/GCC/ARM_CM4F -I../Drivers/CMSIS/Device/ST/STM32F4xx/Include -I../Drivers/CMSIS/Include -O0 -ffunction-sections -fdata-sections -Wall -fstack-usage -MMD -MP -MF"Core/Src/main.d" -MT"Core/Src/main.o" --specs=nano.specs -mfpu=fpv4-sp-d16 -mfloat-abi=hard -mthumb -o "Core/Src/main.o"
In file included from ../Core/Src/main.c:22:
../Core/Src/main.c: In function 'main':
../Middlewares/Third_Party/FreeRTOS/Source/CMSIS_RTOS/cmsis_os.h:416:10: warning: initialization of 'void (*)(const void *)' from incompatible pointer type 'void (*)(const void *, int,  int,  int,  int)' [-Wincompatible-pointer-types]
  416 | { #name, (thread), (priority), (instances), (stacksz), NULL, NULL }
      |          ^
../Core/Src/main.c:153:3: note: in expansion of macro 'osThreadDef'
  153 |   osThreadDef(Task4, StartTask4, osPriorityHigh, 0, 128);
      |   ^~~~~~~~~~~
../Middlewares/Third_Party/FreeRTOS/Source/CMSIS_RTOS/cmsis_os.h:416:10: note: (near initialization for 'os_thread_def_Task4.pthread')
  416 | { #name, (thread), (priority), (instances), (stacksz), NULL, NULL }
      |          ^
../Core/Src/main.c:153:3: note: in expansion of macro 'osThreadDef'
  153 |   osThreadDef(Task4, StartTask4, osPriorityHigh, 0, 128);
      |   ^~~~~~~~~~~
../Core/Src/main.c:117:7: warning: unused variable 'rangohmax' [-Wunused-variable]
  117 |   int rangohmax = 60;            //REVISAR RANGO INICIAL DE HUMEDAD
      |       ^~~~~~~~~
../Core/Src/main.c:116:7: warning: unused variable 'rangohmin' [-Wunused-variable]
  116 |   int rangohmin = 50;
      |       ^~~~~~~~~
../Core/Src/main.c:115:7: warning: unused variable 'cortina_manual' [-Wunused-variable]
  115 |   int cortina_manual = 0;        //bandera si se presiona de manera manual la cortina
      |       ^~~~~~~~~~~~~~
../Core/Src/main.c:114:7: warning: unused variable 'estado_cortina' [-Wunused-variable]
  114 |   int estado_cortina = 0;
      |       ^~~~~~~~~~~~~~
arm-none-eabi-gcc -o "freeRTOSHuerta.elf" @"objects.list"   -mcpu=cortex-m4 -T"C:\Users\Facu\STM32CubeIDE\workspace_1.9.0\freeRTOSHuerta\STM32F411VETX_FLASH.ld" --specs=nosys.specs -Wl,-Map="freeRTOSHuerta.map" -Wl,--gc-sections -static --specs=nano.specs -mfpu=fpv4-sp-d16 -mfloat-abi=hard -mthumb -Wl,--start-group -lc -lm -Wl,--end-group
Finished building target: freeRTOSHuerta.elf
 
arm-none-eabi-size   freeRTOSHuerta.elf 
arm-none-eabi-objdump -h -S  freeRTOSHuerta.elf  > "freeRTOSHuerta.list"
   text	   data	    bss	    dec	    hex	filename
  36592	    148	  18972	  55712	   d9a0	freeRTOSHuerta.elf
Finished building: default.size.stdout
 
Finished building: freeRTOSHuerta.list
 
23:49:16 **** Incremental Build of configuration Debug for project freeRTOSHuerta ****
make -j4 all 
arm-none-eabi-gcc "../Core/Src/bsp.c" -mcpu=cortex-m4 -std=gnu11 -g3 -DUSE_HAL_DRIVER -DSTM32F411xE -DDEBUG -c -I../Core/Inc -I../Drivers/STM32F4xx_HAL_Driver/Inc -I../Drivers/STM32F4xx_HAL_Driver/Inc/Legacy -I../Middlewares/Third_Party/FreeRTOS/Source/include -I../Middlewares/Third_Party/FreeRTOS/Source/CMSIS_RTOS -I../Middlewares/Third_Party/FreeRTOS/Source/portable/GCC/ARM_CM4F -I../Drivers/CMSIS/Device/ST/STM32F4xx/Include -I../Drivers/CMSIS/Include -O0 -ffunction-sections -fdata-sections -Wall -fstack-usage -MMD -MP -MF"Core/Src/bsp.d" -MT"Core/Src/bsp.o" --specs=nano.specs -mfpu=fpv4-sp-d16 -mfloat-abi=hard -mthumb -o "Core/Src/bsp.o"
arm-none-eabi-gcc -o "freeRTOSHuerta.elf" @"objects.list"   -mcpu=cortex-m4 -T"C:\Users\Facu\STM32CubeIDE\workspace_1.9.0\freeRTOSHuerta\STM32F411VETX_FLASH.ld" --specs=nosys.specs -Wl,-Map="freeRTOSHuerta.map" -Wl,--gc-sections -static --specs=nano.specs -mfpu=fpv4-sp-d16 -mfloat-abi=hard -mthumb -Wl,--start-group -lc -lm -Wl,--end-group
Finished building target: freeRTOSHuerta.elf
 
arm-none-eabi-size   freeRTOSHuerta.elf 
arm-none-eabi-objdump -h -S  freeRTOSHuerta.elf  > "freeRTOSHuerta.list"
   text	   data	    bss	    dec	    hex	filename
  36576	    148	  18972	  55696	   d990	freeRTOSHuerta.elf
Finished building: default.size.stdout
 
Finished building: freeRTOSHuerta.list
 
23:50:13 **** Incremental Build of configuration Debug for project freeRTOSHuerta ****
make -j4 all 
arm-none-eabi-gcc "../Core/Src/main.c" -mcpu=cortex-m4 -std=gnu11 -g3 -DUSE_HAL_DRIVER -DSTM32F411xE -DDEBUG -c -I../Core/Inc -I../Drivers/STM32F4xx_HAL_Driver/Inc -I../Drivers/STM32F4xx_HAL_Driver/Inc/Legacy -I../Middlewares/Third_Party/FreeRTOS/Source/include -I../Middlewares/Third_Party/FreeRTOS/Source/CMSIS_RTOS -I../Middlewares/Third_Party/FreeRTOS/Source/portable/GCC/ARM_CM4F -I../Drivers/CMSIS/Device/ST/STM32F4xx/Include -I../Drivers/CMSIS/Include -O0 -ffunction-sections -fdata-sections -Wall -fstack-usage -MMD -MP -MF"Core/Src/main.d" -MT"Core/Src/main.o" --specs=nano.specs -mfpu=fpv4-sp-d16 -mfloat-abi=hard -mthumb -o "Core/Src/main.o"
In file included from ../Core/Src/main.c:22:
../Core/Src/main.c: In function 'main':
../Middlewares/Third_Party/FreeRTOS/Source/CMSIS_RTOS/cmsis_os.h:416:10: warning: initialization of 'void (*)(const void *)' from incompatible pointer type 'void (*)(const void *, int,  int,  int,  int)' [-Wincompatible-pointer-types]
  416 | { #name, (thread), (priority), (instances), (stacksz), NULL, NULL }
      |          ^
../Core/Src/main.c:153:3: note: in expansion of macro 'osThreadDef'
  153 |   osThreadDef(Task4, StartTask4, osPriorityHigh, 0, 128);
      |   ^~~~~~~~~~~
../Middlewares/Third_Party/FreeRTOS/Source/CMSIS_RTOS/cmsis_os.h:416:10: note: (near initialization for 'os_thread_def_Task4.pthread')
  416 | { #name, (thread), (priority), (instances), (stacksz), NULL, NULL }
      |          ^
../Core/Src/main.c:153:3: note: in expansion of macro 'osThreadDef'
  153 |   osThreadDef(Task4, StartTask4, osPriorityHigh, 0, 128);
      |   ^~~~~~~~~~~
../Core/Src/main.c:117:7: warning: unused variable 'rangohmax' [-Wunused-variable]
  117 |   int rangohmax = 60;            //REVISAR RANGO INICIAL DE HUMEDAD
      |       ^~~~~~~~~
../Core/Src/main.c:116:7: warning: unused variable 'rangohmin' [-Wunused-variable]
  116 |   int rangohmin = 50;
      |       ^~~~~~~~~
../Core/Src/main.c:115:7: warning: unused variable 'cortina_manual' [-Wunused-variable]
  115 |   int cortina_manual = 0;        //bandera si se presiona de manera manual la cortina
      |       ^~~~~~~~~~~~~~
../Core/Src/main.c:114:7: warning: unused variable 'estado_cortina' [-Wunused-variable]
  114 |   int estado_cortina = 0;
      |       ^~~~~~~~~~~~~~
arm-none-eabi-gcc -o "freeRTOSHuerta.elf" @"objects.list"   -mcpu=cortex-m4 -T"C:\Users\Facu\STM32CubeIDE\workspace_1.9.0\freeRTOSHuerta\STM32F411VETX_FLASH.ld" --specs=nosys.specs -Wl,-Map="freeRTOSHuerta.map" -Wl,--gc-sections -static --specs=nano.specs -mfpu=fpv4-sp-d16 -mfloat-abi=hard -mthumb -Wl,--start-group -lc -lm -Wl,--end-group
Finished building target: freeRTOSHuerta.elf
 
arm-none-eabi-size   freeRTOSHuerta.elf 
arm-none-eabi-objdump -h -S  freeRTOSHuerta.elf  > "freeRTOSHuerta.list"
   text	   data	    bss	    dec	    hex	filename
  36688	    148	  18972	  55808	   da00	freeRTOSHuerta.elf
Finished building: default.size.stdout
 
Finished building: freeRTOSHuerta.list
 
23:51:14 **** Incremental Build of configuration Debug for project freeRTOSHuerta ****
make -j4 all 
arm-none-eabi-gcc "../Core/Src/bsp.c" -mcpu=cortex-m4 -std=gnu11 -g3 -DUSE_HAL_DRIVER -DSTM32F411xE -DDEBUG -c -I../Core/Inc -I../Drivers/STM32F4xx_HAL_Driver/Inc -I../Drivers/STM32F4xx_HAL_Driver/Inc/Legacy -I../Middlewares/Third_Party/FreeRTOS/Source/include -I../Middlewares/Third_Party/FreeRTOS/Source/CMSIS_RTOS -I../Middlewares/Third_Party/FreeRTOS/Source/portable/GCC/ARM_CM4F -I../Drivers/CMSIS/Device/ST/STM32F4xx/Include -I../Drivers/CMSIS/Include -O0 -ffunction-sections -fdata-sections -Wall -fstack-usage -MMD -MP -MF"Core/Src/bsp.d" -MT"Core/Src/bsp.o" --specs=nano.specs -mfpu=fpv4-sp-d16 -mfloat-abi=hard -mthumb -o "Core/Src/bsp.o"
arm-none-eabi-gcc -o "freeRTOSHuerta.elf" @"objects.list"   -mcpu=cortex-m4 -T"C:\Users\Facu\STM32CubeIDE\workspace_1.9.0\freeRTOSHuerta\STM32F411VETX_FLASH.ld" --specs=nosys.specs -Wl,-Map="freeRTOSHuerta.map" -Wl,--gc-sections -static --specs=nano.specs -mfpu=fpv4-sp-d16 -mfloat-abi=hard -mthumb -Wl,--start-group -lc -lm -Wl,--end-group
Finished building target: freeRTOSHuerta.elf
 
arm-none-eabi-size   freeRTOSHuerta.elf 
arm-none-eabi-objdump -h -S  freeRTOSHuerta.elf  > "freeRTOSHuerta.list"
   text	   data	    bss	    dec	    hex	filename
  36672	    148	  18972	  55792	   d9f0	freeRTOSHuerta.elf
Finished building: default.size.stdout
 
Finished building: freeRTOSHuerta.list
 
00:34:19 **** Incremental Build of configuration Debug for project freeRTOSHuerta ****
make -j4 all 
arm-none-eabi-gcc "../Core/Src/main.c" -mcpu=cortex-m4 -std=gnu11 -g3 -DUSE_HAL_DRIVER -DSTM32F411xE -DDEBUG -c -I../Core/Inc -I../Drivers/STM32F4xx_HAL_Driver/Inc -I../Drivers/STM32F4xx_HAL_Driver/Inc/Legacy -I../Middlewares/Third_Party/FreeRTOS/Source/include -I../Middlewares/Third_Party/FreeRTOS/Source/CMSIS_RTOS -I../Middlewares/Third_Party/FreeRTOS/Source/portable/GCC/ARM_CM4F -I../Drivers/CMSIS/Device/ST/STM32F4xx/Include -I../Drivers/CMSIS/Include -O0 -ffunction-sections -fdata-sections -Wall -fstack-usage -MMD -MP -MF"Core/Src/main.d" -MT"Core/Src/main.o" --specs=nano.specs -mfpu=fpv4-sp-d16 -mfloat-abi=hard -mthumb -o "Core/Src/main.o"
In file included from ../Core/Src/main.c:22:
../Core/Src/main.c: In function 'main':
../Middlewares/Third_Party/FreeRTOS/Source/CMSIS_RTOS/cmsis_os.h:416:10: warning: initialization of 'void (*)(const void *)' from incompatible pointer type 'void (*)(const void *, int,  int)' [-Wincompatible-pointer-types]
  416 | { #name, (thread), (priority), (instances), (stacksz), NULL, NULL }
      |          ^
../Core/Src/main.c:150:3: note: in expansion of macro 'osThreadDef'
  150 |   osThreadDef(Task3, StartTask3, osPriorityNormal, 0, 128);
      |   ^~~~~~~~~~~
../Middlewares/Third_Party/FreeRTOS/Source/CMSIS_RTOS/cmsis_os.h:416:10: note: (near initialization for 'os_thread_def_Task3.pthread')
  416 | { #name, (thread), (priority), (instances), (stacksz), NULL, NULL }
      |          ^
../Core/Src/main.c:150:3: note: in expansion of macro 'osThreadDef'
  150 |   osThreadDef(Task3, StartTask3, osPriorityNormal, 0, 128);
      |   ^~~~~~~~~~~
../Middlewares/Third_Party/FreeRTOS/Source/CMSIS_RTOS/cmsis_os.h:416:10: warning: initialization of 'void (*)(const void *)' from incompatible pointer type 'void (*)(const void *, int,  int,  int,  int)' [-Wincompatible-pointer-types]
  416 | { #name, (thread), (priority), (instances), (stacksz), NULL, NULL }
      |          ^
../Core/Src/main.c:153:3: note: in expansion of macro 'osThreadDef'
  153 |   osThreadDef(Task4, StartTask4, osPriorityHigh, 0, 128);
      |   ^~~~~~~~~~~
../Middlewares/Third_Party/FreeRTOS/Source/CMSIS_RTOS/cmsis_os.h:416:10: note: (near initialization for 'os_thread_def_Task4.pthread')
  416 | { #name, (thread), (priority), (instances), (stacksz), NULL, NULL }
      |          ^
../Core/Src/main.c:153:3: note: in expansion of macro 'osThreadDef'
  153 |   osThreadDef(Task4, StartTask4, osPriorityHigh, 0, 128);
      |   ^~~~~~~~~~~
../Core/Src/main.c:117:7: warning: unused variable 'rangohmax' [-Wunused-variable]
  117 |   int rangohmax = 60;            //REVISAR RANGO INICIAL DE HUMEDAD
      |       ^~~~~~~~~
../Core/Src/main.c:116:7: warning: unused variable 'rangohmin' [-Wunused-variable]
  116 |   int rangohmin = 50;
      |       ^~~~~~~~~
../Core/Src/main.c:115:7: warning: unused variable 'cortina_manual' [-Wunused-variable]
  115 |   int cortina_manual = 0;        //bandera si se presiona de manera manual la cortina
      |       ^~~~~~~~~~~~~~
../Core/Src/main.c:114:7: warning: unused variable 'estado_cortina' [-Wunused-variable]
  114 |   int estado_cortina = 0;
      |       ^~~~~~~~~~~~~~
arm-none-eabi-gcc -o "freeRTOSHuerta.elf" @"objects.list"   -mcpu=cortex-m4 -T"C:\Users\Facu\STM32CubeIDE\workspace_1.9.0\freeRTOSHuerta\STM32F411VETX_FLASH.ld" --specs=nosys.specs -Wl,-Map="freeRTOSHuerta.map" -Wl,--gc-sections -static --specs=nano.specs -mfpu=fpv4-sp-d16 -mfloat-abi=hard -mthumb -Wl,--start-group -lc -lm -Wl,--end-group
Finished building target: freeRTOSHuerta.elf
 
arm-none-eabi-size   freeRTOSHuerta.elf 
arm-none-eabi-objdump -h -S  freeRTOSHuerta.elf  > "freeRTOSHuerta.list"
   text	   data	    bss	    dec	    hex	filename
  36912	    148	  18972	  56032	   dae0	freeRTOSHuerta.elf
Finished building: default.size.stdout
 
Finished building: freeRTOSHuerta.list
 
00:54:18 **** Incremental Build of configuration Debug for project freeRTOSHuerta ****
make -j4 all 
arm-none-eabi-gcc "../Core/Src/main.c" -mcpu=cortex-m4 -std=gnu11 -g3 -DUSE_HAL_DRIVER -DSTM32F411xE -DDEBUG -c -I../Core/Inc -I../Drivers/STM32F4xx_HAL_Driver/Inc -I../Drivers/STM32F4xx_HAL_Driver/Inc/Legacy -I../Middlewares/Third_Party/FreeRTOS/Source/include -I../Middlewares/Third_Party/FreeRTOS/Source/CMSIS_RTOS -I../Middlewares/Third_Party/FreeRTOS/Source/portable/GCC/ARM_CM4F -I../Drivers/CMSIS/Device/ST/STM32F4xx/Include -I../Drivers/CMSIS/Include -O0 -ffunction-sections -fdata-sections -Wall -fstack-usage -MMD -MP -MF"Core/Src/main.d" -MT"Core/Src/main.o" --specs=nano.specs -mfpu=fpv4-sp-d16 -mfloat-abi=hard -mthumb -o "Core/Src/main.o"
In file included from ../Core/Src/main.c:22:
../Core/Src/main.c: In function 'main':
../Middlewares/Third_Party/FreeRTOS/Source/CMSIS_RTOS/cmsis_os.h:416:10: warning: initialization of 'void (*)(const void *)' from incompatible pointer type 'void (*)(const void *, int,  int)' [-Wincompatible-pointer-types]
  416 | { #name, (thread), (priority), (instances), (stacksz), NULL, NULL }
      |          ^
../Core/Src/main.c:150:3: note: in expansion of macro 'osThreadDef'
  150 |   osThreadDef(Task3, StartTask3, osPriorityNormal, 0, 128);
      |   ^~~~~~~~~~~
../Middlewares/Third_Party/FreeRTOS/Source/CMSIS_RTOS/cmsis_os.h:416:10: note: (near initialization for 'os_thread_def_Task3.pthread')
  416 | { #name, (thread), (priority), (instances), (stacksz), NULL, NULL }
      |          ^
../Core/Src/main.c:150:3: note: in expansion of macro 'osThreadDef'
  150 |   osThreadDef(Task3, StartTask3, osPriorityNormal, 0, 128);
      |   ^~~~~~~~~~~
../Middlewares/Third_Party/FreeRTOS/Source/CMSIS_RTOS/cmsis_os.h:416:10: warning: initialization of 'void (*)(const void *)' from incompatible pointer type 'void (*)(const void *, int,  int,  int,  int)' [-Wincompatible-pointer-types]
  416 | { #name, (thread), (priority), (instances), (stacksz), NULL, NULL }
      |          ^
../Core/Src/main.c:153:3: note: in expansion of macro 'osThreadDef'
  153 |   osThreadDef(Task4, StartTask4, osPriorityHigh, 0, 128);
      |   ^~~~~~~~~~~
../Middlewares/Third_Party/FreeRTOS/Source/CMSIS_RTOS/cmsis_os.h:416:10: note: (near initialization for 'os_thread_def_Task4.pthread')
  416 | { #name, (thread), (priority), (instances), (stacksz), NULL, NULL }
      |          ^
../Core/Src/main.c:153:3: note: in expansion of macro 'osThreadDef'
  153 |   osThreadDef(Task4, StartTask4, osPriorityHigh, 0, 128);
      |   ^~~~~~~~~~~
../Core/Src/main.c:117:7: warning: unused variable 'rangohmax' [-Wunused-variable]
  117 |   int rangohmax = 60;            //REVISAR RANGO INICIAL DE HUMEDAD
      |       ^~~~~~~~~
../Core/Src/main.c:116:7: warning: unused variable 'rangohmin' [-Wunused-variable]
  116 |   int rangohmin = 50;
      |       ^~~~~~~~~
../Core/Src/main.c:115:7: warning: unused variable 'cortina_manual' [-Wunused-variable]
  115 |   int cortina_manual = 0;        //bandera si se presiona de manera manual la cortina
      |       ^~~~~~~~~~~~~~
../Core/Src/main.c:114:7: warning: unused variable 'estado_cortina' [-Wunused-variable]
  114 |   int estado_cortina = 0;
      |       ^~~~~~~~~~~~~~
arm-none-eabi-gcc -o "freeRTOSHuerta.elf" @"objects.list"   -mcpu=cortex-m4 -T"C:\Users\Facu\STM32CubeIDE\workspace_1.9.0\freeRTOSHuerta\STM32F411VETX_FLASH.ld" --specs=nosys.specs -Wl,-Map="freeRTOSHuerta.map" -Wl,--gc-sections -static --specs=nano.specs -mfpu=fpv4-sp-d16 -mfloat-abi=hard -mthumb -Wl,--start-group -lc -lm -Wl,--end-group
Finished building target: freeRTOSHuerta.elf
 
arm-none-eabi-size   freeRTOSHuerta.elf 
arm-none-eabi-objdump -h -S  freeRTOSHuerta.elf  > "freeRTOSHuerta.list"
   text	   data	    bss	    dec	    hex	filename
  36688	    148	  18972	  55808	   da00	freeRTOSHuerta.elf
Finished building: default.size.stdout
 
Finished building: freeRTOSHuerta.list
 
